Component: ARM Compiler 5.06 update 6 (build 750) Tool: armlink [4d35ed]

==============================================================================

Section Cross References

    system_stm32f0xx.o(i.SystemCoreClockUpdate) refers to aeabi_sdiv.o(.text) for __aeabi_uidivmod
    system_stm32f0xx.o(i.SystemCoreClockUpdate) refers to system_stm32f0xx.o(.data) for .data
    system_stm32f0xx.o(i.SystemCoreClockUpdate) refers to system_stm32f0xx.o(.constdata) for .constdata
    stm32f0xx_hal.o(i.HAL_DeInit) refers to main.o(i.HAL_MspDeInit) for HAL_MspDeInit
    stm32f0xx_hal.o(i.HAL_Delay) refers to timer.o(i.HAL_GetTick) for HAL_GetTick
    stm32f0xx_hal.o(i.HAL_GetTick) refers to stm32f0xx_hal.o(.data) for .data
    stm32f0xx_hal.o(i.HAL_IncTick) refers to stm32f0xx_hal.o(.data) for .data
    stm32f0xx_hal.o(i.HAL_Init) refers to stm32f0xx_hal.o(i.HAL_InitTick) for HAL_InitTick
    stm32f0xx_hal.o(i.HAL_Init) refers to main.o(i.HAL_MspInit) for HAL_MspInit
    stm32f0xx_hal.o(i.HAL_InitTick) refers to stm32f0xx_hal_rcc.o(i.HAL_RCC_GetHCLKFreq) for HAL_RCC_GetHCLKFreq
    stm32f0xx_hal.o(i.HAL_InitTick) refers to aeabi_sdiv.o(.text) for __aeabi_uidivmod
    stm32f0xx_hal.o(i.HAL_InitTick) refers to stm32f0xx_hal_cortex.o(i.HAL_SYSTICK_Config) for HAL_SYSTICK_Config
    stm32f0xx_hal.o(i.HAL_InitTick) refers to stm32f0xx_hal_cortex.o(i.HAL_NVIC_SetPriority) for HAL_NVIC_SetPriority
    stm32f0xx_hal_can.o(i.HAL_CAN_DeInit) refers to stm32f0xx_hal_can.o(i.HAL_CAN_Stop) for HAL_CAN_Stop
    stm32f0xx_hal_can.o(i.HAL_CAN_DeInit) refers to stm32f0xx_hal_can.o(i.HAL_CAN_MspDeInit) for HAL_CAN_MspDeInit
    stm32f0xx_hal_can.o(i.HAL_CAN_IRQHandler) refers to stm32f0xx_hal_can.o(i.HAL_CAN_TxMailbox0CompleteCallback) for HAL_CAN_TxMailbox0CompleteCallback
    stm32f0xx_hal_can.o(i.HAL_CAN_IRQHandler) refers to stm32f0xx_hal_can.o(i.HAL_CAN_TxMailbox0AbortCallback) for HAL_CAN_TxMailbox0AbortCallback
    stm32f0xx_hal_can.o(i.HAL_CAN_IRQHandler) refers to stm32f0xx_hal_can.o(i.HAL_CAN_TxMailbox1CompleteCallback) for HAL_CAN_TxMailbox1CompleteCallback
    stm32f0xx_hal_can.o(i.HAL_CAN_IRQHandler) refers to stm32f0xx_hal_can.o(i.HAL_CAN_TxMailbox1AbortCallback) for HAL_CAN_TxMailbox1AbortCallback
    stm32f0xx_hal_can.o(i.HAL_CAN_IRQHandler) refers to stm32f0xx_hal_can.o(i.HAL_CAN_TxMailbox2CompleteCallback) for HAL_CAN_TxMailbox2CompleteCallback
    stm32f0xx_hal_can.o(i.HAL_CAN_IRQHandler) refers to stm32f0xx_hal_can.o(i.HAL_CAN_TxMailbox2AbortCallback) for HAL_CAN_TxMailbox2AbortCallback
    stm32f0xx_hal_can.o(i.HAL_CAN_IRQHandler) refers to stm32f0xx_hal_can.o(i.HAL_CAN_RxFifo0FullCallback) for HAL_CAN_RxFifo0FullCallback
    stm32f0xx_hal_can.o(i.HAL_CAN_IRQHandler) refers to stm32f0xx_hal_can.o(i.HAL_CAN_RxFifo0MsgPendingCallback) for HAL_CAN_RxFifo0MsgPendingCallback
    stm32f0xx_hal_can.o(i.HAL_CAN_IRQHandler) refers to stm32f0xx_hal_can.o(i.HAL_CAN_RxFifo1FullCallback) for HAL_CAN_RxFifo1FullCallback
    stm32f0xx_hal_can.o(i.HAL_CAN_IRQHandler) refers to stm32f0xx_hal_can.o(i.HAL_CAN_RxFifo1MsgPendingCallback) for HAL_CAN_RxFifo1MsgPendingCallback
    stm32f0xx_hal_can.o(i.HAL_CAN_IRQHandler) refers to stm32f0xx_hal_can.o(i.HAL_CAN_SleepCallback) for HAL_CAN_SleepCallback
    stm32f0xx_hal_can.o(i.HAL_CAN_IRQHandler) refers to stm32f0xx_hal_can.o(i.HAL_CAN_WakeUpFromRxMsgCallback) for HAL_CAN_WakeUpFromRxMsgCallback
    stm32f0xx_hal_can.o(i.HAL_CAN_IRQHandler) refers to stm32f0xx_hal_can.o(i.HAL_CAN_ErrorCallback) for HAL_CAN_ErrorCallback
    stm32f0xx_hal_can.o(i.HAL_CAN_Init) refers to stm32f0xx_hal_can.o(i.HAL_CAN_MspInit) for HAL_CAN_MspInit
    stm32f0xx_hal_can.o(i.HAL_CAN_Init) refers to timer.o(i.HAL_GetTick) for HAL_GetTick
    stm32f0xx_hal_can.o(i.HAL_CAN_Start) refers to timer.o(i.HAL_GetTick) for HAL_GetTick
    stm32f0xx_hal_can.o(i.HAL_CAN_Stop) refers to timer.o(i.HAL_GetTick) for HAL_GetTick
    stm32f0xx_hal_cortex.o(i.HAL_NVIC_SetPriority) refers to stm32f0xx_hal_cortex.o(i.NVIC_SetPriority) for NVIC_SetPriority
    stm32f0xx_hal_cortex.o(i.HAL_SYSTICK_Config) refers to stm32f0xx_hal_cortex.o(i.NVIC_SetPriority) for NVIC_SetPriority
    stm32f0xx_hal_cortex.o(i.HAL_SYSTICK_IRQHandler) refers to stm32f0xx_hal_cortex.o(i.HAL_SYSTICK_Callback) for HAL_SYSTICK_Callback
    stm32f0xx_hal_dma.o(i.DMA_CalcBaseAndBitshift) refers to aeabi_sdiv.o(.text) for __aeabi_uidivmod
    stm32f0xx_hal_dma.o(i.HAL_DMA_DeInit) refers to stm32f0xx_hal_dma.o(i.DMA_CalcBaseAndBitshift) for DMA_CalcBaseAndBitshift
    stm32f0xx_hal_dma.o(i.HAL_DMA_Init) refers to stm32f0xx_hal_dma.o(i.DMA_CalcBaseAndBitshift) for DMA_CalcBaseAndBitshift
    stm32f0xx_hal_dma.o(i.HAL_DMA_PollForTransfer) refers to timer.o(i.HAL_GetTick) for HAL_GetTick
    stm32f0xx_hal_dma.o(i.HAL_DMA_Start) refers to stm32f0xx_hal_dma.o(i.DMA_SetConfig) for DMA_SetConfig
    stm32f0xx_hal_dma.o(i.HAL_DMA_Start_IT) refers to stm32f0xx_hal_dma.o(i.DMA_SetConfig) for DMA_SetConfig
[...]
    ../clib/angel/sys.s                      0x00000000   Number         0  use_no_semi.o ABSOLUTE
    ../clib/angel/sysapp.c                   0x00000000   Number         0  sys_exit.o ABSOLUTE
    ../clib/angel/sysapp.c                   0x00000000   Number         0  sys_command.o ABSOLUTE
    ../clib/angel/sysapp.c                   0x00000000   Number         0  sys_wrch.o ABSOLUTE
    ../clib/armsys.c                         0x00000000   Number         0  _get_argv_nomalloc.o ABSOLUTE
    ../clib/armsys.c                         0x00000000   Number         0  no_argv.o ABSOLUTE
    ../clib/armsys.c                         0x00000000   Number         0  argv_veneer.o ABSOLUTE
    ../clib/division.s                       0x00000000   Number         0  aeabi_sdiv_div0.o ABSOLUTE
    ../clib/division.s                       0x00000000   Number         0  aeabi_sdiv.o ABSOLUTE
    ../clib/heapalloc.c                      0x00000000   Number         0  hrguard.o ABSOLUTE
    ../clib/heapaux.c                        0x00000000   Number         0  heapauxi.o ABSOLUTE
    ../clib/libinit.s                        0x00000000   Number         0  libshutdown.o ABSOLUTE
    ../clib/libinit.s                        0x00000000   Number         0  libshutdown2.o ABSOLUTE
    ../clib/libinit.s                        0x00000000   Number         0  libinit.o ABSOLUTE
    ../clib/libinit.s                        0x00000000   Number         0  libinit2.o ABSOLUTE
    ../clib/longlong.c                       0x00000000   Number         0  llushr.o ABSOLUTE
    ../clib/signal.c                         0x00000000   Number         0  defsig_exit.o ABSOLUTE
    ../clib/signal.c                         0x00000000   Number         0  defsig_fpe_formal.o ABSOLUTE
    ../clib/signal.c                         0x00000000   Number         0  defsig_general.o ABSOLUTE
    ../clib/signal.c                         0x00000000   Number         0  __raise.o ABSOLUTE
    ../clib/signal.c                         0x00000000   Number         0  defsig_fpe_inner.o ABSOLUTE
    ../clib/signal.c                         0x00000000   Number         0  defsig_segv_inner.o ABSOLUTE
    ../clib/signal.c                         0x00000000   Number         0  defsig_cppl_inner.o ABSOLUTE
    ../clib/signal.c                         0x00000000   Number         0  defsig_pvfn_inner.o ABSOLUTE
    ../clib/signal.c                         0x00000000   Number         0  defsig_stak_inner.o ABSOLUTE
    ../clib/signal.c                         0x00000000   Number         0  defsig_abrt_inner.o ABSOLUTE
    ../clib/signal.c                         0x00000000   Number         0  defsig_rtred_inner.o ABSOLUTE
    ../clib/signal.c                         0x00000000   Number         0  defsig_rtmem_inner.o ABSOLUTE
    ../clib/signal.c                         0x00000000   Number         0  defsig_rtmem_outer.o ABSOLUTE
    ../clib/signal.c                         0x00000000   Number         0  defsig_other.o ABSOLUTE
    ../clib/signal.c                         0x00000000   Number         0  defsig_fpe_outer.o ABSOLUTE
    ../clib/signal.c                         0x00000000   Number         0  defsig_rtmem_formal.o ABSOLUTE
    ../clib/signal.s                         0x00000000   Number         0  defsig.o ABSOLUTE
    ../clib/stdlib.c                         0x00000000   Number         0  exit.o ABSOLUTE
    ../fplib/cfplib/fpinit.c                 0x00000000   Number         0  fpinit.o ABSOLUTE
    ..\..\..\..\Source\ARMCM0_STM32F0\Keil\cpu_comp.c 0x00000000   Number         0  cpu_comp.o ABSOLUTE
    ..\..\..\..\Source\ARMCM0_STM32F0\can.c  0x00000000   Number         0  can.o ABSOLUTE
    ..\..\..\..\Source\ARMCM0_STM32F0\cpu.c  0x00000000   Number         0  cpu.o ABSOLUTE
    ..\..\..\..\Source\ARMCM0_STM32F0\flash.c 0x00000000   Number         0  flash.o ABSOLUTE
    ..\..\..\..\Source\ARMCM0_STM32F0\nvm.c  0x00000000   Number         0  nvm.o ABSOLUTE
    ..\..\..\..\Source\ARMCM0_STM32F0\rs232.c 0x00000000   Number         0  rs232.o ABSOLUTE
    ..\..\..\..\Source\ARMCM0_STM32F0\timer.c 0x00000000   Number         0  timer.o ABSOLUTE
    ..\..\..\..\Source\assert.c              0x00000000   Number         0  assert.o ABSOLUTE
    ..\..\..\..\Source\backdoor.c            0x00000000   Number         0  backdoor.o ABSOLUTE
    ..\..\..\..\Source\boot.c                0x00000000   Number         0  boot.o ABSOLUTE
    ..\..\..\..\Source\com.c                 0x00000000   Number         0  com.o ABSOLUTE
    ..\..\..\..\Source\cop.c                 0x00000000   Number         0  cop.o ABSOLUTE
    ..\..\..\..\Source\file.c                0x00000000   Number         0  file.o ABSOLUTE
    ..\..\..\..\Source\net.c                 0x00000000   Number         0  net.o ABSOLUTE
    ..\..\..\..\Source\xcp.c                 0x00000000   Number         0  xcp.o ABSOLUTE
    ..\\..\\..\\..\\Source\\ARMCM0_STM32F0\\can.c 0x00000000   Number         0  can.o ABSOLUTE
    ..\\..\\..\\..\\Source\\ARMCM0_STM32F0\\cpu.c 0x00000000   Number         0  cpu.o ABSOLUTE
    ..\\..\\..\\..\\Source\\ARMCM0_STM32F0\\flash.c 0x00000000   Number         0  flash.o ABSOLUTE
    ..\\..\\..\\..\\Source\\ARMCM0_STM32F0\\rs232.c 0x00000000   Number         0  rs232.o ABSOLUTE
    ..\\..\\..\\..\\Source\\ARMCM0_STM32F0\\timer.c 0x00000000   Number         0  timer.o ABSOLUTE
    ..\\hooks.c                              0x00000000   Number         0  hooks.o ABSOLUTE
    ..\\led.c                                0x00000000   Number         0  led.o ABSOLUTE
    ..\\lib\\STM32F0xx_HAL_Driver\\Src\\stm32f0xx_hal.c 0x00000000   Number         0  stm32f0xx_hal.o ABSOLUTE
    ..\\lib\\STM32F0xx_HAL_Driver\\Src\\stm32f0xx_hal_can.c 0x00000000   Number         0  stm32f0xx_hal_can.o ABSOLUTE
    ..\\lib\\STM32F0xx_HAL_Driver\\Src\\stm32f0xx_hal_cortex.c 0x00000000   Number         0  stm32f0xx_hal_cortex.o ABSOLUTE
    ..\\lib\\STM32F0xx_HAL_Driver\\Src\\stm32f0xx_hal_dma.c 0x00000000   Number         0  stm32f0xx_hal_dma.o ABSOLUTE
    ..\\lib\\STM32F0xx_HAL_Driver\\Src\\stm32f0xx_hal_flash.c 0x00000000   Number         0  stm32f0xx_hal_flash.o ABSOLUTE
    ..\\lib\\STM32F0xx_HAL_Driver\\Src\\stm32f0xx_hal_flash_ex.c 0x00000000   Number         0  stm32f0xx_hal_flash_ex.o ABSOLUTE
    ..\\lib\\STM32F0xx_HAL_Driver\\Src\\stm32f0xx_hal_gpio.c 0x00000000   Number         0  stm32f0xx_hal_gpio.o ABSOLUTE
    ..\\lib\\STM32F0xx_HAL_Driver\\Src\\stm32f0xx_hal_i2c.c 0x00000000   Number         0  stm32f0xx_hal_i2c.o ABSOLUTE
    ..\\lib\\STM32F0xx_HAL_Driver\\Src\\stm32f0xx_hal_i2c_ex.c 0x00000000   Number         0  stm32f0xx_hal_i2c_ex.o ABSOLUTE
    ..\\lib\\STM32F0xx_HAL_Driver\\Src\\stm32f0xx_hal_pwr.c 0x00000000   Number         0  stm32f0xx_hal_pwr.o ABSOLUTE
    ..\\lib\\STM32F0xx_HAL_Driver\\Src\\stm32f0xx_hal_pwr_ex.c 0x00000000   Number         0  stm32f0xx_hal_pwr_ex.o ABSOLUTE
    ..\\lib\\STM32F0xx_HAL_Driver\\Src\\stm32f0xx_hal_rcc.c 0x00000000   Number         0  stm32f0xx_hal_rcc.o ABSOLUTE
    ..\\lib\\STM32F0xx_HAL_Driver\\Src\\stm32f0xx_hal_rcc_ex.c 0x00000000   Number         0  stm32f0xx_hal_rcc_ex.o ABSOLUTE
    ..\\lib\\STM32F0xx_HAL_Driver\\Src\\stm32f0xx_hal_tim.c 0x00000000   Number         0  stm32f0xx_hal_tim.o ABSOLUTE
    ..\\lib\\STM32F0xx_HAL_Driver\\Src\\stm32f0xx_hal_tim_ex.c 0x00000000   Number         0  stm32f0xx_hal_tim_ex.o ABSOLUTE
    ..\\lib\\STM32F0xx_HAL_Driver\\Src\\stm32f0xx_ll_dma.c 0x00000000   Number         0  stm32f0xx_ll_dma.o ABSOLUTE
    ..\\lib\\STM32F0xx_HAL_Driver\\Src\\stm32f0xx_ll_exti.c 0x00000000   Number         0  stm32f0xx_ll_exti.o ABSOLUTE
    ..\\lib\\STM32F0xx_HAL_Driver\\Src\\stm32f0xx_ll_gpio.c 0x00000000   Number         0  stm32f0xx_ll_gpio.o ABSOLUTE
    ..\\lib\\STM32F0xx_HAL_Driver\\Src\\stm32f0xx_ll_rcc.c 0x00000000   Number         0  stm32f0xx_ll_rcc.o ABSOLUTE
    ..\\lib\\STM32F0xx_HAL_Driver\\Src\\stm32f0xx_ll_usart.c 0x00000000   Number         0  stm32f0xx_ll_usart.o ABSOLUTE
    ..\\lib\\STM32F0xx_HAL_Driver\\Src\\stm32f0xx_ll_utils.c 0x00000000   Number         0  stm32f0xx_ll_utils.o ABSOLUTE
    ..\\lib\\system_stm32f0xx.c              0x00000000   Number         0  system_stm32f0xx.o ABSOLUTE
    ..\\main.c                               0x00000000   Number         0  main.o ABSOLUTE
    ..\hooks.c                               0x00000000   Number         0  hooks.o ABSOLUTE
    ..\led.c                                 0x00000000   Number         0  led.o ABSOLUTE
    ..\lib\STM32F0xx_HAL_Driver\Src\stm32f0xx_hal.c 0x00000000   Number         0  stm32f0xx_hal.o ABSOLUTE
    ..\lib\STM32F0xx_HAL_Driver\Src\stm32f0xx_hal_can.c 0x00000000   Number         0  stm32f0xx_hal_can.o ABSOLUTE
    ..\lib\STM32F0xx_HAL_Driver\Src\stm32f0xx_hal_cortex.c 0x00000000   Number         0  stm32f0xx_hal_cortex.o ABSOLUTE
    ..\lib\STM32F0xx_HAL_Driver\Src\stm32f0xx_hal_dma.c 0x00000000   Number         0  stm32f0xx_hal_dma.o ABSOLUTE
    ..\lib\STM32F0xx_HAL_Driver\Src\stm32f0xx_hal_flash.c 0x00000000   Number         0  stm32f0xx_hal_flash.o ABSOLUTE
    ..\lib\STM32F0xx_HAL_Driver\Src\stm32f0xx_hal_flash_ex.c 0x00000000   Number         0  stm32f0xx_hal_flash_ex.o ABSOLUTE
    ..\lib\STM32F0xx_HAL_Driver\Src\stm32f0xx_hal_gpio.c 0x00000000   Number         0  stm32f0xx_hal_gpio.o ABSOLUTE
    ..\lib\STM32F0xx_HAL_Driver\Src\stm32f0xx_hal_i2c.c 0x00000000   Number         0  stm32f0xx_hal_i2c.o ABSOLUTE
    ..\lib\STM32F0xx_HAL_Driver\Src\stm32f0xx_hal_i2c_ex.c 0x00000000   Number         0  stm32f0xx_hal_i2c_ex.o ABSOLUTE
    ..\lib\STM32F0xx_HAL_Driver\Src\stm32f0xx_hal_pwr.c 0x00000000   Number         0  stm32f0xx_hal_pwr.o ABSOLUTE
    ..\lib\STM32F0xx_HAL_Driver\Src\stm32f0xx_hal_pwr_ex.c 0x00000000   Number         0  stm32f0xx_hal_pwr_ex.o ABSOLUTE
    ..\lib\STM32F0xx_HAL_Driver\Src\stm32f0xx_hal_rcc.c 0x00000000   Number         0  stm32f0xx_hal_rcc.o ABSOLUTE
    ..\lib\STM32F0xx_HAL_Driver\Src\stm32f0xx_hal_rcc_ex.c 0x00000000   Number         0  stm32f0xx_hal_rcc_ex.o ABSOLUTE
    ..\lib\STM32F0xx_HAL_Driver\Src\stm32f0xx_hal_tim.c 0x00000000   Number         0  stm32f0xx_hal_tim.o ABSOLUTE
    ..\lib\STM32F0xx_HAL_Driver\Src\stm32f0xx_hal_tim_ex.c 0x00000000   Number         0  stm32f0xx_hal_tim_ex.o ABSOLUTE
    ..\lib\STM32F0xx_HAL_Driver\Src\stm32f0xx_ll_dma.c 0x00000000   Number         0  stm32f0xx_ll_dma.o ABSOLUTE
    ..\lib\STM32F0xx_HAL_Driver\Src\stm32f0xx_ll_exti.c 0x00000000   Number         0  stm32f0xx_ll_exti.o ABSOLUTE
    ..\lib\STM32F0xx_HAL_Driver\Src\stm32f0xx_ll_gpio.c 0x00000000   Number         0  stm32f0xx_ll_gpio.o ABSOLUTE
    ..\lib\STM32F0xx_HAL_Driver\Src\stm32f0xx_ll_rcc.c 0x00000000   Number         0  stm32f0xx_ll_rcc.o ABSOLUTE
    ..\lib\STM32F0xx_HAL_Driver\Src\stm32f0xx_ll_usart.c 0x00000000   Number         0  stm32f0xx_ll_usart.o ABSOLUTE
    ..\lib\STM32F0xx_HAL_Driver\Src\stm32f0xx_ll_utils.c 0x00000000   Number         0  stm32f0xx_ll_utils.o ABSOLUTE
    ..\lib\system_stm32f0xx.c                0x00000000   Number         0  system_stm32f0xx.o ABSOLUTE
    ..\main.c                                0x00000000   Number         0  main.o ABSOLUTE
    ..\startup_stm32f091.s                   0x00000000   Number         0  startup_stm32f091.o ABSOLUTE
    dc.s                                     0x00000000   Number         0  dc.o ABSOLUTE
    RESET                                    0x08000000   Section      188  startup_stm32f091.o(RESET)
    !!!main                                  0x080000bc   Section        8  __main.o(!!!main)
    !!!scatter                               0x080000c4   Section       60  __scatter.o(!!!scatter)
    !!handler_copy                           0x08000100   Section       26  __scatter_copy.o(!!handler_copy)
    !!handler_zi                             0x0800011c   Section       28  __scatter_zi.o(!!handler_zi)
    .ARM.Collect$$libinit$$00000000          0x08000138   Section        2  libinit.o(.ARM.Collect$$libinit$$00000000)
    .ARM.Collect$$libinit$$00000002          0x0800013a   Section        0  libinit2.o(.ARM.Collect$$libinit$$00000002)
    .ARM.Collect$$libinit$$00000004          0x0800013a   Section        0  libinit2.o(.ARM.Collect$$libinit$$00000004)
    .ARM.Collect$$libinit$$0000000A          0x0800013a   Section        0  libinit2.o(.ARM.Collect$$libinit$$0000000A)
    .ARM.Collect$$libinit$$0000000C          0x0800013a   Section        0  libinit2.o(.ARM.Collect$$libinit$$0000000C)
    .ARM.Collect$$libinit$$0000000E          0x0800013a   Section        0  libinit2.o(.ARM.Collect$$libinit$$0000000E)
    .ARM.Collect$$libinit$$00000011          0x0800013a   Section        0  libinit2.o(.ARM.Collect$$libinit$$00000011)
    .ARM.Collect$$libinit$$00000013          0x0800013a   Section        0  libinit2.o(.ARM.Collect$$libinit$$00000013)
    .ARM.Collect$$libinit$$00000015          0x0800013a   Section        0  libinit2.o(.ARM.Collect$$libinit$$00000015)
    .ARM.Collect$$libinit$$00000017          0x0800013a   Section        0  libinit2.o(.ARM.Collect$$libinit$$00000017)
    .ARM.Collect$$libinit$$00000019          0x0800013a   Section        0  libinit2.o(.ARM.Collect$$libinit$$00000019)
    .ARM.Collect$$libinit$$0000001B          0x0800013a   Section        0  libinit2.o(.ARM.Collect$$libinit$$0000001B)
    .ARM.Collect$$libinit$$0000001D          0x0800013a   Section        0  libinit2.o(.ARM.Collect$$libinit$$0000001D)
    .ARM.Collect$$libinit$$0000001F          0x0800013a   Section        0  libinit2.o(.ARM.Collect$$libinit$$0000001F)
    .ARM.Collect$$libinit$$00000021          0x0800013a   Section        0  libinit2.o(.ARM.Collect$$libinit$$00000021)
    .ARM.Collect$$libinit$$00000023          0x0800013a   Section        0  libinit2.o(.ARM.Collect$$libinit$$00000023)
    .ARM.Collect$$libinit$$00000025          0x0800013a   Section        0  libinit2.o(.ARM.Collect$$libinit$$00000025)
    .ARM.Collect$$libinit$$0000002C          0x0800013a   Section        0  libinit2.o(.ARM.Collect$$libinit$$0000002C)
    .ARM.Collect$$libinit$$0000002E          0x0800013a   Section        0  libinit2.o(.ARM.Collect$$libinit$$0000002E)
    .ARM.Collect$$libinit$$00000030          0x0800013a   Section        0  libinit2.o(.ARM.Collect$$libinit$$00000030)
    .ARM.Collect$$libinit$$00000032          0x0800013a   Section        0  libinit2.o(.ARM.Collect$$libinit$$00000032)
    .ARM.Collect$$libinit$$00000033          0x0800013a   Section        2  libinit2.o(.ARM.Collect$$libinit$$00000033)
    .ARM.Collect$$libshutdown$$00000000      0x0800013c   Section        2  libshutdown.o(.ARM.Collect$$libshutdown$$00000000)
    .ARM.Collect$$libshutdown$$00000002      0x0800013e   Section        0  libshutdown2.o(.ARM.Collect$$libshutdown$$00000002)
    .ARM.Collect$$libshutdown$$00000004      0x0800013e   Section        0  libshutdown2.o(.ARM.Collect$$libshutdown$$00000004)
    .ARM.Collect$$libshutdown$$00000007      0x0800013e   Section        0  libshutdown2.o(.ARM.Collect$$libshutdown$$00000007)
    .ARM.Collect$$libshutdown$$0000000A      0x0800013e   Section        0  libshutdown2.o(.ARM.Collect$$libshutdown$$0000000A)
    .ARM.Collect$$libshutdown$$0000000C      0x0800013e   Section        0  libshutdown2.o(.ARM.Collect$$libshutdown$$0000000C)
    .ARM.Collect$$libshutdown$$0000000F      0x0800013e   Section        0  libshutdown2.o(.ARM.Collect$$libshutdown$$0000000F)
    .ARM.Collect$$libshutdown$$00000010      0x0800013e   Section        2  libshutdown2.o(.ARM.Collect$$libshutdown$$00000010)
    .ARM.Collect$$rtentry$$00000000          0x08000140   Section        0  __rtentry.o(.ARM.Collect$$rtentry$$00000000)
    .ARM.Collect$$rtentry$$00000002          0x08000140   Section        0  __rtentry2.o(.ARM.Collect$$rtentry$$00000002)
    .ARM.Collect$$rtentry$$00000004          0x08000140   Section        6  __rtentry4.o(.ARM.Collect$$rtentry$$00000004)
    .ARM.Collect$$rtentry$$00000009          0x08000146   Section        0  __rtentry2.o(.ARM.Collect$$rtentry$$00000009)
    .ARM.Collect$$rtentry$$0000000A          0x08000146   Section        4  __rtentry2.o(.ARM.Collect$$rtentry$$0000000A)
    .ARM.Collect$$rtentry$$0000000C          0x0800014a   Section        0  __rtentry2.o(.ARM.Collect$$rtentry$$0000000C)
    .ARM.Collect$$rtentry$$0000000D          0x0800014a   Section        8  __rtentry2.o(.ARM.Collect$$rtentry$$0000000D)
    .ARM.Collect$$rtexit$$00000000           0x08000152   Section        2  rtexit.o(.ARM.Collect$$rtexit$$00000000)
    .ARM.Collect$$rtexit$$00000002           0x08000154   Section        0  rtexit2.o(.ARM.Collect$$rtexit$$00000002)
    .ARM.Collect$$rtexit$$00000003           0x08000154   Section        4  rtexit2.o(.ARM.Collect$$rtexit$$00000003)
    .ARM.Collect$$rtexit$$00000004           0x08000158   Section        6  rtexit2.o(.ARM.Collect$$rtexit$$00000004)
    .text                                    0x08000160   Section      112  startup_stm32f091.o(.text)
    .text                                    0x080001d0   Section        0  llushr.o(.text)
    .text                                    0x080001f2   Section      346  aeabi_sdiv.o(.text)
    .text                                    0x0800034c   Section        0  heapauxi.o(.text)
    .text                                    0x08000352   Section       62  sys_stackheap_outer.o(.text)
    .text                                    0x08000390   Section        0  exit.o(.text)
    .text                                    0x080003a0   Section        8  libspace.o(.text)
    .text                                    0x080003a8   Section        0  sys_exit.o(.text)
    .text                                    0x080003b4   Section        2  use_no_semi.o(.text)
    .text                                    0x080003b6   Section        0  indicate_semi.o(.text)
    i.AssertFailure                          0x080003b6   Section        0  assert.o(i.AssertFailure)
    i.BackDoorCheck                          0x080003bc   Section        0  backdoor.o(i.BackDoorCheck)
    i.BackDoorInit                           0x080003f0   Section        0  backdoor.o(i.BackDoorInit)
    i.BackDoorRestartTimer                   0x08000408   Section        0  backdoor.o(i.BackDoorRestartTimer)
    i.BootInit                               0x08000420   Section        0  boot.o(i.BootInit)
    i.BootTask                               0x0800043c   Section        0  boot.o(i.BootTask)
    i.CanGetSpeedConfig                      0x08000450   Section        0  can.o(i.CanGetSpeedConfig)
    CanGetSpeedConfig                        0x08000451   Thumb Code   100  can.o(i.CanGetSpeedConfig)
    i.CanInit                                0x080004bc   Section        0  can.o(i.CanInit)
    i.CanReceivePacket                       0x08000580   Section        0  can.o(i.CanReceivePacket)
    i.CanTransmitPacket                      0x080005c0   Section        0  can.o(i.CanTransmitPacket)
    i.ComFree                                0x08000610   Section        0  com.o(i.ComFree)
    i.ComGetActiveInterfaceMaxRxLen          0x08000614   Section        0  com.o(i.ComGetActiveInterfaceMaxRxLen)
    i.ComGetActiveInterfaceMaxTxLen          0x08000640   Section        0  com.o(i.ComGetActiveInterfaceMaxTxLen)
    i.ComInit                                0x0800066c   Section        0  com.o(i.ComInit)
    i.ComIsConnected                         0x0800068c   Section        0  com.o(i.ComIsConnected)
    i.ComTask                                0x080006a0   Section        0  com.o(i.ComTask)
    i.ComTransmitPacket                      0x080006e0   Section        0  com.o(i.ComTransmitPacket)
    i.CopInit                                0x08000710   Section        0  cop.o(i.CopInit)
    i.CopInitHook                            0x08000718   Section        0  hooks.o(i.CopInitHook)
    i.CopService                             0x08000722   Section        0  cop.o(i.CopService)
    i.CopServiceHook                         0x0800072a   Section        0  hooks.o(i.CopServiceHook)
    i.CpuInit                                0x08000732   Section        0  cpu.o(i.CpuInit)
    i.CpuIrqDisable                          0x0800073a   Section        0  cpu_comp.o(i.CpuIrqDisable)
    i.CpuIrqEnable                           0x0800073e   Section        0  cpu_comp.o(i.CpuIrqEnable)
    i.CpuMemCopy                             0x08000742   Section        0  cpu.o(i.CpuMemCopy)
    i.CpuStartUserProgram                    0x08000764   Section        0  cpu.o(i.CpuStartUserProgram)
    i.CpuUserProgramStartHook                0x080007c4   Section        0  hooks.o(i.CpuUserProgramStartHook)
    i.FLASH_MassErase                        0x080007ec   Section        0  stm32f0xx_hal_flash_ex.o(i.FLASH_MassErase)
    FLASH_MassErase                          0x080007ed   Thumb Code    26  stm32f0xx_hal_flash_ex.o(i.FLASH_MassErase)
    i.FLASH_PageErase                        0x08000810   Section        0  stm32f0xx_hal_flash_ex.o(i.FLASH_PageErase)
    i.FLASH_Program_HalfWord                 0x08000834   Section        0  stm32f0xx_hal_flash.o(i.FLASH_Program_HalfWord)
    FLASH_Program_HalfWord                   0x08000835   Thumb Code    22  stm32f0xx_hal_flash.o(i.FLASH_Program_HalfWord)
    i.FLASH_SetErrorCode                     0x08000854   Section        0  stm32f0xx_hal_flash.o(i.FLASH_SetErrorCode)
    FLASH_SetErrorCode                       0x08000855   Thumb Code    46  stm32f0xx_hal_flash.o(i.FLASH_SetErrorCode)
    i.FLASH_WaitForLastOperation             0x0800088c   Section        0  stm32f0xx_hal_flash.o(i.FLASH_WaitForLastOperation)
    i.FlashAddToBlock                        0x080008dc   Section        0  flash.o(i.FlashAddToBlock)
    FlashAddToBlock                          0x080008dd   Thumb Code   136  flash.o(i.FlashAddToBlock)
    i.FlashDone                              0x08000964   Section        0  flash.o(i.FlashDone)
    i.FlashErase                             0x080009a0   Section        0  flash.o(i.FlashErase)
    i.FlashEraseSectors                      0x080009e0   Section        0  flash.o(i.FlashEraseSectors)
    FlashEraseSectors                        0x080009e1   Thumb Code   128  flash.o(i.FlashEraseSectors)
    i.FlashGetSector                         0x08000a60   Section        0  flash.o(i.FlashGetSector)
    FlashGetSector                           0x08000a61   Thumb Code    56  flash.o(i.FlashGetSector)
    i.FlashGetSectorBaseAddr                 0x08000a9c   Section        0  flash.o(i.FlashGetSectorBaseAddr)
    FlashGetSectorBaseAddr                   0x08000a9d   Thumb Code    46  flash.o(i.FlashGetSectorBaseAddr)
    i.FlashGetSectorSize                     0x08000ad0   Section        0  flash.o(i.FlashGetSectorSize)
    FlashGetSectorSize                       0x08000ad1   Thumb Code    46  flash.o(i.FlashGetSectorSize)
    i.FlashGetUserProgBaseAddress            0x08000b04   Section        0  flash.o(i.FlashGetUserProgBaseAddress)
    i.FlashInit                              0x08000b0c   Section        0  flash.o(i.FlashInit)
    i.FlashInitBlock                         0x08000b24   Section        0  flash.o(i.FlashInitBlock)
    FlashInitBlock                           0x08000b25   Thumb Code    34  flash.o(i.FlashInitBlock)
    i.FlashSwitchBlock                       0x08000b48   Section        0  flash.o(i.FlashSwitchBlock)
    FlashSwitchBlock                         0x08000b49   Thumb Code    62  flash.o(i.FlashSwitchBlock)
    i.FlashVerifyChecksum                    0x08000b94   Section        0  flash.o(i.FlashVerifyChecksum)
    i.FlashWrite                             0x08000bc8   Section        0  flash.o(i.FlashWrite)
    i.FlashWriteBlock                        0x08000c30   Section        0  flash.o(i.FlashWriteBlock)
    FlashWriteBlock                          0x08000c31   Thumb Code    90  flash.o(i.FlashWriteBlock)
    i.FlashWriteChecksum                     0x08000c8c   Section        0  flash.o(i.FlashWriteChecksum)
    i.HAL_CAN_AddTxMessage                   0x08000cd4   Section        0  stm32f0xx_hal_can.o(i.HAL_CAN_AddTxMessage)
    i.HAL_CAN_ConfigFilter                   0x08000dd0   Section        0  stm32f0xx_hal_can.o(i.HAL_CAN_ConfigFilter)
    i.HAL_CAN_GetRxMessage                   0x08000ec4   Section        0  stm32f0xx_hal_can.o(i.HAL_CAN_GetRxMessage)
    i.HAL_CAN_Init                           0x08000fc4   Section        0  stm32f0xx_hal_can.o(i.HAL_CAN_Init)
    i.HAL_CAN_IsTxMessagePending             0x0800110a   Section        0  stm32f0xx_hal_can.o(i.HAL_CAN_IsTxMessagePending)
    i.HAL_CAN_MspInit                        0x08001128   Section        0  stm32f0xx_hal_can.o(i.HAL_CAN_MspInit)
    i.HAL_CAN_Start                          0x0800112a   Section        0  stm32f0xx_hal_can.o(i.HAL_CAN_Start)
    i.HAL_DeInit                             0x08001184   Section        0  stm32f0xx_hal.o(i.HAL_DeInit)
    i.HAL_FLASHEx_Erase                      0x080011a8   Section        0  stm32f0xx_hal_flash_ex.o(i.HAL_FLASHEx_Erase)
    i.HAL_FLASH_Lock                         0x08001248   Section        0  stm32f0xx_hal_flash.o(i.HAL_FLASH_Lock)
    i.HAL_FLASH_Program                      0x0800125c   Section        0  stm32f0xx_hal_flash.o(i.HAL_FLASH_Program)
    i.HAL_FLASH_Unlock                       0x080012e0   Section        0  stm32f0xx_hal_flash.o(i.HAL_FLASH_Unlock)
    i.HAL_GetTick                            0x08001308   Section        0  timer.o(i.HAL_GetTick)
    i.HAL_Init                               0x08001310   Section        0  stm32f0xx_hal.o(i.HAL_Init)
    i.HAL_InitTick                           0x08001330   Section        0  stm32f0xx_hal.o(i.HAL_InitTick)
    i.HAL_MspDeInit                          0x08001354   Section        0  main.o(i.HAL_MspDeInit)
    i.HAL_MspInit                            0x080013b4   Section        0  main.o(i.HAL_MspInit)
    i.HAL_NVIC_SetPriority                   0x0800145c   Section        0  stm32f0xx_hal_cortex.o(i.HAL_NVIC_SetPriority)
    i.HAL_RCC_GetHCLKFreq                    0x08001464   Section        0  stm32f0xx_hal_rcc.o(i.HAL_RCC_GetHCLKFreq)
    i.HAL_SYSTICK_Config                     0x08001470   Section        0  stm32f0xx_hal_cortex.o(i.HAL_SYSTICK_Config)
    i.Init                                   0x080014a0   Section        0  main.o(i.Init)
    Init                                     0x080014a1   Thumb Code    12  main.o(i.Init)
    i.LL_AHB1_GRP1_EnableClock               0x080014ac   Section        0  main.o(i.LL_AHB1_GRP1_EnableClock)
    LL_AHB1_GRP1_EnableClock                 0x080014ad   Thumb Code    18  main.o(i.LL_AHB1_GRP1_EnableClock)
    i.LL_AHB1_GRP1_ForceReset                0x080014c4   Section        0  stm32f0xx_ll_gpio.o(i.LL_AHB1_GRP1_ForceReset)
    LL_AHB1_GRP1_ForceReset                  0x080014c5   Thumb Code    10  stm32f0xx_ll_gpio.o(i.LL_AHB1_GRP1_ForceReset)
    i.LL_AHB1_GRP1_ReleaseReset              0x080014d4   Section        0  stm32f0xx_ll_gpio.o(i.LL_AHB1_GRP1_ReleaseReset)
    LL_AHB1_GRP1_ReleaseReset                0x080014d5   Thumb Code    10  stm32f0xx_ll_gpio.o(i.LL_AHB1_GRP1_ReleaseReset)
    i.LL_APB1_GRP1_EnableClock               0x080014e4   Section        0  main.o(i.LL_APB1_GRP1_EnableClock)
    LL_APB1_GRP1_EnableClock                 0x080014e5   Thumb Code    18  main.o(i.LL_APB1_GRP1_EnableClock)
    i.LL_GPIO_DeInit                         0x080014fc   Section        0  stm32f0xx_ll_gpio.o(i.LL_GPIO_DeInit)
    i.LL_GPIO_Init                           0x080015a4   Section        0  stm32f0xx_ll_gpio.o(i.LL_GPIO_Init)
    i.LL_RCC_DeInit                          0x0800164c   Section        0  stm32f0xx_ll_rcc.o(i.LL_RCC_DeInit)
    i.LL_RCC_GetSystemClocksFreq             0x080016bc   Section        0  stm32f0xx_ll_rcc.o(i.LL_RCC_GetSystemClocksFreq)
    i.LL_RCC_GetUSARTClockFreq               0x080016d4   Section        0  stm32f0xx_ll_rcc.o(i.LL_RCC_GetUSARTClockFreq)
    i.LL_RCC_GetUSARTClockSource             0x080017cc   Section        0  stm32f0xx_ll_rcc.o(i.LL_RCC_GetUSARTClockSource)
    LL_RCC_GetUSARTClockSource               0x080017cd   Thumb Code    16  stm32f0xx_ll_rcc.o(i.LL_RCC_GetUSARTClockSource)
    i.LL_RCC_HSI_IsReady                     0x080017e0   Section        0  stm32f0xx_ll_rcc.o(i.LL_RCC_HSI_IsReady)
    LL_RCC_HSI_IsReady                       0x080017e1   Thumb Code    10  stm32f0xx_ll_rcc.o(i.LL_RCC_HSI_IsReady)
    i.LL_RCC_LSE_IsReady                     0x080017f0   Section        0  stm32f0xx_ll_rcc.o(i.LL_RCC_LSE_IsReady)
    LL_RCC_LSE_IsReady                       0x080017f1   Thumb Code    10  stm32f0xx_ll_rcc.o(i.LL_RCC_LSE_IsReady)
    i.LL_SetSystemCoreClock                  0x08001800   Section        0  stm32f0xx_ll_utils.o(i.LL_SetSystemCoreClock)
    i.LL_USART_Init                          0x0800180c   Section        0  stm32f0xx_ll_usart.o(i.LL_USART_Init)
    i.LedBlinkExit                           0x08001930   Section        0  led.o(i.LedBlinkExit)
    i.LedBlinkInit                           0x0800193c   Section        0  led.o(i.LedBlinkInit)
    i.LedBlinkTask                           0x08001948   Section        0  led.o(i.LedBlinkTask)
    i.NVIC_SetPriority                       0x08001984   Section        0  stm32f0xx_hal_cortex.o(i.NVIC_SetPriority)
    NVIC_SetPriority                         0x08001985   Thumb Code    60  stm32f0xx_hal_cortex.o(i.NVIC_SetPriority)
    i.NvmDone                                0x080019c8   Section        0  nvm.o(i.NvmDone)
    i.NvmErase                               0x080019dc   Section        0  nvm.o(i.NvmErase)
    i.NvmGetUserProgBaseAddress              0x080019e4   Section        0  nvm.o(i.NvmGetUserProgBaseAddress)
    i.NvmInit                                0x080019ec   Section        0  nvm.o(i.NvmInit)
    i.NvmVerifyChecksum                      0x080019f4   Section        0  nvm.o(i.NvmVerifyChecksum)
    i.NvmWrite                               0x080019fc   Section        0  nvm.o(i.NvmWrite)
    i.RCC_GetHCLKClockFreq                   0x08001a04   Section        0  stm32f0xx_ll_rcc.o(i.RCC_GetHCLKClockFreq)
    i.RCC_GetPCLK1ClockFreq                  0x08001a20   Section        0  stm32f0xx_ll_rcc.o(i.RCC_GetPCLK1ClockFreq)
    i.RCC_GetSystemClockFreq                 0x08001a3c   Section        0  stm32f0xx_ll_rcc.o(i.RCC_GetSystemClockFreq)
    i.RCC_PLL_GetFreqDomain_SYS              0x08001a70   Section        0  stm32f0xx_ll_rcc.o(i.RCC_PLL_GetFreqDomain_SYS)
    i.Rs232Init                              0x08001ab8   Section        0  rs232.o(i.Rs232Init)
    i.Rs232ReceiveByte                       0x08001af4   Section        0  rs232.o(i.Rs232ReceiveByte)
    Rs232ReceiveByte                         0x08001af5   Thumb Code    24  rs232.o(i.Rs232ReceiveByte)
    i.Rs232ReceivePacket                     0x08001b10   Section        0  rs232.o(i.Rs232ReceivePacket)
    i.Rs232TransmitByte                      0x08001b8c   Section        0  rs232.o(i.Rs232TransmitByte)
    Rs232TransmitByte                        0x08001b8d   Thumb Code    40  rs232.o(i.Rs232TransmitByte)
    i.Rs232TransmitPacket                    0x08001bb8   Section        0  rs232.o(i.Rs232TransmitPacket)
    i.SysTick_Handler                        0x08001c14   Section        0  timer.o(i.SysTick_Handler)
    i.SystemClock_Config                     0x08001c18   Section        0  main.o(i.SystemClock_Config)
    SystemClock_Config                       0x08001c19   Thumb Code   156  main.o(i.SystemClock_Config)
    i.SystemInit                             0x08001ccc   Section        0  system_stm32f0xx.o(i.SystemInit)
    i.TimerGet                               0x08001d28   Section        0  timer.o(i.TimerGet)
    i.TimerInit                              0x08001d38   Section        0  timer.o(i.TimerInit)
    i.TimerReset                             0x08001d60   Section        0  timer.o(i.TimerReset)
    i.TimerUpdate                            0x08001d70   Section        0  timer.o(i.TimerUpdate)
    i.XcpCmdBuildCheckSum                    0x08001d8c   Section        0  xcp.o(i.XcpCmdBuildCheckSum)
    XcpCmdBuildCheckSum                      0x08001d8d   Thumb Code    36  xcp.o(i.XcpCmdBuildCheckSum)
    i.XcpCmdConnect                          0x08001db4   Section        0  xcp.o(i.XcpCmdConnect)
    XcpCmdConnect                            0x08001db5   Thumb Code    62  xcp.o(i.XcpCmdConnect)
    i.XcpCmdDisconnect                       0x08001df8   Section        0  xcp.o(i.XcpCmdDisconnect)
    XcpCmdDisconnect                         0x08001df9   Thumb Code    26  xcp.o(i.XcpCmdDisconnect)
    i.XcpCmdGetId                            0x08001e18   Section        0  xcp.o(i.XcpCmdGetId)
    XcpCmdGetId                              0x08001e19   Thumb Code    32  xcp.o(i.XcpCmdGetId)
    i.XcpCmdGetStatus                        0x08001e40   Section        0  xcp.o(i.XcpCmdGetStatus)
    XcpCmdGetStatus                          0x08001e41   Thumb Code    28  xcp.o(i.XcpCmdGetStatus)
    i.XcpCmdProgram                          0x08001e60   Section        0  xcp.o(i.XcpCmdProgram)
    XcpCmdProgram                            0x08001e61   Thumb Code    90  xcp.o(i.XcpCmdProgram)
    i.XcpCmdProgramClear                     0x08001ec0   Section        0  xcp.o(i.XcpCmdProgramClear)
    XcpCmdProgramClear                       0x08001ec1   Thumb Code    38  xcp.o(i.XcpCmdProgramClear)
    i.XcpCmdProgramMax                       0x08001eec   Section        0  xcp.o(i.XcpCmdProgramMax)
    XcpCmdProgramMax                         0x08001eed   Thumb Code    58  xcp.o(i.XcpCmdProgramMax)
    i.XcpCmdProgramPrepare                   0x08001f2c   Section        0  xcp.o(i.XcpCmdProgramPrepare)
    XcpCmdProgramPrepare                     0x08001f2d   Thumb Code    10  xcp.o(i.XcpCmdProgramPrepare)
    i.XcpCmdProgramReset                     0x08001f38   Section        0  xcp.o(i.XcpCmdProgramReset)
    XcpCmdProgramReset                       0x08001f39   Thumb Code    22  xcp.o(i.XcpCmdProgramReset)
    i.XcpCmdProgramStart                     0x08001f54   Section        0  xcp.o(i.XcpCmdProgramStart)
    XcpCmdProgramStart                       0x08001f55   Thumb Code    36  xcp.o(i.XcpCmdProgramStart)
    i.XcpCmdSetMta                           0x08001f7c   Section        0  xcp.o(i.XcpCmdSetMta)
    XcpCmdSetMta                             0x08001f7d   Thumb Code    20  xcp.o(i.XcpCmdSetMta)
    i.XcpCmdShortUpload                      0x08001f94   Section        0  xcp.o(i.XcpCmdShortUpload)
    XcpCmdShortUpload                        0x08001f95   Thumb Code    62  xcp.o(i.XcpCmdShortUpload)
    i.XcpCmdSynch                            0x08001fd8   Section        0  xcp.o(i.XcpCmdSynch)
    XcpCmdSynch                              0x08001fd9   Thumb Code    10  xcp.o(i.XcpCmdSynch)
    i.XcpCmdUpload                           0x08001fe4   Section        0  xcp.o(i.XcpCmdUpload)
    XcpCmdUpload                             0x08001fe5   Thumb Code    58  xcp.o(i.XcpCmdUpload)
    i.XcpComputeChecksum                     0x08002024   Section        0  xcp.o(i.XcpComputeChecksum)
    XcpComputeChecksum                       0x08002025   Thumb Code    36  xcp.o(i.XcpComputeChecksum)
    i.XcpInit                                0x08002048   Section        0  xcp.o(i.XcpInit)
    i.XcpIsConnected                         0x08002064   Section        0  xcp.o(i.XcpIsConnected)
    i.XcpPacketReceived                      0x08002078   Section        0  xcp.o(i.XcpPacketReceived)
    i.XcpPacketTransmitted                   0x0800214c   Section        0  xcp.o(i.XcpPacketTransmitted)
    i.XcpProtectResources                    0x08002158   Section        0  xcp.o(i.XcpProtectResources)
    XcpProtectResources                      0x08002159   Thumb Code     8  xcp.o(i.XcpProtectResources)
    i.XcpSetCtoError                         0x08002164   Section        0  xcp.o(i.XcpSetCtoError)
    XcpSetCtoError                           0x08002165   Thumb Code    18  xcp.o(i.XcpSetCtoError)
    i.XcpTransmitPacket                      0x0800217c   Section        0  xcp.o(i.XcpTransmitPacket)
    XcpTransmitPacket                        0x0800217d   Thumb Code    10  xcp.o(i.XcpTransmitPacket)
    i.__ARM_common_switch8                   0x08002186   Section        0  stm32f0xx_hal_dma.o(i.__ARM_common_switch8)
    i.main                                   0x080021a0   Section        0  main.o(i.main)
    .constdata                               0x080021ae   Section       16  system_stm32f0xx.o(.constdata)
    .constdata                               0x080021be   Section        8  system_stm32f0xx.o(.constdata)
    .constdata                               0x080021c6   Section        8  xcp.o(.constdata)
    xcpStationId                             0x080021c6   Data           8  xcp.o(.constdata)
    .constdata                               0x080021ce   Section       36  can.o(.constdata)
    canTiming                                0x080021ce   Data          36  can.o(.constdata)
    .constdata                               0x080021f4   Section      216  flash.o(.constdata)
    flashLayout                              0x080021f4   Data         216  flash.o(.constdata)
    .data                                    0x200000c0   Section        4  system_stm32f0xx.o(.data)
    .data                                    0x200000c4   Section        8  led.o(.data)
    ledOn                                    0x200000c4   Data           1  led.o(.data)
    ledBlinkIntervalMs                       0x200000c6   Data           2  led.o(.data)
    nextBlinkEvent                           0x200000c8   Data           4  led.o(.data)
    .data                                    0x200000cc   Section       12  backdoor.o(.data)
    backdoorOpen                             0x200000cc   Data           1  backdoor.o(.data)
    backdoorExtensionTime                    0x200000d0   Data           4  backdoor.o(.data)
    backdoorOpenTime                         0x200000d4   Data           4  backdoor.o(.data)
    .data                                    0x200000d8   Section        1  com.o(.data)
    comActiveInterface                       0x200000d8   Data           1  com.o(.data)
    .data                                    0x200000dc   Section        4  timer.o(.data)
    millisecond_counter                      0x200000dc   Data           4  timer.o(.data)
    .data                                    0x200000e0   Section        8  rs232.o(.data)
    xcpCtoRxLength                           0x200000e0   Data           1  rs232.o(.data)
    xcpCtoRxInProgress                       0x200000e1   Data           1  rs232.o(.data)
    xcpCtoRxStartTime                        0x200000e4   Data           4  rs232.o(.data)
    .bss                                     0x200000e8   Section       32  stm32f0xx_hal_flash.o(.bss)
    .bss                                     0x20000108   Section       64  com.o(.bss)
    xcpCtoReqPacket                          0x20000108   Data          64  com.o(.bss)
    .bss                                     0x20000148   Section       76  xcp.o(.bss)
    xcpInfo                                  0x20000148   Data          76  xcp.o(.bss)
    .bss                                     0x20000194   Section       40  can.o(.bss)
    canHandle                                0x20000194   Data          40  can.o(.bss)
    .bss                                     0x200001bc   Section     1032  flash.o(.bss)
    blockInfo                                0x200001bc   Data         516  flash.o(.bss)
    bootBlockInfo                            0x200003c0   Data         516  flash.o(.bss)
    .bss                                     0x200005c4   Section       65  rs232.o(.bss)
    xcpCtoReqPacket                          0x200005c4   Data          65  rs232.o(.bss)
    .bss                                     0x20000608   Section       96  libspace.o(.bss)
    HEAP                                     0x20000668   Section      512  startup_stm32f091.o(HEAP)
    Heap_Mem                                 0x20000668   Data         512  startup_stm32f091.o(HEAP)
    STACK                                    0x20000868   Section     1024  startup_stm32f091.o(STACK)
    Stack_Mem                                0x20000868   Data        1024  startup_stm32f091.o(STACK)
    __initial_sp                             0x20000c68   Data           0  startup_stm32f091.o(STACK)

    Global Symbols

    Symbol Name                              Value     Ov Type        Size  Object(Section)

    BuildAttributes$$THM_ISAv3M$S$PE$A:L22$X:L11$S22$IEEE1$IW$USESV6$~STKCKD$USESV7$~SHL$OSPACE$ROPI$EBA8$UX$STANDARDLIB$REQ8$PRES8$EABIv2 0x00000000   Number         0  anon$$obj.o ABSOLUTE
    __ARM_use_no_argv                        0x00000000   Number         0  main.o ABSOLUTE
    __ARM_exceptions_init                     - Undefined Weak Reference
    __alloca_initialize                       - Undefined Weak Reference
    __arm_preinit_                            - Undefined Weak Reference
    __cpp_initialize__aeabi_                  - Undefined Weak Reference
    __cxa_finalize                            - Undefined Weak Reference
    __rt_locale                               - Undefined Weak Reference
    __sigvec_lookup                           - Undefined Weak Reference
    _atexit_init                              - Undefined Weak Reference
    _call_atexit_fns                          - Undefined Weak Reference
    _clock_init                               - Undefined Weak Reference
    _fp_trap_init                             - Undefined Weak Reference
    _fp_trap_shutdown                         - Undefined Weak Reference
    _get_lc_collate                           - Undefined Weak Reference
    _get_lc_ctype                             - Undefined Weak Reference
    _get_lc_monetary                          - Undefined Weak Reference
    _get_lc_numeric                           - Undefined Weak Reference
    _get_lc_time                              - Undefined Weak Reference
    _getenv_init                              - Undefined Weak Reference
    _handle_redirection                       - Undefined Weak Reference
    _init_alloc                               - Undefined Weak Reference
    _init_user_alloc                          - Undefined Weak Reference
    _initio                                   - Undefined Weak Reference
    _rand_init                                - Undefined Weak Reference
    _signal_finish                            - Undefined Weak Reference
    _signal_init                              - Undefined Weak Reference
    _terminate_alloc                          - Undefined Weak Reference
    _terminate_user_alloc                     - Undefined Weak Reference
    _terminateio                              - Undefined Weak Reference
    __Vectors_Size                           0x000000bc   Number         0  startup_stm32f091.o ABSOLUTE
    __Vectors                                0x08000000   Data           4  startup_stm32f091.o(RESET)
    __Vectors_End                            0x080000bc   Data           0  startup_stm32f091.o(RESET)
    __main                                   0x080000bd   Thumb Code     8  __main.o(!!!main)
    __scatterload                            0x080000c5   Thumb Code     0  __scatter.o(!!!scatter)
    __scatterload_rt2                        0x080000c5   Thumb Code    52  __scatter.o(!!!scatter)
    __scatterload_rt2_thumb_only             0x080000c5   Thumb Code     0  __scatter.o(!!!scatter)
    __scatterload_null                       0x080000d5   Thumb Code     0  __scatter.o(!!!scatter)
    __scatterload_copy                       0x08000101   Thumb Code    26  __scatter_copy.o(!!handler_copy)
    __scatterload_zeroinit                   0x0800011d   Thumb Code    28  __scatter_zi.o(!!handler_zi)
    __rt_lib_init                            0x08000139   Thumb Code     0  libinit.o(.ARM.Collect$$libinit$$00000000)
    __rt_lib_init_alloca_1                   0x0800013b   Thumb Code     0  libinit2.o(.ARM.Collect$$libinit$$0000002E)
    __rt_lib_init_argv_1                     0x0800013b   Thumb Code     0  libinit2.o(.ARM.Collect$$libinit$$0000002C)
    __rt_lib_init_atexit_1                   0x0800013b   Thumb Code     0  libinit2.o(.ARM.Collect$$libinit$$0000001B)
    __rt_lib_init_clock_1                    0x0800013b   Thumb Code     0  libinit2.o(.ARM.Collect$$libinit$$00000021)
    __rt_lib_init_cpp_1                      0x0800013b   Thumb Code     0  libinit2.o(.ARM.Collect$$libinit$$00000032)
    __rt_lib_init_exceptions_1               0x0800013b   Thumb Code     0  libinit2.o(.ARM.Collect$$libinit$$00000030)
    __rt_lib_init_fp_1                       0x0800013b   Thumb Code     0  libinit2.o(.ARM.Collect$$libinit$$00000002)
    __rt_lib_init_fp_trap_1                  0x0800013b   Thumb Code     0  libinit2.o(.ARM.Collect$$libinit$$0000001F)
    __rt_lib_init_getenv_1                   0x0800013b   Thumb Code     0  libinit2.o(.ARM.Collect$$libinit$$00000023)
    __rt_lib_init_heap_1                     0x0800013b   Thumb Code     0  libinit2.o(.ARM.Collect$$libinit$$0000000A)
    __rt_lib_init_lc_collate_1               0x0800013b   Thumb Code     0  libinit2.o(.ARM.Collect$$libinit$$00000011)
    __rt_lib_init_lc_ctype_1                 0x0800013b   Thumb Code     0  libinit2.o(.ARM.Collect$$libinit$$00000013)
    __rt_lib_init_lc_monetary_1              0x0800013b   Thumb Code     0  libinit2.o(.ARM.Collect$$libinit$$00000015)
    __rt_lib_init_lc_numeric_1               0x0800013b   Thumb Code     0  libinit2.o(.ARM.Collect$$libinit$$00000017)
    __rt_lib_init_lc_time_1                  0x0800013b   Thumb Code     0  libinit2.o(.ARM.Collect$$libinit$$00000019)
    __rt_lib_init_preinit_1                  0x0800013b   Thumb Code     0  libinit2.o(.ARM.Collect$$libinit$$00000004)
    __rt_lib_init_rand_1                     0x0800013b   Thumb Code     0  libinit2.o(.ARM.Collect$$libinit$$0000000E)
    __rt_lib_init_return                     0x0800013b   Thumb Code     0  libinit2.o(.ARM.Collect$$libinit$$00000033)
    __rt_lib_init_signal_1                   0x0800013b   Thumb Code     0  libinit2.o(.ARM.Collect$$libinit$$0000001D)
    __rt_lib_init_stdio_1                    0x0800013b   Thumb Code     0  libinit2.o(.ARM.Collect$$libinit$$00000025)
    __rt_lib_init_user_alloc_1               0x0800013b   Thumb Code     0  libinit2.o(.ARM.Collect$$libinit$$0000000C)
    __rt_lib_shutdown                        0x0800013d   Thumb Code     0  libshutdown.o(.ARM.Collect$$libshutdown$$00000000)
    __rt_lib_shutdown_cpp_1                  0x0800013f   Thumb Code     0  libshutdown2.o(.ARM.Collect$$libshutdown$$00000002)
    __rt_lib_shutdown_fp_trap_1              0x0800013f   Thumb Code     0  libshutdown2.o(.ARM.Collect$$libshutdown$$00000007)
    __rt_lib_shutdown_heap_1                 0x0800013f   Thumb Code     0  libshutdown2.o(.ARM.Collect$$libshutdown$$0000000F)
    __rt_lib_shutdown_return                 0x0800013f   Thumb Code     0  libshutdown2.o(.ARM.Collect$$libshutdown$$00000010)
    __rt_lib_shutdown_signal_1               0x0800013f   Thumb Code     0  libshutdown2.o(.ARM.Collect$$libshutdown$$0000000A)
    __rt_lib_shutdown_stdio_1                0x0800013f   Thumb Code     0  libshutdown2.o(.ARM.Collect$$libshutdown$$00000004)
    __rt_lib_shutdown_user_alloc_1           0x0800013f   Thumb Code     0  libshutdown2.o(.ARM.Collect$$libshutdown$$0000000C)
    __rt_entry                               0x08000141   Thumb Code     0  __rtentry.o(.ARM.Collect$$rtentry$$00000000)
    __rt_entry_presh_1                       0x08000141   Thumb Code     0  __rtentry2.o(.ARM.Collect$$rtentry$$00000002)
    __rt_entry_sh                            0x08000141   Thumb Code     0  __rtentry4.o(.ARM.Collect$$rtentry$$00000004)
    __rt_entry_li                            0x08000147   Thumb Code     0  __rtentry2.o(.ARM.Collect$$rtentry$$0000000A)
    __rt_entry_postsh_1                      0x08000147   Thumb Code     0  __rtentry2.o(.ARM.Collect$$rtentry$$00000009)
    __rt_entry_main                          0x0800014b   Thumb Code     0  __rtentry2.o(.ARM.Collect$$rtentry$$0000000D)
    __rt_entry_postli_1                      0x0800014b   Thumb Code     0  __rtentry2.o(.ARM.Collect$$rtentry$$0000000C)
    __rt_exit                                0x08000153   Thumb Code     0  rtexit.o(.ARM.Collect$$rtexit$$00000000)
    __rt_exit_ls                             0x08000155   Thumb Code     0  rtexit2.o(.ARM.Collect$$rtexit$$00000003)
    __rt_exit_prels_1                        0x08000155   Thumb Code     0  rtexit2.o(.ARM.Collect$$rtexit$$00000002)
    __rt_exit_exit                           0x08000159   Thumb Code     0  rtexit2.o(.ARM.Collect$$rtexit$$00000004)
    Reset_Handler                            0x08000161   Thumb Code    38  startup_stm32f091.o(.text)
    NMI_Handler                              0x08000187   Thumb Code     2  startup_stm32f091.o(.text)
    HardFault_Handler                        0x08000189   Thumb Code     2  startup_stm32f091.o(.text)
    SVC_Handler                              0x0800018b   Thumb Code     2  startup_stm32f091.o(.text)
    PendSV_Handler                           0x0800018d   Thumb Code     2  startup_stm32f091.o(.text)
    ADC1_COMP_IRQHandler                     0x0800018f   Thumb Code     0  startup_stm32f091.o(.text)
    CEC_CAN_IRQHandler                       0x0800018f   Thumb Code     0  startup_stm32f091.o(.text)
    DMA1_Ch1_IRQHandler                      0x0800018f   Thumb Code     0  startup_stm32f091.o(.text)
    DMA1_Ch2_3_DMA2_Ch1_2_IRQHandler         0x0800018f   Thumb Code     0  startup_stm32f091.o(.text)
    DMA1_Ch4_7_DMA2_Ch3_5_IRQHandler         0x0800018f   Thumb Code     0  startup_stm32f091.o(.text)
    EXTI0_1_IRQHandler                       0x0800018f   Thumb Code     0  startup_stm32f091.o(.text)
    EXTI2_3_IRQHandler                       0x0800018f   Thumb Code     0  startup_stm32f091.o(.text)
    EXTI4_15_IRQHandler                      0x0800018f   Thumb Code     0  startup_stm32f091.o(.text)
    FLASH_IRQHandler                         0x0800018f   Thumb Code     0  startup_stm32f091.o(.text)
    I2C1_IRQHandler                          0x0800018f   Thumb Code     0  startup_stm32f091.o(.text)
    I2C2_IRQHandler                          0x0800018f   Thumb Code     0  startup_stm32f091.o(.text)
    PVD_VDDIO2_IRQHandler                    0x0800018f   Thumb Code     0  startup_stm32f091.o(.text)
    RCC_CRS_IRQHandler                       0x0800018f   Thumb Code     0  startup_stm32f091.o(.text)
    RTC_IRQHandler                           0x0800018f   Thumb Code     0  startup_stm32f091.o(.text)
    SPI1_IRQHandler                          0x0800018f   Thumb Code     0  startup_stm32f091.o(.text)
    SPI2_IRQHandler                          0x0800018f   Thumb Code     0  startup_stm32f091.o(.text)
    TIM14_IRQHandler                         0x0800018f   Thumb Code     0  startup_stm32f091.o(.text)
    TIM15_IRQHandler                         0x0800018f   Thumb Code     0  startup_stm32f091.o(.text)
    TIM16_IRQHandler                         0x0800018f   Thumb Code     0  startup_stm32f091.o(.text)
    TIM17_IRQHandler                         0x0800018f   Thumb Code     0  startup_stm32f091.o(.text)
    TIM1_BRK_UP_TRG_COM_IRQHandler           0x0800018f   Thumb Code     0  startup_stm32f091.o(.text)
    TIM1_CC_IRQHandler                       0x0800018f   Thumb Code     0  startup_stm32f091.o(.text)
    TIM2_IRQHandler                          0x0800018f   Thumb Code     0  startup_stm32f091.o(.text)
    TIM3_IRQHandler                          0x0800018f   Thumb Code     0  startup_stm32f091.o(.text)
    TIM6_DAC_IRQHandler                      0x0800018f   Thumb Code     0  startup_stm32f091.o(.text)
    TIM7_IRQHandler                          0x0800018f   Thumb Code     0  startup_stm32f091.o(.text)
    TSC_IRQHandler                           0x0800018f   Thumb Code     0  startup_stm32f091.o(.text)
    USART1_IRQHandler                        0x0800018f   Thumb Code     0  startup_stm32f091.o(.text)
    USART2_IRQHandler                        0x0800018f   Thumb Code     0  startup_stm32f091.o(.text)
    USART3_8_IRQHandler                      0x0800018f   Thumb Code     0  startup_stm32f091.o(.text)
    WWDG_IRQHandler                          0x0800018f   Thumb Code     0  startup_stm32f091.o(.text)
    __user_initial_stackheap                 0x08000191   Thumb Code     0  startup_stm32f091.o(.text)
    __aeabi_llsr                             0x080001d1   Thumb Code    34  llushr.o(.text)
    _ll_ushift_r                             0x080001d1   Thumb Code     0  llushr.o(.text)
    __aeabi_uidiv                            0x080001f3   Thumb Code     0  aeabi_sdiv.o(.text)
    __aeabi_uidivmod                         0x080001f3   Thumb Code    20  aeabi_sdiv.o(.text)
    __aeabi_idiv                             0x08000207   Thumb Code     0  aeabi_sdiv.o(.text)
    __aeabi_idivmod                          0x08000207   Thumb Code   326  aeabi_sdiv.o(.text)
    __use_two_region_memory                  0x0800034d   Thumb Code     2  heapauxi.o(.text)
    __rt_heap_escrow$2region                 0x0800034f   Thumb Code     2  heapauxi.o(.text)
    __rt_heap_expand$2region                 0x08000351   Thumb Code     2  heapauxi.o(.text)
    __user_setup_stackheap                   0x08000353   Thumb Code    62  sys_stackheap_outer.o(.text)
    exit                                     0x08000391   Thumb Code    16  exit.o(.text)
    __user_libspace                          0x080003a1   Thumb Code     8  libspace.o(.text)
    __user_perproc_libspace                  0x080003a1   Thumb Code     0  libspace.o(.text)
    __user_perthread_libspace                0x080003a1   Thumb Code     0  libspace.o(.text)
    _sys_exit                                0x080003a9   Thumb Code     8  sys_exit.o(.text)
    __I$use$semihosting                      0x080003b5   Thumb Code     0  use_no_semi.o(.text)
    __use_no_semihosting_swi                 0x080003b5   Thumb Code     2  use_no_semi.o(.text)
    AssertFailure                            0x080003b7   Thumb Code     6  assert.o(i.AssertFailure)
    __semihosting_library_function           0x080003b7   Thumb Code     0  indicate_semi.o(.text)
    BackDoorCheck                            0x080003bd   Thumb Code    46  backdoor.o(i.BackDoorCheck)
    BackDoorInit                             0x080003f1   Thumb Code    18  backdoor.o(i.BackDoorInit)
    BackDoorRestartTimer                     0x08000409   Thumb Code    18  backdoor.o(i.BackDoorRestartTimer)
    BootInit                                 0x08000421   Thumb Code    28  boot.o(i.BootInit)
    BootTask                                 0x0800043d   Thumb Code    20  boot.o(i.BootTask)
    CanInit                                  0x080004bd   Thumb Code   138  can.o(i.CanInit)
    CanReceivePacket                         0x08000581   Thumb Code    54  can.o(i.CanReceivePacket)
    CanTransmitPacket                        0x080005c1   Thumb Code    70  can.o(i.CanTransmitPacket)
    ComFree                                  0x08000611   Thumb Code     2  com.o(i.ComFree)
    ComGetActiveInterfaceMaxRxLen            0x08000615   Thumb Code    40  com.o(i.ComGetActiveInterfaceMaxRxLen)
    ComGetActiveInterfaceMaxTxLen            0x08000641   Thumb Code    40  com.o(i.ComGetActiveInterfaceMaxTxLen)
    ComInit                                  0x0800066d   Thumb Code    26  com.o(i.ComInit)
    ComIsConnected                           0x0800068d   Thumb Code    18  com.o(i.ComIsConnected)
    ComTask                                  0x080006a1   Thumb Code    56  com.o(i.ComTask)
    ComTransmitPacket                        0x080006e1   Thumb Code    42  com.o(i.ComTransmitPacket)
    CopInit                                  0x08000711   Thumb Code     8  cop.o(i.CopInit)
    CopInitHook                              0x08000719   Thumb Code    10  hooks.o(i.CopInitHook)
    CopService                               0x08000723   Thumb Code     8  cop.o(i.CopService)
    CopServiceHook                           0x0800072b   Thumb Code     8  hooks.o(i.CopServiceHook)
    CpuInit                                  0x08000733   Thumb Code     8  cpu.o(i.CpuInit)
    CpuIrqDisable                            0x0800073b   Thumb Code     4  cpu_comp.o(i.CpuIrqDisable)
    CpuIrqEnable                             0x0800073f   Thumb Code     4  cpu_comp.o(i.CpuIrqEnable)
    CpuMemCopy                               0x08000743   Thumb Code    34  cpu.o(i.CpuMemCopy)
    CpuStartUserProgram                      0x08000765   Thumb Code    88  cpu.o(i.CpuStartUserProgram)
    CpuUserProgramStartHook                  0x080007c5   Thumb Code    36  hooks.o(i.CpuUserProgramStartHook)
    FLASH_PageErase                          0x08000811   Thumb Code    28  stm32f0xx_hal_flash_ex.o(i.FLASH_PageErase)
    FLASH_WaitForLastOperation               0x0800088d   Thumb Code    76  stm32f0xx_hal_flash.o(i.FLASH_WaitForLastOperation)
    FlashDone                                0x08000965   Thumb Code    50  flash.o(i.FlashDone)
    FlashErase                               0x080009a1   Thumb Code    58  flash.o(i.FlashErase)
    FlashGetUserProgBaseAddress              0x08000b05   Thumb Code     4  flash.o(i.FlashGetUserProgBaseAddress)
    FlashInit                                0x08000b0d   Thumb Code    14  flash.o(i.FlashInit)
    FlashVerifyChecksum                      0x08000b95   Thumb Code    48  flash.o(i.FlashVerifyChecksum)
    FlashWrite                               0x08000bc9   Thumb Code    86  flash.o(i.FlashWrite)
    FlashWriteChecksum                       0x08000c8d   Thumb Code    62  flash.o(i.FlashWriteChecksum)
    HAL_CAN_AddTxMessage                     0x08000cd5   Thumb Code   252  stm32f0xx_hal_can.o(i.HAL_CAN_AddTxMessage)
    HAL_CAN_ConfigFilter                     0x08000dd1   Thumb Code   244  stm32f0xx_hal_can.o(i.HAL_CAN_ConfigFilter)
    HAL_CAN_GetRxMessage                     0x08000ec5   Thumb Code   256  stm32f0xx_hal_can.o(i.HAL_CAN_GetRxMessage)
    HAL_CAN_Init                             0x08000fc5   Thumb Code   326  stm32f0xx_hal_can.o(i.HAL_CAN_Init)
    HAL_CAN_IsTxMessagePending               0x0800110b   Thumb Code    30  stm32f0xx_hal_can.o(i.HAL_CAN_IsTxMessagePending)
    HAL_CAN_MspInit                          0x08001129   Thumb Code     2  stm32f0xx_hal_can.o(i.HAL_CAN_MspInit)
    HAL_CAN_Start                            0x0800112b   Thumb Code    90  stm32f0xx_hal_can.o(i.HAL_CAN_Start)
    HAL_DeInit                               0x08001185   Thumb Code    30  stm32f0xx_hal.o(i.HAL_DeInit)
    HAL_FLASHEx_Erase                        0x080011a9   Thumb Code   148  stm32f0xx_hal_flash_ex.o(i.HAL_FLASHEx_Erase)
    HAL_FLASH_Lock                           0x08001249   Thumb Code    14  stm32f0xx_hal_flash.o(i.HAL_FLASH_Lock)
    HAL_FLASH_Program                        0x0800125d   Thumb Code   120  stm32f0xx_hal_flash.o(i.HAL_FLASH_Program)
    HAL_FLASH_Unlock                         0x080012e1   Thumb Code    28  stm32f0xx_hal_flash.o(i.HAL_FLASH_Unlock)
    HAL_GetTick                              0x08001309   Thumb Code     8  timer.o(i.HAL_GetTick)
    HAL_Init                                 0x08001311   Thumb Code    26  stm32f0xx_hal.o(i.HAL_Init)
    HAL_InitTick                             0x08001331   Thumb Code    34  stm32f0xx_hal.o(i.HAL_InitTick)
    HAL_MspDeInit                            0x08001355   Thumb Code    84  main.o(i.HAL_MspDeInit)
    HAL_MspInit                              0x080013b5   Thumb Code   154  main.o(i.HAL_MspInit)
    HAL_NVIC_SetPriority                     0x0800145d   Thumb Code     8  stm32f0xx_hal_cortex.o(i.HAL_NVIC_SetPriority)
    HAL_RCC_GetHCLKFreq                      0x08001465   Thumb Code     6  stm32f0xx_hal_rcc.o(i.HAL_RCC_GetHCLKFreq)
    HAL_SYSTICK_Config                       0x08001471   Thumb Code    38  stm32f0xx_hal_cortex.o(i.HAL_SYSTICK_Config)
    LL_GPIO_DeInit                           0x080014fd   Thumb Code   148  stm32f0xx_ll_gpio.o(i.LL_GPIO_DeInit)
    LL_GPIO_Init                             0x080015a5   Thumb Code   168  stm32f0xx_ll_gpio.o(i.LL_GPIO_Init)
    LL_RCC_DeInit                            0x0800164d   Thumb Code    98  stm32f0xx_ll_rcc.o(i.LL_RCC_DeInit)
    LL_RCC_GetSystemClocksFreq               0x080016bd   Thumb Code    24  stm32f0xx_ll_rcc.o(i.LL_RCC_GetSystemClocksFreq)
    LL_RCC_GetUSARTClockFreq                 0x080016d5   Thumb Code   236  stm32f0xx_ll_rcc.o(i.LL_RCC_GetUSARTClockFreq)
    LL_SetSystemCoreClock                    0x08001801   Thumb Code     6  stm32f0xx_ll_utils.o(i.LL_SetSystemCoreClock)
    LL_USART_Init                            0x0800180d   Thumb Code   250  stm32f0xx_ll_usart.o(i.LL_USART_Init)
    LedBlinkExit                             0x08001931   Thumb Code    10  led.o(i.LedBlinkExit)
    LedBlinkInit                             0x0800193d   Thumb Code     6  led.o(i.LedBlinkInit)
    LedBlinkTask                             0x08001949   Thumb Code    54  led.o(i.LedBlinkTask)
    NvmDone                                  0x080019c9   Thumb Code    20  nvm.o(i.NvmDone)
    NvmErase                                 0x080019dd   Thumb Code     8  nvm.o(i.NvmErase)
    NvmGetUserProgBaseAddress                0x080019e5   Thumb Code     8  nvm.o(i.NvmGetUserProgBaseAddress)
    NvmInit                                  0x080019ed   Thumb Code     8  nvm.o(i.NvmInit)
    NvmVerifyChecksum                        0x080019f5   Thumb Code     8  nvm.o(i.NvmVerifyChecksum)
    NvmWrite                                 0x080019fd   Thumb Code     8  nvm.o(i.NvmWrite)
    RCC_GetHCLKClockFreq                     0x08001a05   Thumb Code    18  stm32f0xx_ll_rcc.o(i.RCC_GetHCLKClockFreq)
    RCC_GetPCLK1ClockFreq                    0x08001a21   Thumb Code    20  stm32f0xx_ll_rcc.o(i.RCC_GetPCLK1ClockFreq)
    RCC_GetSystemClockFreq                   0x08001a3d   Thumb Code    38  stm32f0xx_ll_rcc.o(i.RCC_GetSystemClockFreq)
    RCC_PLL_GetFreqDomain_SYS                0x08001a71   Thumb Code    60  stm32f0xx_ll_rcc.o(i.RCC_PLL_GetFreqDomain_SYS)
    Rs232Init                                0x08001ab9   Thumb Code    56  rs232.o(i.Rs232Init)
    Rs232ReceivePacket                       0x08001b11   Thumb Code   114  rs232.o(i.Rs232ReceivePacket)
    Rs232TransmitPacket                      0x08001bb9   Thumb Code    48  rs232.o(i.Rs232TransmitPacket)
    SysTick_Handler                          0x08001c15   Thumb Code     2  timer.o(i.SysTick_Handler)
    SystemInit                               0x08001ccd   Thumb Code    76  system_stm32f0xx.o(i.SystemInit)
    TimerGet                                 0x08001d29   Thumb Code    12  timer.o(i.TimerGet)
    TimerInit                                0x08001d39   Thumb Code    26  timer.o(i.TimerInit)
    TimerReset                               0x08001d61   Thumb Code    12  timer.o(i.TimerReset)
    TimerUpdate                              0x08001d71   Thumb Code    18  timer.o(i.TimerUpdate)
    XcpInit                                  0x08002049   Thumb Code    22  xcp.o(i.XcpInit)
    XcpIsConnected                           0x08002065   Thumb Code    16  xcp.o(i.XcpIsConnected)
    XcpPacketReceived                        0x08002079   Thumb Code   208  xcp.o(i.XcpPacketReceived)
    XcpPacketTransmitted                     0x0800214d   Thumb Code     8  xcp.o(i.XcpPacketTransmitted)
    __ARM_common_switch8                     0x08002187   Thumb Code    26  stm32f0xx_hal_dma.o(i.__ARM_common_switch8)
    main                                     0x080021a1   Thumb Code    14  main.o(i.main)
    AHBPrescTable                            0x080021ae   Data          16  system_stm32f0xx.o(.constdata)
    APBPrescTable                            0x080021be   Data           8  system_stm32f0xx.o(.constdata)
    Region$$Table$$Base                      0x080022cc   Number         0  anon$$obj.o(Region$$Table)
    Region$$Table$$Limit                     0x080022ec   Number         0  anon$$obj.o(Region$$Table)
    SystemCoreClock                          0x200000c0   Data           4  system_stm32f0xx.o(.data)
    pFlash                                   0x200000e8   Data          32  stm32f0xx_hal_flash.o(.bss)
    __libspace_start                         0x20000608   Data          96  libspace.o(.bss)
    __temporary_stack_top$libspace           0x20000668   Data           0  libspace.o(.bss)



==============================================================================

Memory Map of the image

  Image Entry point : 0x080000bd

  Load Region LR_IROM1 (Base: 0x08000000, Size: 0x00002314, Max: 0x00002800, ABSOLUTE)

    Execution Region ER_IROM1 (Exec base: 0x08000000, Load base: 0x08000000, Size: 0x000022ec, Max: 0x00002800, ABSOLUTE)

    Exec Addr    Load Addr    Size         Type   Attr      Idx    E Section Name        Object

    0x08000000   0x08000000   0x000000bc   Data   RO         2320    RESET               startup_stm32f091.o
    0x080000bc   0x080000bc   0x00000008   Code   RO         3016  * !!!main             c_p.l(__main.o)
    0x080000c4   0x080000c4   0x0000003c   Code   RO         3185    !!!scatter          c_p.l(__scatter.o)
    0x08000100   0x08000100   0x0000001a   Code   RO         3187    !!handler_copy      c_p.l(__scatter_copy.o)
    0x0800011a   0x0800011a   0x00000002   PAD
    0x0800011c   0x0800011c   0x0000001c   Code   RO         3189    !!handler_zi        c_p.l(__scatter_zi.o)
    0x08000138   0x08000138   0x00000002   Code   RO         3054    .ARM.Collect$$libinit$$00000000  c_p.l(libinit.o)
    0x0800013a   0x0800013a   0x00000000   Code   RO         3068    .ARM.Collect$$libinit$$00000002  c_p.l(libinit2.o)
    0x0800013a   0x0800013a   0x00000000   Code   RO         3070    .ARM.Collect$$libinit$$00000004  c_p.l(libinit2.o)
    0x0800013a   0x0800013a   0x00000000   Code   RO         3073    .ARM.Collect$$libinit$$0000000A  c_p.l(libinit2.o)
    0x0800013a   0x0800013a   0x00000000   Code   RO         3075    .ARM.Collect$$libinit$$0000000C  c_p.l(libinit2.o)
    0x0800013a   0x0800013a   0x00000000   Code   RO         3077    .ARM.Collect$$libinit$$0000000E  c_p.l(libinit2.o)
    0x0800013a   0x0800013a   0x00000000   Code   RO         3080    .ARM.Collect$$libinit$$00000011  c_p.l(libinit2.o)
    0x0800013a   0x0800013a   0x00000000   Code   RO         3082    .ARM.Collect$$libinit$$00000013  c_p.l(libinit2.o)
    0x0800013a   0x0800013a   0x00000000   Code   RO         3084    .ARM.Collect$$libinit$$00000015  c_p.l(libinit2.o)
    0x0800013a   0x0800013a   0x00000000   Code   RO         3086    .ARM.Collect$$libinit$$00000017  c_p.l(libinit2.o)
    0x0800013a   0x0800013a   0x00000000   Code   RO         3088    .ARM.Collect$$libinit$$00000019  c_p.l(libinit2.o)
    0x0800013a   0x0800013a   0x00000000   Code   RO         3090    .ARM.Collect$$libinit$$0000001B  c_p.l(libinit2.o)
    0x0800013a   0x0800013a   0x00000000   Code   RO         3092    .ARM.Collect$$libinit$$0000001D  c_p.l(libinit2.o)
    0x0800013a   0x0800013a   0x00000000   Code   RO         3094    .ARM.Collect$$libinit$$0000001F  c_p.l(libinit2.o)
    0x0800013a   0x0800013a   0x00000000   Code   RO         3096    .ARM.Collect$$libinit$$00000021  c_p.l(libinit2.o)
    0x0800013a   0x0800013a   0x00000000   Code   RO         3098    .ARM.Collect$$libinit$$00000023  c_p.l(libinit2.o)
    0x0800013a   0x0800013a   0x00000000   Code   RO         3100    .ARM.Collect$$libinit$$00000025  c_p.l(libinit2.o)
    0x0800013a   0x0800013a   0x00000000   Code   RO         3104    .ARM.Collect$$libinit$$0000002C  c_p.l(libinit2.o)
    0x0800013a   0x0800013a   0x00000000   Code   RO         3106    .ARM.Collect$$libinit$$0000002E  c_p.l(libinit2.o)
    0x0800013a   0x0800013a   0x00000000   Code   RO         3108    .ARM.Collect$$libinit$$00000030  c_p.l(libinit2.o)
    0x0800013a   0x0800013a   0x00000000   Code   RO         3110    .ARM.Collect$$libinit$$00000032  c_p.l(libinit2.o)
    0x0800013a   0x0800013a   0x00000002   Code   RO         3111    .ARM.Collect$$libinit$$00000033  c_p.l(libinit2.o)
    0x0800013c   0x0800013c   0x00000002   Code   RO         3142    .ARM.Collect$$libshutdown$$00000000  c_p.l(libshutdown.o)
    0x0800013e   0x0800013e   0x00000000   Code   RO         3168    .ARM.Collect$$libshutdown$$00000002  c_p.l(libshutdown2.o)
    0x0800013e   0x0800013e   0x00000000   Code   RO         3170    .ARM.Collect$$libshutdown$$00000004  c_p.l(libshutdown2.o)
    0x0800013e   0x0800013e   0x00000000   Code   RO         3173    .ARM.Collect$$libshutdown$$00000007  c_p.l(libshutdown2.o)
    0x0800013e   0x0800013e   0x00000000   Code   RO         3176    .ARM.Collect$$libshutdown$$0000000A  c_p.l(libshutdown2.o)
    0x0800013e   0x0800013e   0x00000000   Code   RO         3178    .ARM.Collect$$libshutdown$$0000000C  c_p.l(libshutdown2.o)
    0x0800013e   0x0800013e   0x00000000   Code   RO         3181    .ARM.Collect$$libshutdown$$0000000F  c_p.l(libshutdown2.o)
    0x0800013e   0x0800013e   0x00000002   Code   RO         3182    .ARM.Collect$$libshutdown$$00000010  c_p.l(libshutdown2.o)
    0x08000140   0x08000140   0x00000000   Code   RO         3018    .ARM.Collect$$rtentry$$00000000  c_p.l(__rtentry.o)
    0x08000140   0x08000140   0x00000000   Code   RO         3024    .ARM.Collect$$rtentry$$00000002  c_p.l(__rtentry2.o)
    0x08000140   0x08000140   0x00000006   Code   RO         3036    .ARM.Collect$$rtentry$$00000004  c_p.l(__rtentry4.o)
    0x08000146   0x08000146   0x00000000   Code   RO         3026    .ARM.Collect$$rtentry$$00000009  c_p.l(__rtentry2.o)
    0x08000146   0x08000146   0x00000004   Code   RO         3027    .ARM.Collect$$rtentry$$0000000A  c_p.l(__rtentry2.o)
    0x0800014a   0x0800014a   0x00000000   Code   RO         3029    .ARM.Collect$$rtentry$$0000000C  c_p.l(__rtentry2.o)
    0x0800014a   0x0800014a   0x00000008   Code   RO         3030    .ARM.Collect$$rtentry$$0000000D  c_p.l(__rtentry2.o)
    0x08000152   0x08000152   0x00000002   Code   RO         3059    .ARM.Collect$$rtexit$$00000000  c_p.l(rtexit.o)
    0x08000154   0x08000154   0x00000000   Code   RO         3115    .ARM.Collect$$rtexit$$00000002  c_p.l(rtexit2.o)
    0x08000154   0x08000154   0x00000004   Code   RO         3116    .ARM.Collect$$rtexit$$00000003  c_p.l(rtexit2.o)
    0x08000158   0x08000158   0x00000006   Code   RO         3117    .ARM.Collect$$rtexit$$00000004  c_p.l(rtexit2.o)
    0x0800015e   0x0800015e   0x00000002   PAD
    0x08000160   0x08000160   0x00000070   Code   RO         2321    .text               startup_stm32f091.o
    0x080001d0   0x080001d0   0x00000022   Code   RO         3008    .text               c_p.l(llushr.o)
    0x080001f2   0x080001f2   0x0000015a   Code   RO         3010    .text               c_p.l(aeabi_sdiv.o)
    0x0800034c   0x0800034c   0x00000006   Code   RO         3014    .text               c_p.l(heapauxi.o)
    0x08000352   0x08000352   0x0000003e   Code   RO         3040    .text               c_p.l(sys_stackheap_outer.o)
    0x08000390   0x08000390   0x00000010   Code   RO         3043    .text               c_p.l(exit.o)
    0x080003a0   0x080003a0   0x00000008   Code   RO         3055    .text               c_p.l(libspace.o)
    0x080003a8   0x080003a8   0x0000000c   Code   RO         3112    .text               c_p.l(sys_exit.o)
    0x080003b4   0x080003b4   0x00000002   Code   RO         3131    .text               c_p.l(use_no_semi.o)
    0x080003b6   0x080003b6   0x00000000   Code   RO         3133    .text               c_p.l(indicate_semi.o)
    0x080003b6   0x080003b6   0x00000006   Code   RO         2360    i.AssertFailure     assert.o
    0x080003bc   0x080003bc   0x00000034   Code   RO         2372    i.BackDoorCheck     backdoor.o
    0x080003f0   0x080003f0   0x00000018   Code   RO         2374    i.BackDoorInit      backdoor.o
    0x08000408   0x08000408   0x00000018   Code   RO         2375    i.BackDoorRestartTimer  backdoor.o
    0x08000420   0x08000420   0x0000001c   Code   RO         2410    i.BootInit          boot.o
    0x0800043c   0x0800043c   0x00000014   Code   RO         2411    i.BootTask          boot.o
    0x08000450   0x08000450   0x0000006c   Code   RO         2651    i.CanGetSpeedConfig  can.o
    0x080004bc   0x080004bc   0x000000c4   Code   RO         2652    i.CanInit           can.o
    0x08000580   0x08000580   0x00000040   Code   RO         2653    i.CanReceivePacket  can.o
    0x080005c0   0x080005c0   0x00000050   Code   RO         2654    i.CanTransmitPacket  can.o
    0x08000610   0x08000610   0x00000002   Code   RO         2428    i.ComFree           com.o
    0x08000612   0x08000612   0x00000002   PAD
    0x08000614   0x08000614   0x0000002c   Code   RO         2429    i.ComGetActiveInterfaceMaxRxLen  com.o
    0x08000640   0x08000640   0x0000002c   Code   RO         2430    i.ComGetActiveInterfaceMaxTxLen  com.o
    0x0800066c   0x0800066c   0x00000020   Code   RO         2431    i.ComInit           com.o
    0x0800068c   0x0800068c   0x00000012   Code   RO         2432    i.ComIsConnected    com.o
    0x0800069e   0x0800069e   0x00000002   PAD
    0x080006a0   0x080006a0   0x00000040   Code   RO         2433    i.ComTask           com.o
    0x080006e0   0x080006e0   0x00000030   Code   RO         2434    i.ComTransmitPacket  com.o
    0x08000710   0x08000710   0x00000008   Code   RO         2485    i.CopInit           cop.o
    0x08000718   0x08000718   0x0000000a   Code   RO         2327    i.CopInitHook       hooks.o
    0x08000722   0x08000722   0x00000008   Code   RO         2486    i.CopService        cop.o
    0x0800072a   0x0800072a   0x00000008   Code   RO         2328    i.CopServiceHook    hooks.o
    0x08000732   0x08000732   0x00000008   Code   RO         2691    i.CpuInit           cpu.o
    0x0800073a   0x0800073a   0x00000004   Code   RO         2941    i.CpuIrqDisable     cpu_comp.o
    0x0800073e   0x0800073e   0x00000004   Code   RO         2942    i.CpuIrqEnable      cpu_comp.o
    0x08000742   0x08000742   0x00000022   Code   RO         2692    i.CpuMemCopy        cpu.o
    0x08000764   0x08000764   0x00000060   Code   RO         2694    i.CpuStartUserProgram  cpu.o
    0x080007c4   0x080007c4   0x00000028   Code   RO         2329    i.CpuUserProgramStartHook  hooks.o
    0x080007ec   0x080007ec   0x00000024   Code   RO          799    i.FLASH_MassErase   stm32f0xx_hal_flash_ex.o
    0x08000810   0x08000810   0x00000024   Code   RO          808    i.FLASH_PageErase   stm32f0xx_hal_flash_ex.o
    0x08000834   0x08000834   0x00000020   Code   RO          700    i.FLASH_Program_HalfWord  stm32f0xx_hal_flash.o
    0x08000854   0x08000854   0x00000038   Code   RO          701    i.FLASH_SetErrorCode  stm32f0xx_hal_flash.o
    0x0800088c   0x0800088c   0x00000050   Code   RO          702    i.FLASH_WaitForLastOperation  stm32f0xx_hal_flash.o
    0x080008dc   0x080008dc   0x00000088   Code   RO         2735    i.FlashAddToBlock   flash.o
    0x08000964   0x08000964   0x0000003c   Code   RO         2736    i.FlashDone         flash.o
    0x080009a0   0x080009a0   0x00000040   Code   RO         2737    i.FlashErase        flash.o
    0x080009e0   0x080009e0   0x00000080   Code   RO         2738    i.FlashEraseSectors  flash.o
    0x08000a60   0x08000a60   0x0000003c   Code   RO         2739    i.FlashGetSector    flash.o
    0x08000a9c   0x08000a9c   0x00000034   Code   RO         2740    i.FlashGetSectorBaseAddr  flash.o
    0x08000ad0   0x08000ad0   0x00000034   Code   RO         2741    i.FlashGetSectorSize  flash.o
    0x08000b04   0x08000b04   0x00000008   Code   RO         2742    i.FlashGetUserProgBaseAddress  flash.o
    0x08000b0c   0x08000b0c   0x00000018   Code   RO         2743    i.FlashInit         flash.o
    0x08000b24   0x08000b24   0x00000022   Code   RO         2744    i.FlashInitBlock    flash.o
    0x08000b46   0x08000b46   0x00000002   PAD
    0x08000b48   0x08000b48   0x0000004c   Code   RO         2746    i.FlashSwitchBlock  flash.o
    0x08000b94   0x08000b94   0x00000034   Code   RO         2747    i.FlashVerifyChecksum  flash.o
    0x08000bc8   0x08000bc8   0x00000068   Code   RO         2748    i.FlashWrite        flash.o
    0x08000c30   0x08000c30   0x0000005a   Code   RO         2749    i.FlashWriteBlock   flash.o
    0x08000c8a   0x08000c8a   0x00000002   PAD
    0x08000c8c   0x08000c8c   0x00000048   Code   RO         2750    i.FlashWriteChecksum  flash.o
    0x08000cd4   0x08000cd4   0x000000fc   Code   RO          280    i.HAL_CAN_AddTxMessage  stm32f0xx_hal_can.o
    0x08000dd0   0x08000dd0   0x000000f4   Code   RO          281    i.HAL_CAN_ConfigFilter  stm32f0xx_hal_can.o
    0x08000ec4   0x08000ec4   0x00000100   Code   RO          287    i.HAL_CAN_GetRxMessage  stm32f0xx_hal_can.o
    0x08000fc4   0x08000fc4   0x00000146   Code   RO          292    i.HAL_CAN_Init      stm32f0xx_hal_can.o
    0x0800110a   0x0800110a   0x0000001e   Code   RO          294    i.HAL_CAN_IsTxMessagePending  stm32f0xx_hal_can.o
    0x08001128   0x08001128   0x00000002   Code   RO          296    i.HAL_CAN_MspInit   stm32f0xx_hal_can.o
    0x0800112a   0x0800112a   0x0000005a   Code   RO          304    i.HAL_CAN_Start     stm32f0xx_hal_can.o
    0x08001184   0x08001184   0x00000024   Code   RO          120    i.HAL_DeInit        stm32f0xx_hal.o
    0x080011a8   0x080011a8   0x000000a0   Code   RO          809    i.HAL_FLASHEx_Erase  stm32f0xx_hal_flash_ex.o
    0x08001248   0x08001248   0x00000014   Code   RO          706    i.HAL_FLASH_Lock    stm32f0xx_hal_flash.o
    0x0800125c   0x0800125c   0x00000084   Code   RO          711    i.HAL_FLASH_Program  stm32f0xx_hal_flash.o
    0x080012e0   0x080012e0   0x00000028   Code   RO          713    i.HAL_FLASH_Unlock  stm32f0xx_hal_flash.o
    0x08001308   0x08001308   0x00000008   Code   RO         2891    i.HAL_GetTick       timer.o
    0x08001310   0x08001310   0x00000020   Code   RO          130    i.HAL_Init          stm32f0xx_hal.o
    0x08001330   0x08001330   0x00000022   Code   RO          131    i.HAL_InitTick      stm32f0xx_hal.o
    0x08001352   0x08001352   0x00000002   PAD
    0x08001354   0x08001354   0x00000060   Code   RO         2247    i.HAL_MspDeInit     main.o
    0x080013b4   0x080013b4   0x000000a8   Code   RO         2248    i.HAL_MspInit       main.o
    0x0800145c   0x0800145c   0x00000008   Code   RO          514    i.HAL_NVIC_SetPriority  stm32f0xx_hal_cortex.o
    0x08001464   0x08001464   0x0000000c   Code   RO         1597    i.HAL_RCC_GetHCLKFreq  stm32f0xx_hal_rcc.o
    0x08001470   0x08001470   0x00000030   Code   RO          518    i.HAL_SYSTICK_Config  stm32f0xx_hal_cortex.o
    0x080014a0   0x080014a0   0x0000000c   Code   RO         2249    i.Init              main.o
    0x080014ac   0x080014ac   0x00000018   Code   RO         2250    i.LL_AHB1_GRP1_EnableClock  main.o
    0x080014c4   0x080014c4   0x00000010   Code   RO         1877    i.LL_AHB1_GRP1_ForceReset  stm32f0xx_ll_gpio.o
    0x080014d4   0x080014d4   0x00000010   Code   RO         1878    i.LL_AHB1_GRP1_ReleaseReset  stm32f0xx_ll_gpio.o
    0x080014e4   0x080014e4   0x00000018   Code   RO         2251    i.LL_APB1_GRP1_EnableClock  main.o
    0x080014fc   0x080014fc   0x000000a8   Code   RO         1879    i.LL_GPIO_DeInit    stm32f0xx_ll_gpio.o
    0x080015a4   0x080015a4   0x000000a8   Code   RO         1880    i.LL_GPIO_Init      stm32f0xx_ll_gpio.o
    0x0800164c   0x0800164c   0x00000070   Code   RO         1925    i.LL_RCC_DeInit     stm32f0xx_ll_rcc.o
    0x080016bc   0x080016bc   0x00000018   Code   RO         1928    i.LL_RCC_GetSystemClocksFreq  stm32f0xx_ll_rcc.o
    0x080016d4   0x080016d4   0x000000f8   Code   RO         1929    i.LL_RCC_GetUSARTClockFreq  stm32f0xx_ll_rcc.o
    0x080017cc   0x080017cc   0x00000014   Code   RO         1930    i.LL_RCC_GetUSARTClockSource  stm32f0xx_ll_rcc.o
    0x080017e0   0x080017e0   0x00000010   Code   RO         1931    i.LL_RCC_HSI_IsReady  stm32f0xx_ll_rcc.o
    0x080017f0   0x080017f0   0x00000010   Code   RO         1932    i.LL_RCC_LSE_IsReady  stm32f0xx_ll_rcc.o
    0x08001800   0x08001800   0x0000000c   Code   RO         2089    i.LL_SetSystemCoreClock  stm32f0xx_ll_utils.o
    0x0800180c   0x0800180c   0x00000124   Code   RO         2018    i.LL_USART_Init     stm32f0xx_ll_usart.o
    0x08001930   0x08001930   0x0000000a   Code   RO         2168    i.LedBlinkExit      led.o
    0x0800193a   0x0800193a   0x00000002   PAD
    0x0800193c   0x0800193c   0x0000000c   Code   RO         2169    i.LedBlinkInit      led.o
    0x08001948   0x08001948   0x0000003c   Code   RO         2170    i.LedBlinkTask      led.o
    0x08001984   0x08001984   0x00000044   Code   RO          520    i.NVIC_SetPriority  stm32f0xx_hal_cortex.o
    0x080019c8   0x080019c8   0x00000014   Code   RO         2838    i.NvmDone           nvm.o
    0x080019dc   0x080019dc   0x00000008   Code   RO         2839    i.NvmErase          nvm.o
    0x080019e4   0x080019e4   0x00000008   Code   RO         2840    i.NvmGetUserProgBaseAddress  nvm.o
    0x080019ec   0x080019ec   0x00000008   Code   RO         2841    i.NvmInit           nvm.o
    0x080019f4   0x080019f4   0x00000008   Code   RO         2843    i.NvmVerifyChecksum  nvm.o
    0x080019fc   0x080019fc   0x00000008   Code   RO         2844    i.NvmWrite          nvm.o
    0x08001a04   0x08001a04   0x0000001c   Code   RO         1933    i.RCC_GetHCLKClockFreq  stm32f0xx_ll_rcc.o
    0x08001a20   0x08001a20   0x0000001c   Code   RO         1934    i.RCC_GetPCLK1ClockFreq  stm32f0xx_ll_rcc.o
    0x08001a3c   0x08001a3c   0x00000034   Code   RO         1935    i.RCC_GetSystemClockFreq  stm32f0xx_ll_rcc.o
    0x08001a70   0x08001a70   0x00000048   Code   RO         1936    i.RCC_PLL_GetFreqDomain_SYS  stm32f0xx_ll_rcc.o
    0x08001ab8   0x08001ab8   0x0000003c   Code   RO         2961    i.Rs232Init         rs232.o
    0x08001af4   0x08001af4   0x0000001c   Code   RO         2962    i.Rs232ReceiveByte  rs232.o
    0x08001b10   0x08001b10   0x0000007c   Code   RO         2963    i.Rs232ReceivePacket  rs232.o
    0x08001b8c   0x08001b8c   0x0000002c   Code   RO         2964    i.Rs232TransmitByte  rs232.o
    0x08001bb8   0x08001bb8   0x0000005c   Code   RO         2965    i.Rs232TransmitPacket  rs232.o
    0x08001c14   0x08001c14   0x00000002   Code   RO         2892    i.SysTick_Handler   timer.o
    0x08001c16   0x08001c16   0x00000002   PAD
    0x08001c18   0x08001c18   0x000000b4   Code   RO         2252    i.SystemClock_Config  main.o
    0x08001ccc   0x08001ccc   0x0000005c   Code   RO            4    i.SystemInit        system_stm32f0xx.o
    0x08001d28   0x08001d28   0x00000010   Code   RO         2893    i.TimerGet          timer.o
    0x08001d38   0x08001d38   0x00000028   Code   RO         2894    i.TimerInit         timer.o
    0x08001d60   0x08001d60   0x00000010   Code   RO         2895    i.TimerReset        timer.o
    0x08001d70   0x08001d70   0x0000001c   Code   RO         2896    i.TimerUpdate       timer.o
    0x08001d8c   0x08001d8c   0x00000028   Code   RO         2521    i.XcpCmdBuildCheckSum  xcp.o
    0x08001db4   0x08001db4   0x00000044   Code   RO         2522    i.XcpCmdConnect     xcp.o
    0x08001df8   0x08001df8   0x00000020   Code   RO         2523    i.XcpCmdDisconnect  xcp.o
    0x08001e18   0x08001e18   0x00000028   Code   RO         2524    i.XcpCmdGetId       xcp.o
    0x08001e40   0x08001e40   0x00000020   Code   RO         2525    i.XcpCmdGetStatus   xcp.o
    0x08001e60   0x08001e60   0x00000060   Code   RO         2526    i.XcpCmdProgram     xcp.o
    0x08001ec0   0x08001ec0   0x0000002c   Code   RO         2527    i.XcpCmdProgramClear  xcp.o
    0x08001eec   0x08001eec   0x00000040   Code   RO         2528    i.XcpCmdProgramMax  xcp.o
    0x08001f2c   0x08001f2c   0x0000000a   Code   RO         2529    i.XcpCmdProgramPrepare  xcp.o
    0x08001f36   0x08001f36   0x00000002   PAD
    0x08001f38   0x08001f38   0x0000001c   Code   RO         2530    i.XcpCmdProgramReset  xcp.o
    0x08001f54   0x08001f54   0x00000028   Code   RO         2531    i.XcpCmdProgramStart  xcp.o
    0x08001f7c   0x08001f7c   0x00000018   Code   RO         2532    i.XcpCmdSetMta      xcp.o
    0x08001f94   0x08001f94   0x00000044   Code   RO         2533    i.XcpCmdShortUpload  xcp.o
    0x08001fd8   0x08001fd8   0x0000000a   Code   RO         2534    i.XcpCmdSynch       xcp.o
    0x08001fe2   0x08001fe2   0x00000002   PAD
    0x08001fe4   0x08001fe4   0x00000040   Code   RO         2535    i.XcpCmdUpload      xcp.o
    0x08002024   0x08002024   0x00000024   Code   RO         2536    i.XcpComputeChecksum  xcp.o
    0x08002048   0x08002048   0x0000001c   Code   RO         2537    i.XcpInit           xcp.o
    0x08002064   0x08002064   0x00000014   Code   RO         2538    i.XcpIsConnected    xcp.o
    0x08002078   0x08002078   0x000000d4   Code   RO         2539    i.XcpPacketReceived  xcp.o
    0x0800214c   0x0800214c   0x0000000c   Code   RO         2540    i.XcpPacketTransmitted  xcp.o
    0x08002158   0x08002158   0x0000000c   Code   RO         2541    i.XcpProtectResources  xcp.o
    0x08002164   0x08002164   0x00000018   Code   RO         2542    i.XcpSetCtoError    xcp.o
    0x0800217c   0x0800217c   0x0000000a   Code   RO         2543    i.XcpTransmitPacket  xcp.o
    0x08002186   0x08002186   0x0000001a   Code   RO          693    i.__ARM_common_switch8  stm32f0xx_hal_dma.o
    0x080021a0   0x080021a0   0x0000000e   Code   RO         2253    i.main              main.o
    0x080021ae   0x080021ae   0x00000010   Data   RO            5    .constdata          system_stm32f0xx.o
    0x080021be   0x080021be   0x00000008   Data   RO            6    .constdata          system_stm32f0xx.o
    0x080021c6   0x080021c6   0x00000008   Data   RO         2545    .constdata          xcp.o
    0x080021ce   0x080021ce   0x00000024   Data   RO         2656    .constdata          can.o
    0x080021f2   0x080021f2   0x00000002   PAD
    0x080021f4   0x080021f4   0x000000d8   Data   RO         2752    .constdata          flash.o
    0x080022cc   0x080022cc   0x00000020   Data   RO         3183    Region$$Table       anon$$obj.o


    Execution Region RW_IRAM1 (Exec base: 0x200000c0, Load base: 0x080022ec, Size: 0x00000ba8, Max: 0x00007f40, ABSOLUTE)

    Exec Addr    Load Addr    Size         Type   Attr      Idx    E Section Name        Object

    0x200000c0   0x080022ec   0x00000004   Data   RW            7    .data               system_stm32f0xx.o
    0x200000c4   0x080022f0   0x00000008   Data   RW         2171    .data               led.o
    0x200000cc   0x080022f8   0x0000000c   Data   RW         2377    .data               backdoor.o
    0x200000d8   0x08002304   0x00000001   Data   RW         2436    .data               com.o
    0x200000d9   0x08002305   0x00000003   PAD
    0x200000dc   0x08002308   0x00000004   Data   RW         2897    .data               timer.o
    0x200000e0   0x0800230c   0x00000008   Data   RW         2967    .data               rs232.o
    0x200000e8        -       0x00000020   Zero   RW          714    .bss                stm32f0xx_hal_flash.o
    0x20000108        -       0x00000040   Zero   RW         2435    .bss                com.o
    0x20000148        -       0x0000004c   Zero   RW         2544    .bss                xcp.o
    0x20000194        -       0x00000028   Zero   RW         2655    .bss                can.o
    0x200001bc        -       0x00000408   Zero   RW         2751    .bss                flash.o
    0x200005c4        -       0x00000041   Zero   RW         2966    .bss                rs232.o
    0x20000605   0x08002314   0x00000003   PAD
    0x20000608        -       0x00000060   Zero   RW         3056    .bss                c_p.l(libspace.o)
    0x20000668        -       0x00000200   Zero   RW         2319    HEAP                startup_stm32f091.o
    0x20000868        -       0x00000400   Zero   RW         2318    STACK               startup_stm32f091.o


==============================================================================

Image component sizes


      Code (inc. data)   RO Data    RW Data    ZI Data      Debug   Object Name

         6          0          0          0          0        804   assert.o
       100         18          0         12          0       1802   backdoor.o
        48          0          0          0          0        966   boot.o
       448         86         36          0         40       4221   can.o
       252         28          0          1         64       4499   com.o
        16          0          0          0          0        923   cop.o
       138          8          0          0          0      15141   cpu.o
         8          0          0          0          0        983   cpu_comp.o
      1012         92        216          0       1032      12163   flash.o
        58          4          0          0          0       5497   hooks.o
        82         12          0          8          0       6541   led.o
       518         62          0          0          0      26205   main.o
        60          0          0          0          0       3750   nvm.o
       348         66          0          8         65      21891   rs232.o
       112         54        188          0       1536        608   startup_stm32f091.o
       102         12          0          0          0     424927   stm32f0xx_hal.o
      1200          0          0          0          0       6731   stm32f0xx_hal_can.o
       124         18          0          0          0       8404   stm32f0xx_hal_cortex.o
        26          0          0          0          0         72   stm32f0xx_hal_dma.o
       360         54          0          0         32       4438   stm32f0xx_hal_flash.o
       232         30          0          0          0       2535   stm32f0xx_hal_flash_ex.o
        12          6          0          0          0        538   stm32f0xx_hal_rcc.o
       368         32          0          0          0      12000   stm32f0xx_ll_gpio.o
       616         86          0          0          0      20544   stm32f0xx_ll_rcc.o
       292         42          0          0          0      34284   stm32f0xx_ll_usart.o
        12          6          0          0          0       9556   stm32f0xx_ll_utils.o
        92         16         24          4          0     437095   system_stm32f0xx.o
       110         32          0          4          0       3262   timer.o
      1014        112          8          0         76      12578   xcp.o

    ----------------------------------------------------------------------
      7784        876        506         40       2848    1082958   Object Totals
         0          0         32          0          0          0   (incl. Generated)
        18          0          2          3          3          0   (incl. Padding)

    ----------------------------------------------------------------------

      Code (inc. data)   RO Data    RW Data    ZI Data      Debug   Library Member Name

         8          0          0          0          0         68   __main.o
         0          0          0          0          0          0   __rtentry.o
        12          0          0          0          0          0   __rtentry2.o
         6          0          0          0          0          0   __rtentry4.o
        60          8          0          0          0          0   __scatter.o
        26          0          0          0          0          0   __scatter_copy.o
        28          0          0          0          0          0   __scatter_zi.o
       346          0          0          0          0         92   aeabi_sdiv.o
        16          0          0          0          0         68   exit.o
         6          0          0          0          0        136   heapauxi.o
         0          0          0          0          0          0   indicate_semi.o
         2          0          0          0          0          0   libinit.o
         2          0          0          0          0          0   libinit2.o
         2          0          0          0          0          0   libshutdown.o
         2          0          0          0          0          0   libshutdown2.o
         8          4          0          0         96         68   libspace.o
        34          0          0          0          0         68   llushr.o
         2          0          0          0          0          0   rtexit.o
        10          0          0          0          0          0   rtexit2.o
        12          4          0          0          0         60   sys_exit.o
        62          0          0          0          0         80   sys_stackheap_outer.o
         2          0          0          0          0         68   use_no_semi.o

    ----------------------------------------------------------------------
       650         16          0          0         96        708   Library Totals
         4          0          0          0          0          0   (incl. Padding)

    ----------------------------------------------------------------------

      Code (inc. data)   RO Data    RW Data    ZI Data      Debug   Library Name

       646         16          0          0         96        708   c_p.l

    ----------------------------------------------------------------------
       650         16          0          0         96        708   Library Totals

    ----------------------------------------------------------------------

==============================================================================


      Code (inc. data)   RO Data    RW Data    ZI Data      Debug   

      8434        892        506         40       2944    1077802   Grand Totals
      8434        892        506         40       2944    1077802   ELF Image Totals
      8434        892        506         40          0          0   ROM Totals

==============================================================================

    Total RO  Size (Code + RO Data)                 8940 (   8.73kB)
    Total RW  Size (RW Data + ZI Data)              2984 (   2.91kB)
    Total ROM Size (Code + RO Data + RW Data)       8980 (   8.77kB)

==============================================================================

