Component: ARM Compiler 5.06 update 6 (build 750) Tool: armlink [4d35ed]

==============================================================================

Section Cross References

    system_stm32f0xx.o(i.SystemCoreClockUpdate) refers to aeabi_sdiv.o(.text) for __aeabi_uidivmod
    system_stm32f0xx.o(i.SystemCoreClockUpdate) refers to system_stm32f0xx.o(.data) for .data
    system_stm32f0xx.o(i.SystemCoreClockUpdate) refers to system_stm32f0xx.o(.constdata) for .constdata
    stm32f0xx_hal.o(i.HAL_DeInit) refers to main.o(i.HAL_MspDeInit) for HAL_MspDeInit
    stm32f0xx_hal.o(i.HAL_Delay) refers to stm32f0xx_hal.o(i.HAL_GetTick) for HAL_GetTick
    stm32f0xx_hal.o(i.HAL_GetTick) refers to stm32f0xx_hal.o(.data) for .data
    stm32f0xx_hal.o(i.HAL_IncTick) refers to stm32f0xx_hal.o(.data) for .data
    stm32f0xx_hal.o(i.HAL_Init) refers to stm32f0xx_hal.o(i.HAL_InitTick) for HAL_InitTick
    stm32f0xx_hal.o(i.HAL_Init) refers to main.o(i.HAL_MspInit) for HAL_MspInit
    stm32f0xx_hal.o(i.HAL_InitTick) refers to stm32f0xx_hal_rcc.o(i.HAL_RCC_GetHCLKFreq) for HAL_RCC_GetHCLKFreq
    stm32f0xx_hal.o(i.HAL_InitTick) refers to aeabi_sdiv.o(.text) for __aeabi_uidivmod
    stm32f0xx_hal.o(i.HAL_InitTick) refers to stm32f0xx_hal_cortex.o(i.HAL_SYSTICK_Config) for HAL_SYSTICK_Config
    stm32f0xx_hal.o(i.HAL_InitTick) refers to stm32f0xx_hal_cortex.o(i.HAL_NVIC_SetPriority) for HAL_NVIC_SetPriority
    stm32f0xx_hal_can.o(i.HAL_CAN_DeInit) refers to stm32f0xx_hal_can.o(i.HAL_CAN_Stop) for HAL_CAN_Stop
    stm32f0xx_hal_can.o(i.HAL_CAN_DeInit) refers to stm32f0xx_hal_can.o(i.HAL_CAN_MspDeInit) for HAL_CAN_MspDeInit
    stm32f0xx_hal_can.o(i.HAL_CAN_IRQHandler) refers to stm32f0xx_hal_can.o(i.HAL_CAN_TxMailbox0CompleteCallback) for HAL_CAN_TxMailbox0CompleteCallback
    stm32f0xx_hal_can.o(i.HAL_CAN_IRQHandler) refers to stm32f0xx_hal_can.o(i.HAL_CAN_TxMailbox0AbortCallback) for HAL_CAN_TxMailbox0AbortCallback
    stm32f0xx_hal_can.o(i.HAL_CAN_IRQHandler) refers to stm32f0xx_hal_can.o(i.HAL_CAN_TxMailbox1CompleteCallback) for HAL_CAN_TxMailbox1CompleteCallback
    stm32f0xx_hal_can.o(i.HAL_CAN_IRQHandler) refers to stm32f0xx_hal_can.o(i.HAL_CAN_TxMailbox1AbortCallback) for HAL_CAN_TxMailbox1AbortCallback
    stm32f0xx_hal_can.o(i.HAL_CAN_IRQHandler) refers to stm32f0xx_hal_can.o(i.HAL_CAN_TxMailbox2CompleteCallback) for HAL_CAN_TxMailbox2CompleteCallback
    stm32f0xx_hal_can.o(i.HAL_CAN_IRQHandler) refers to stm32f0xx_hal_can.o(i.HAL_CAN_TxMailbox2AbortCallback) for HAL_CAN_TxMailbox2AbortCallback
    stm32f0xx_hal_can.o(i.HAL_CAN_IRQHandler) refers to stm32f0xx_hal_can.o(i.HAL_CAN_RxFifo0FullCallback) for HAL_CAN_RxFifo0FullCallback
    stm32f0xx_hal_can.o(i.HAL_CAN_IRQHandler) refers to stm32f0xx_hal_can.o(i.HAL_CAN_RxFifo0MsgPendingCallback) for HAL_CAN_RxFifo0MsgPendingCallback
    stm32f0xx_hal_can.o(i.HAL_CAN_IRQHandler) refers to stm32f0xx_hal_can.o(i.HAL_CAN_RxFifo1FullCallback) for HAL_CAN_RxFifo1FullCallback
    stm32f0xx_hal_can.o(i.HAL_CAN_IRQHandler) refers to stm32f0xx_hal_can.o(i.HAL_CAN_RxFifo1MsgPendingCallback) for HAL_CAN_RxFifo1MsgPendingCallback
    stm32f0xx_hal_can.o(i.HAL_CAN_IRQHandler) refers to stm32f0xx_hal_can.o(i.HAL_CAN_SleepCallback) for HAL_CAN_SleepCallback
    stm32f0xx_hal_can.o(i.HAL_CAN_IRQHandler) refers to stm32f0xx_hal_can.o(i.HAL_CAN_WakeUpFromRxMsgCallback) for HAL_CAN_WakeUpFromRxMsgCallback
    stm32f0xx_hal_can.o(i.HAL_CAN_IRQHandler) refers to stm32f0xx_hal_can.o(i.HAL_CAN_ErrorCallback) for HAL_CAN_ErrorCallback
    stm32f0xx_hal_can.o(i.HAL_CAN_Init) refers to stm32f0xx_hal_can.o(i.HAL_CAN_MspInit) for HAL_CAN_MspInit
    stm32f0xx_hal_can.o(i.HAL_CAN_Init) refers to stm32f0xx_hal.o(i.HAL_GetTick) for HAL_GetTick
    stm32f0xx_hal_can.o(i.HAL_CAN_Start) refers to stm32f0xx_hal.o(i.HAL_GetTick) for HAL_GetTick
    stm32f0xx_hal_can.o(i.HAL_CAN_Stop) refers to stm32f0xx_hal.o(i.HAL_GetTick) for HAL_GetTick
    stm32f0xx_hal_cortex.o(i.HAL_NVIC_SetPriority) refers to stm32f0xx_hal_cortex.o(i.NVIC_SetPriority) for NVIC_SetPriority
    stm32f0xx_hal_cortex.o(i.HAL_SYSTICK_Config) refers to stm32f0xx_hal_cortex.o(i.NVIC_SetPriority) for NVIC_SetPriority
    stm32f0xx_hal_cortex.o(i.HAL_SYSTICK_IRQHandler) refers to stm32f0xx_hal_cortex.o(i.HAL_SYSTICK_Callback) for HAL_SYSTICK_Callback
    stm32f0xx_hal_dma.o(i.DMA_CalcBaseAndBitshift) refers to aeabi_sdiv.o(.text) for __aeabi_uidivmod
    stm32f0xx_hal_dma.o(i.HAL_DMA_DeInit) refers to stm32f0xx_hal_dma.o(i.DMA_CalcBaseAndBitshift) for DMA_CalcBaseAndBitshift
    stm32f0xx_hal_dma.o(i.HAL_DMA_Init) refers to stm32f0xx_hal_dma.o(i.DMA_CalcBaseAndBitshift) for DMA_CalcBaseAndBitshift
    stm32f0xx_hal_dma.o(i.HAL_DMA_PollForTransfer) refers to stm32f0xx_hal.o(i.HAL_GetTick) for HAL_GetTick
    stm32f0xx_hal_dma.o(i.HAL_DMA_Start) refers to stm32f0xx_hal_dma.o(i.DMA_SetConfig) for DMA_SetConfig
    stm32f0xx_hal_dma.o(i.HAL_DMA_Start_IT) refers to stm32f0xx_hal_dma.o(i.DMA_SetConfig) for DMA_SetConfig
[...]
    libinit.o(.ARM.Collect$$libinit$$00000000) refers (Special) to libinit2.o(.ARM.Collect$$libinit$$00000013) for __rt_lib_init_lc_ctype_1
    libinit.o(.ARM.Collect$$libinit$$00000000) refers (Special) to libinit2.o(.ARM.Collect$$libinit$$00000015) for __rt_lib_init_lc_monetary_1
    libinit.o(.ARM.Collect$$libinit$$00000000) refers (Special) to libinit2.o(.ARM.Collect$$libinit$$00000017) for __rt_lib_init_lc_numeric_1
    libinit.o(.ARM.Collect$$libinit$$00000000) refers (Special) to libinit2.o(.ARM.Collect$$libinit$$00000019) for __rt_lib_init_lc_time_1
    libinit.o(.ARM.Collect$$libinit$$00000000) refers (Special) to libinit2.o(.ARM.Collect$$libinit$$00000004) for __rt_lib_init_preinit_1
    libinit.o(.ARM.Collect$$libinit$$00000000) refers (Special) to libinit2.o(.ARM.Collect$$libinit$$0000000E) for __rt_lib_init_rand_1
    libinit.o(.ARM.Collect$$libinit$$00000000) refers (Special) to libinit2.o(.ARM.Collect$$libinit$$00000033) for __rt_lib_init_return
    libinit.o(.ARM.Collect$$libinit$$00000000) refers (Special) to libinit2.o(.ARM.Collect$$libinit$$0000001D) for __rt_lib_init_signal_1
    libinit.o(.ARM.Collect$$libinit$$00000000) refers (Special) to libinit2.o(.ARM.Collect$$libinit$$00000025) for __rt_lib_init_stdio_1
    libinit.o(.ARM.Collect$$libinit$$00000000) refers (Special) to libinit2.o(.ARM.Collect$$libinit$$0000000C) for __rt_lib_init_user_alloc_1
    libspace.o(.text) refers to libspace.o(.bss) for __libspace_start
    rtexit.o(.ARM.Collect$$rtexit$$00000000) refers (Special) to rtexit2.o(.ARM.Collect$$rtexit$$00000004) for __rt_exit_exit
    rtexit.o(.ARM.Collect$$rtexit$$00000000) refers (Special) to rtexit2.o(.ARM.Collect$$rtexit$$00000003) for __rt_exit_ls
    rtexit.o(.ARM.Collect$$rtexit$$00000000) refers (Special) to rtexit2.o(.ARM.Collect$$rtexit$$00000002) for __rt_exit_prels_1
    rtexit.o(.ARM.exidx) refers (Special) to rtexit2.o(.ARM.Collect$$rtexit$$00000004) for __rt_exit_exit
    rtexit.o(.ARM.exidx) refers (Special) to rtexit2.o(.ARM.Collect$$rtexit$$00000003) for __rt_exit_ls
    rtexit.o(.ARM.exidx) refers (Special) to rtexit2.o(.ARM.Collect$$rtexit$$00000002) for __rt_exit_prels_1
    rtexit.o(.ARM.exidx) refers to rtexit.o(.ARM.Collect$$rtexit$$00000000) for .ARM.Collect$$rtexit$$00000000
    rt_raise.o(.text) refers to __raise.o(.text) for __raise
    rt_raise.o(.text) refers to sys_exit.o(.text) for _sys_exit
    defsig_exit.o(.text) refers to sys_exit.o(.text) for _sys_exit
    defsig_fpe_inner.o(.text) refers to defsig_general.o(.text) for __default_signal_display
    libinit2.o(.ARM.Collect$$libinit$$00000010) refers to libinit2.o(.ARM.Collect$$libinit$$0000000F) for .ARM.Collect$$libinit$$0000000F
    libinit2.o(.ARM.Collect$$libinit$$00000012) refers to libinit2.o(.ARM.Collect$$libinit$$0000000F) for .ARM.Collect$$libinit$$0000000F
    libinit2.o(.ARM.Collect$$libinit$$00000014) refers to libinit2.o(.ARM.Collect$$libinit$$0000000F) for .ARM.Collect$$libinit$$0000000F
    libinit2.o(.ARM.Collect$$libinit$$00000016) refers to libinit2.o(.ARM.Collect$$libinit$$0000000F) for .ARM.Collect$$libinit$$0000000F
    libinit2.o(.ARM.Collect$$libinit$$00000018) refers to libinit2.o(.ARM.Collect$$libinit$$0000000F) for .ARM.Collect$$libinit$$0000000F
    libinit2.o(.ARM.Collect$$libinit$$00000026) refers to argv_veneer.o(.text) for __ARM_argv_veneer
    libinit2.o(.ARM.Collect$$libinit$$00000027) refers to argv_veneer.o(.text) for __ARM_argv_veneer
    sys_exit.o(.text) refers (Special) to use_no_semi.o(.text) for __I$use$semihosting
    sys_exit.o(.text) refers (Special) to indicate_semi.o(.text) for __semihosting_library_function
    rtexit2.o(.ARM.Collect$$rtexit$$00000003) refers to libshutdown.o(.ARM.Collect$$libshutdown$$00000000) for __rt_lib_shutdown
    rtexit2.o(.ARM.Collect$$rtexit$$00000004) refers to sys_exit.o(.text) for _sys_exit
    rtexit2.o(.ARM.exidx) refers to rtexit2.o(.ARM.Collect$$rtexit$$00000001) for .ARM.Collect$$rtexit$$00000001
    rtexit2.o(.ARM.exidx) refers to rtexit2.o(.ARM.Collect$$rtexit$$00000003) for .ARM.Collect$$rtexit$$00000003
    rtexit2.o(.ARM.exidx) refers to rtexit2.o(.ARM.Collect$$rtexit$$00000004) for .ARM.Collect$$rtexit$$00000004
    __raise.o(.text) refers to defsig.o(CL$$defsig) for __default_signal_handler
    defsig_general.o(.text) refers to sys_wrch.o(.text) for _ttywrch
    sys_wrch.o(.text) refers (Special) to use_no_semi.o(.text) for __I$use$semihosting
    sys_wrch.o(.text) refers (Special) to indicate_semi.o(.text) for __semihosting_library_function
    defsig.o(CL$$defsig) refers to defsig_fpe_inner.o(.text) for __rt_SIGFPE_inner
    defsig.o(CL$$defsig) refers to defsig_rtmem_inner.o(.text) for __rt_SIGRTMEM_inner
    _get_argv_nomalloc.o(.text) refers (Special) to hrguard.o(.text) for __heap_region$guard
    _get_argv_nomalloc.o(.text) refers to defsig_rtmem_outer.o(.text) for __rt_SIGRTMEM
    _get_argv_nomalloc.o(.text) refers to sys_command.o(.text) for _sys_command_string
    libshutdown.o(.ARM.Collect$$libshutdown$$00000000) refers (Special) to libshutdown2.o(.ARM.Collect$$libshutdown$$00000002) for __rt_lib_shutdown_cpp_1
    libshutdown.o(.ARM.Collect$$libshutdown$$00000000) refers (Special) to libshutdown2.o(.ARM.Collect$$libshutdown$$00000007) for __rt_lib_shutdown_fp_trap_1
    libshutdown.o(.ARM.Collect$$libshutdown$$00000000) refers (Special) to libshutdown2.o(.ARM.Collect$$libshutdown$$0000000F) for __rt_lib_shutdown_heap_1
    libshutdown.o(.ARM.Collect$$libshutdown$$00000000) refers (Special) to libshutdown2.o(.ARM.Collect$$libshutdown$$00000010) for __rt_lib_shutdown_return
    libshutdown.o(.ARM.Collect$$libshutdown$$00000000) refers (Special) to libshutdown2.o(.ARM.Collect$$libshutdown$$0000000A) for __rt_lib_shutdown_signal_1
    libshutdown.o(.ARM.Collect$$libshutdown$$00000000) refers (Special) to libshutdown2.o(.ARM.Collect$$libshutdown$$00000004) for __rt_lib_shutdown_stdio_1
    libshutdown.o(.ARM.Collect$$libshutdown$$00000000) refers (Special) to libshutdown2.o(.ARM.Collect$$libshutdown$$0000000C) for __rt_lib_shutdown_user_alloc_1
    sys_command.o(.text) refers (Special) to use_no_semi.o(.text) for __I$use$semihosting
    sys_command.o(.text) refers (Special) to indicate_semi.o(.text) for __semihosting_library_function
    defsig_abrt_inner.o(.text) refers to defsig_general.o(.text) for __default_signal_display
    defsig_rtred_inner.o(.text) refers to defsig_general.o(.text) for __default_signal_display
    defsig_rtmem_inner.o(.text) refers to defsig_general.o(.text) for __default_signal_display
    defsig_rtmem_outer.o(.text) refers to defsig_rtmem_inner.o(.text) for __rt_SIGRTMEM_inner
    defsig_rtmem_outer.o(.text) refers to defsig_exit.o(.text) for __sig_exit
    defsig_rtmem_formal.o(.text) refers to rt_raise.o(.text) for __rt_raise
    defsig_stak_inner.o(.text) refers to defsig_general.o(.text) for __default_signal_display
    defsig_pvfn_inner.o(.text) refers to defsig_general.o(.text) for __default_signal_display
    defsig_cppl_inner.o(.text) refers to defsig_general.o(.text) for __default_signal_display
    defsig_segv_inner.o(.text) refers to defsig_general.o(.text) for __default_signal_display
    defsig_other.o(.text) refers to defsig_general.o(.text) for __default_signal_display


==============================================================================

Removing Unused input sections from the image.

    Removing system_stm32f0xx.o(.rev16_text), (4 bytes).
    Removing system_stm32f0xx.o(.revsh_text), (4 bytes).
    Removing system_stm32f0xx.o(i.SystemCoreClockUpdate), (148 bytes).
    Removing stm32f0xx_hal.o(.rev16_text), (4 bytes).
    Removing stm32f0xx_hal.o(.revsh_text), (4 bytes).
    Removing stm32f0xx_hal.o(i.HAL_DBGMCU_DisableDBGStandbyMode), (16 bytes).
    Removing stm32f0xx_hal.o(i.HAL_DBGMCU_DisableDBGStopMode), (16 bytes).
    Removing stm32f0xx_hal.o(i.HAL_DBGMCU_EnableDBGStandbyMode), (16 bytes).
    Removing stm32f0xx_hal.o(i.HAL_DBGMCU_EnableDBGStopMode), (16 bytes).
    Removing stm32f0xx_hal.o(i.HAL_DeInit), (36 bytes).
    Removing stm32f0xx_hal.o(i.HAL_Delay), (28 bytes).
    Removing stm32f0xx_hal.o(i.HAL_GetDEVID), (16 bytes).
    Removing stm32f0xx_hal.o(i.HAL_GetHalVersion), (8 bytes).
    Removing stm32f0xx_hal.o(i.HAL_GetREVID), (12 bytes).
    Removing stm32f0xx_hal.o(i.HAL_GetUIDw0), (12 bytes).
    Removing stm32f0xx_hal.o(i.HAL_GetUIDw1), (12 bytes).
    Removing stm32f0xx_hal.o(i.HAL_GetUIDw2), (12 bytes).
    Removing stm32f0xx_hal.o(i.HAL_MspDeInit), (2 bytes).
    Removing stm32f0xx_hal.o(i.HAL_MspInit), (2 bytes).
    Removing stm32f0xx_hal.o(i.HAL_ResumeTick), (16 bytes).
    Removing stm32f0xx_hal.o(i.HAL_SuspendTick), (16 bytes).
    Removing stm32f0xx_hal_can.o(.rev16_text), (4 bytes).
    Removing stm32f0xx_hal_can.o(.revsh_text), (4 bytes).
    Removing stm32f0xx_hal_can.o(i.HAL_CAN_AbortTxRequest), (78 bytes).
    Removing stm32f0xx_hal_can.o(i.HAL_CAN_ActivateNotification), (38 bytes).
    Removing stm32f0xx_hal_can.o(i.HAL_CAN_AddTxMessage), (252 bytes).
    Removing stm32f0xx_hal_can.o(i.HAL_CAN_DeInit), (46 bytes).
    Removing stm32f0xx_hal_can.o(i.HAL_CAN_DeactivateNotification), (38 bytes).
    Removing stm32f0xx_hal_can.o(i.HAL_CAN_ErrorCallback), (2 bytes).
    Removing stm32f0xx_hal_can.o(i.HAL_CAN_GetError), (4 bytes).
    Removing stm32f0xx_hal_can.o(i.HAL_CAN_GetRxFifoFillLevel), (40 bytes).
    Removing stm32f0xx_hal_can.o(i.HAL_CAN_GetState), (36 bytes).
    Removing stm32f0xx_hal_can.o(i.HAL_CAN_GetTxMailboxesFreeLevel), (44 bytes).
    Removing stm32f0xx_hal_can.o(i.HAL_CAN_GetTxTimestamp), (48 bytes).
    Removing stm32f0xx_hal_can.o(i.HAL_CAN_IRQHandler), (516 bytes).
    Removing stm32f0xx_hal_can.o(i.HAL_CAN_IsSleepActive), (28 bytes).
    Removing stm32f0xx_hal_can.o(i.HAL_CAN_IsTxMessagePending), (30 bytes).
    Removing stm32f0xx_hal_can.o(i.HAL_CAN_MspDeInit), (2 bytes).
    Removing stm32f0xx_hal_can.o(i.HAL_CAN_RequestSleep), (40 bytes).
    Removing stm32f0xx_hal_can.o(i.HAL_CAN_ResetError), (36 bytes).
    Removing stm32f0xx_hal_can.o(i.HAL_CAN_RxFifo0FullCallback), (2 bytes).
    Removing stm32f0xx_hal_can.o(i.HAL_CAN_RxFifo0MsgPendingCallback), (2 bytes).
    Removing stm32f0xx_hal_can.o(i.HAL_CAN_RxFifo1FullCallback), (2 bytes).
    Removing stm32f0xx_hal_can.o(i.HAL_CAN_RxFifo1MsgPendingCallback), (2 bytes).
    Removing stm32f0xx_hal_can.o(i.HAL_CAN_SleepCallback), (2 bytes).
    Removing stm32f0xx_hal_can.o(i.HAL_CAN_Stop), (98 bytes).
    Removing stm32f0xx_hal_can.o(i.HAL_CAN_TxMailbox0AbortCallback), (2 bytes).
    Removing stm32f0xx_hal_can.o(i.HAL_CAN_TxMailbox0CompleteCallback), (2 bytes).
    Removing stm32f0xx_hal_can.o(i.HAL_CAN_TxMailbox1AbortCallback), (2 bytes).
    Removing stm32f0xx_hal_can.o(i.HAL_CAN_TxMailbox1CompleteCallback), (2 bytes).
    Removing stm32f0xx_hal_can.o(i.HAL_CAN_TxMailbox2AbortCallback), (2 bytes).
    Removing stm32f0xx_hal_can.o(i.HAL_CAN_TxMailbox2CompleteCallback), (2 bytes).
    Removing stm32f0xx_hal_can.o(i.HAL_CAN_WakeUp), (88 bytes).
    Removing stm32f0xx_hal_can.o(i.HAL_CAN_WakeUpFromRxMsgCallback), (2 bytes).
    Removing stm32f0xx_hal_cortex.o(.rev16_text), (4 bytes).
    Removing stm32f0xx_hal_cortex.o(.revsh_text), (4 bytes).
    Removing stm32f0xx_hal_cortex.o(i.HAL_NVIC_ClearPendingIRQ), (20 bytes).
    Removing stm32f0xx_hal_cortex.o(i.HAL_NVIC_DisableIRQ), (20 bytes).
    Removing stm32f0xx_hal_cortex.o(i.HAL_NVIC_EnableIRQ), (20 bytes).
    Removing stm32f0xx_hal_cortex.o(i.HAL_NVIC_GetPendingIRQ), (28 bytes).
    Removing stm32f0xx_hal_cortex.o(i.HAL_NVIC_GetPriority), (60 bytes).
    Removing stm32f0xx_hal_cortex.o(i.HAL_NVIC_SetPendingIRQ), (20 bytes).
    Removing stm32f0xx_hal_cortex.o(i.HAL_NVIC_SystemReset), (28 bytes).
    Removing stm32f0xx_hal_dma.o(.rev16_text), (4 bytes).
    Removing stm32f0xx_hal_dma.o(.revsh_text), (4 bytes).
    Removing stm32f0xx_hal_dma.o(i.DMA_CalcBaseAndBitshift), (68 bytes).
    Removing stm32f0xx_hal_dma.o(i.DMA_SetConfig), (42 bytes).
    Removing stm32f0xx_hal_dma.o(i.HAL_DMA_Abort), (44 bytes).
    Removing stm32f0xx_hal_dma.o(i.HAL_DMA_Abort_IT), (72 bytes).
    Removing stm32f0xx_hal_dma.o(i.HAL_DMA_DeInit), (68 bytes).
    Removing stm32f0xx_hal_dma.o(i.HAL_DMA_GetError), (4 bytes).
    Removing stm32f0xx_hal_dma.o(i.HAL_DMA_GetState), (6 bytes).
    Removing stm32f0xx_hal_dma.o(i.HAL_DMA_IRQHandler), (170 bytes).
    Removing stm32f0xx_hal_dma.o(i.HAL_DMA_Init), (88 bytes).
    Removing stm32f0xx_hal_dma.o(i.HAL_DMA_PollForTransfer), (196 bytes).
    Removing stm32f0xx_hal_dma.o(i.HAL_DMA_RegisterCallback), (74 bytes).
    Removing stm32f0xx_hal_dma.o(i.HAL_DMA_Start), (76 bytes).
    Removing stm32f0xx_hal_dma.o(i.HAL_DMA_Start_IT), (114 bytes).
    Removing stm32f0xx_hal_dma.o(i.HAL_DMA_UnRegisterCallback), (82 bytes).
    Removing stm32f0xx_hal_flash.o(.rev16_text), (4 bytes).
    Removing stm32f0xx_hal_flash.o(.revsh_text), (4 bytes).
    Removing stm32f0xx_hal_flash.o(i.FLASH_Program_HalfWord), (32 bytes).
    Removing stm32f0xx_hal_flash.o(i.FLASH_SetErrorCode), (56 bytes).
    Removing stm32f0xx_hal_flash.o(i.FLASH_WaitForLastOperation), (80 bytes).
    Removing stm32f0xx_hal_flash.o(i.HAL_FLASH_EndOfOperationCallback), (2 bytes).
    Removing stm32f0xx_hal_flash.o(i.HAL_FLASH_GetError), (12 bytes).
    Removing stm32f0xx_hal_flash.o(i.HAL_FLASH_IRQHandler), (280 bytes).
    Removing stm32f0xx_hal_flash.o(i.HAL_FLASH_Lock), (20 bytes).
    Removing stm32f0xx_hal_flash.o(i.HAL_FLASH_OB_Launch), (32 bytes).
    Removing stm32f0xx_hal_flash.o(i.HAL_FLASH_OB_Lock), (20 bytes).
    Removing stm32f0xx_hal_flash.o(i.HAL_FLASH_OB_Unlock), (36 bytes).
    Removing stm32f0xx_hal_flash.o(i.HAL_FLASH_OperationErrorCallback), (2 bytes).
    Removing stm32f0xx_hal_flash.o(i.HAL_FLASH_Program), (132 bytes).
    Removing stm32f0xx_hal_flash.o(i.HAL_FLASH_Program_IT), (100 bytes).
    Removing stm32f0xx_hal_flash.o(i.HAL_FLASH_Unlock), (40 bytes).
    Removing stm32f0xx_hal_flash.o(.bss), (32 bytes).
    Removing stm32f0xx_hal_flash_ex.o(.rev16_text), (4 bytes).
    Removing stm32f0xx_hal_flash_ex.o(.revsh_text), (4 bytes).
    Removing stm32f0xx_hal_flash_ex.o(i.FLASH_MassErase), (36 bytes).
    Removing stm32f0xx_hal_flash_ex.o(i.FLASH_OB_DisableWRP), (168 bytes).
    Removing stm32f0xx_hal_flash_ex.o(i.FLASH_OB_EnableWRP), (168 bytes).
    Removing stm32f0xx_hal_flash_ex.o(i.FLASH_OB_GetRDP), (32 bytes).
    Removing stm32f0xx_hal_flash_ex.o(i.FLASH_OB_GetUser), (16 bytes).
    Removing stm32f0xx_hal_flash_ex.o(i.FLASH_OB_GetWRP), (12 bytes).
    Removing stm32f0xx_hal_flash_ex.o(i.FLASH_OB_ProgramData), (60 bytes).
    Removing stm32f0xx_hal_flash_ex.o(i.FLASH_OB_RDP_LevelConfig), (96 bytes).
    Removing stm32f0xx_hal_flash_ex.o(i.FLASH_OB_UserConfig), (64 bytes).
    Removing stm32f0xx_hal_flash_ex.o(i.FLASH_PageErase), (36 bytes).
    Removing stm32f0xx_hal_flash_ex.o(i.HAL_FLASHEx_Erase), (160 bytes).
    Removing stm32f0xx_hal_flash_ex.o(i.HAL_FLASHEx_Erase_IT), (88 bytes).
    Removing stm32f0xx_hal_flash_ex.o(i.HAL_FLASHEx_OBErase), (80 bytes).
    Removing stm32f0xx_hal_flash_ex.o(i.HAL_FLASHEx_OBGetConfig), (28 bytes).
    Removing stm32f0xx_hal_flash_ex.o(i.HAL_FLASHEx_OBGetUserData), (32 bytes).
    Removing stm32f0xx_hal_flash_ex.o(i.HAL_FLASHEx_OBProgram), (132 bytes).
    Removing stm32f0xx_hal_gpio.o(.rev16_text), (4 bytes).
    Removing stm32f0xx_hal_gpio.o(.revsh_text), (4 bytes).
    Removing stm32f0xx_hal_gpio.o(i.HAL_GPIO_DeInit), (224 bytes).
    Removing stm32f0xx_hal_gpio.o(i.HAL_GPIO_EXTI_Callback), (2 bytes).
    Removing stm32f0xx_hal_gpio.o(i.HAL_GPIO_EXTI_IRQHandler), (24 bytes).
    Removing stm32f0xx_hal_gpio.o(i.HAL_GPIO_LockPin), (38 bytes).
    Removing stm32f0xx_hal_gpio.o(i.HAL_GPIO_ReadPin), (14 bytes).
    Removing stm32f0xx_hal_gpio.o(i.HAL_GPIO_TogglePin), (8 bytes).
    Removing stm32f0xx_hal_i2c.o(.rev16_text), (4 bytes).
    Removing stm32f0xx_hal_i2c.o(.revsh_text), (4 bytes).
    Removing stm32f0xx_hal_i2c.o(i.HAL_I2C_AbortCpltCallback), (2 bytes).
    Removing stm32f0xx_hal_i2c.o(i.HAL_I2C_AddrCallback), (2 bytes).
    Removing stm32f0xx_hal_i2c.o(i.HAL_I2C_DeInit), (50 bytes).
    Removing stm32f0xx_hal_i2c.o(i.HAL_I2C_DisableListen_IT), (48 bytes).
    Removing stm32f0xx_hal_i2c.o(i.HAL_I2C_ER_IRQHandler), (88 bytes).
    Removing stm32f0xx_hal_i2c.o(i.HAL_I2C_EV_IRQHandler), (16 bytes).
    Removing stm32f0xx_hal_i2c.o(i.HAL_I2C_EnableListen_IT), (40 bytes).
    Removing stm32f0xx_hal_i2c.o(i.HAL_I2C_ErrorCallback), (2 bytes).
    Removing stm32f0xx_hal_i2c.o(i.HAL_I2C_GetError), (4 bytes).
    Removing stm32f0xx_hal_i2c.o(i.HAL_I2C_GetMode), (6 bytes).
    Removing stm32f0xx_hal_i2c.o(i.HAL_I2C_GetState), (6 bytes).
    Removing stm32f0xx_hal_i2c.o(i.HAL_I2C_Init), (188 bytes).
    Removing stm32f0xx_hal_i2c.o(i.HAL_I2C_IsDeviceReady), (324 bytes).
    Removing stm32f0xx_hal_i2c.o(i.HAL_I2C_ListenCpltCallback), (2 bytes).
    Removing stm32f0xx_hal_i2c.o(i.HAL_I2C_MasterRxCpltCallback), (2 bytes).
    Removing stm32f0xx_hal_i2c.o(i.HAL_I2C_MasterTxCpltCallback), (2 bytes).
    Removing stm32f0xx_hal_i2c.o(i.HAL_I2C_Master_Abort_IT), (88 bytes).
    Removing stm32f0xx_hal_i2c.o(i.HAL_I2C_Master_Receive), (340 bytes).
    Removing stm32f0xx_hal_i2c.o(i.HAL_I2C_Master_Receive_DMA), (244 bytes).
    Removing stm32f0xx_hal_i2c.o(i.HAL_I2C_Master_Receive_IT), (132 bytes).
    Removing stm32f0xx_hal_i2c.o(i.HAL_I2C_Master_Sequential_Receive_IT), (120 bytes).
    Removing stm32f0xx_hal_i2c.o(i.HAL_I2C_Master_Sequential_Transmit_IT), (120 bytes).
    Removing stm32f0xx_hal_i2c.o(i.HAL_I2C_Master_Transmit), (336 bytes).
    Removing stm32f0xx_hal_i2c.o(i.HAL_I2C_Master_Transmit_DMA), (244 bytes).
    Removing stm32f0xx_hal_i2c.o(i.HAL_I2C_Master_Transmit_IT), (132 bytes).
    Removing stm32f0xx_hal_i2c.o(i.HAL_I2C_MemRxCpltCallback), (2 bytes).
    Removing stm32f0xx_hal_i2c.o(i.HAL_I2C_MemTxCpltCallback), (2 bytes).
    Removing stm32f0xx_hal_i2c.o(i.HAL_I2C_Mem_Read), (384 bytes).
    Removing stm32f0xx_hal_i2c.o(i.HAL_I2C_Mem_Read_DMA), (268 bytes).
    Removing stm32f0xx_hal_i2c.o(i.HAL_I2C_Mem_Read_IT), (200 bytes).
    Removing stm32f0xx_hal_i2c.o(i.HAL_I2C_Mem_Write), (388 bytes).
    Removing stm32f0xx_hal_i2c.o(i.HAL_I2C_Mem_Write_DMA), (260 bytes).
    Removing stm32f0xx_hal_i2c.o(i.HAL_I2C_Mem_Write_IT), (196 bytes).
    Removing stm32f0xx_hal_i2c.o(i.HAL_I2C_MspDeInit), (2 bytes).
    Removing stm32f0xx_hal_i2c.o(i.HAL_I2C_MspInit), (2 bytes).
    Removing stm32f0xx_hal_i2c.o(i.HAL_I2C_SlaveRxCpltCallback), (2 bytes).
    Removing stm32f0xx_hal_i2c.o(i.HAL_I2C_SlaveTxCpltCallback), (2 bytes).
    Removing stm32f0xx_hal_i2c.o(i.HAL_I2C_Slave_Receive), (334 bytes).
    Removing stm32f0xx_hal_i2c.o(i.HAL_I2C_Slave_Receive_DMA), (160 bytes).
    Removing stm32f0xx_hal_i2c.o(i.HAL_I2C_Slave_Receive_IT), (92 bytes).
    Removing stm32f0xx_hal_i2c.o(i.HAL_I2C_Slave_Sequential_Receive_IT), (148 bytes).
    Removing stm32f0xx_hal_i2c.o(i.HAL_I2C_Slave_Sequential_Transmit_IT), (148 bytes).
    Removing stm32f0xx_hal_i2c.o(i.HAL_I2C_Slave_Transmit), (352 bytes).
    Removing stm32f0xx_hal_i2c.o(i.HAL_I2C_Slave_Transmit_DMA), (160 bytes).
    Removing stm32f0xx_hal_i2c.o(i.HAL_I2C_Slave_Transmit_IT), (92 bytes).
    Removing stm32f0xx_hal_i2c.o(i.I2C_DMAAbort), (52 bytes).
    Removing stm32f0xx_hal_i2c.o(i.I2C_DMAError), (24 bytes).
    Removing stm32f0xx_hal_i2c.o(i.I2C_DMAMasterReceiveCplt), (78 bytes).
    Removing stm32f0xx_hal_i2c.o(i.I2C_DMAMasterTransmitCplt), (78 bytes).
    Removing stm32f0xx_hal_i2c.o(i.I2C_DMASlaveReceiveCplt), (2 bytes).
    Removing stm32f0xx_hal_i2c.o(i.I2C_DMASlaveTransmitCplt), (2 bytes).
    Removing stm32f0xx_hal_i2c.o(i.I2C_Disable_IRQ), (94 bytes).
    Removing stm32f0xx_hal_i2c.o(i.I2C_Enable_IRQ), (104 bytes).
    Removing stm32f0xx_hal_i2c.o(i.I2C_Flush_TXDR), (34 bytes).
    Removing stm32f0xx_hal_i2c.o(i.I2C_ITAddrCplt), (154 bytes).
    Removing stm32f0xx_hal_i2c.o(i.I2C_ITError), (208 bytes).
    Removing stm32f0xx_hal_i2c.o(i.I2C_ITListenCplt), (92 bytes).
    Removing stm32f0xx_hal_i2c.o(i.I2C_ITMasterCplt), (172 bytes).
    Removing stm32f0xx_hal_i2c.o(i.I2C_ITMasterSequentialCplt), (72 bytes).
    Removing stm32f0xx_hal_i2c.o(i.I2C_ITSlaveCplt), (244 bytes).
    Removing stm32f0xx_hal_i2c.o(i.I2C_ITSlaveSequentialCplt), (74 bytes).
    Removing stm32f0xx_hal_i2c.o(i.I2C_IsAcknowledgeFailed), (120 bytes).
    Removing stm32f0xx_hal_i2c.o(i.I2C_Master_ISR_DMA), (202 bytes).
    Removing stm32f0xx_hal_i2c.o(i.I2C_Master_ISR_IT), (336 bytes).
    Removing stm32f0xx_hal_i2c.o(i.I2C_RequestMemoryRead), (132 bytes).
    Removing stm32f0xx_hal_i2c.o(i.I2C_RequestMemoryWrite), (132 bytes).
    Removing stm32f0xx_hal_i2c.o(i.I2C_Slave_ISR_DMA), (108 bytes).
    Removing stm32f0xx_hal_i2c.o(i.I2C_Slave_ISR_IT), (292 bytes).
    Removing stm32f0xx_hal_i2c.o(i.I2C_TransferConfig), (36 bytes).
    Removing stm32f0xx_hal_i2c.o(i.I2C_WaitOnFlagUntilTimeout), (72 bytes).
    Removing stm32f0xx_hal_i2c.o(i.I2C_WaitOnRXNEFlagUntilTimeout), (124 bytes).
    Removing stm32f0xx_hal_i2c.o(i.I2C_WaitOnSTOPFlagUntilTimeout), (78 bytes).
    Removing stm32f0xx_hal_i2c.o(i.I2C_WaitOnTXISFlagUntilTimeout), (82 bytes).
    Removing stm32f0xx_hal_i2c_ex.o(.rev16_text), (4 bytes).
    Removing stm32f0xx_hal_i2c_ex.o(.revsh_text), (4 bytes).
    Removing stm32f0xx_hal_i2c_ex.o(i.HAL_I2CEx_ConfigAnalogFilter), (78 bytes).
    Removing stm32f0xx_hal_i2c_ex.o(i.HAL_I2CEx_ConfigDigitalFilter), (76 bytes).
    Removing stm32f0xx_hal_i2c_ex.o(i.HAL_I2CEx_DisableFastModePlus), (36 bytes).
    Removing stm32f0xx_hal_i2c_ex.o(i.HAL_I2CEx_DisableWakeUp), (70 bytes).
    Removing stm32f0xx_hal_i2c_ex.o(i.HAL_I2CEx_EnableFastModePlus), (36 bytes).
    Removing stm32f0xx_hal_i2c_ex.o(i.HAL_I2CEx_EnableWakeUp), (70 bytes).
    Removing stm32f0xx_hal_pwr.o(.rev16_text), (4 bytes).
    Removing stm32f0xx_hal_pwr.o(.revsh_text), (4 bytes).
    Removing stm32f0xx_hal_pwr.o(i.HAL_PWR_DeInit), (24 bytes).
    Removing stm32f0xx_hal_pwr.o(i.HAL_PWR_DisableBkUpAccess), (16 bytes).
    Removing stm32f0xx_hal_pwr.o(i.HAL_PWR_DisableSEVOnPend), (16 bytes).
    Removing stm32f0xx_hal_pwr.o(i.HAL_PWR_DisableSleepOnExit), (16 bytes).
    Removing stm32f0xx_hal_pwr.o(i.HAL_PWR_DisableWakeUpPin), (16 bytes).
    Removing stm32f0xx_hal_pwr.o(i.HAL_PWR_EnableBkUpAccess), (16 bytes).
    Removing stm32f0xx_hal_pwr.o(i.HAL_PWR_EnableSEVOnPend), (16 bytes).
    Removing stm32f0xx_hal_pwr.o(i.HAL_PWR_EnableSleepOnExit), (16 bytes).
    Removing stm32f0xx_hal_pwr.o(i.HAL_PWR_EnableWakeUpPin), (16 bytes).
    Removing stm32f0xx_hal_pwr.o(i.HAL_PWR_EnterSLEEPMode), (32 bytes).
    Removing stm32f0xx_hal_pwr.o(i.HAL_PWR_EnterSTANDBYMode), (32 bytes).
    Removing stm32f0xx_hal_pwr.o(i.HAL_PWR_EnterSTOPMode), (52 bytes).
    Removing stm32f0xx_hal_pwr_ex.o(.rev16_text), (4 bytes).
    Removing stm32f0xx_hal_pwr_ex.o(.revsh_text), (4 bytes).
    Removing stm32f0xx_hal_pwr_ex.o(i.HAL_PWREx_DisableVddio2Monitor), (32 bytes).
    Removing stm32f0xx_hal_pwr_ex.o(i.HAL_PWREx_EnableVddio2Monitor), (24 bytes).
    Removing stm32f0xx_hal_pwr_ex.o(i.HAL_PWREx_Vddio2MonitorCallback), (2 bytes).
    Removing stm32f0xx_hal_pwr_ex.o(i.HAL_PWREx_Vddio2Monitor_IRQHandler), (24 bytes).
    Removing stm32f0xx_hal_pwr_ex.o(i.HAL_PWR_ConfigPVD), (104 bytes).
    Removing stm32f0xx_hal_pwr_ex.o(i.HAL_PWR_DisablePVD), (16 bytes).
    Removing stm32f0xx_hal_pwr_ex.o(i.HAL_PWR_EnablePVD), (16 bytes).
    Removing stm32f0xx_hal_pwr_ex.o(i.HAL_PWR_PVDCallback), (2 bytes).
    Removing stm32f0xx_hal_pwr_ex.o(i.HAL_PWR_PVD_IRQHandler), (28 bytes).
    Removing stm32f0xx_hal_rcc.o(.rev16_text), (4 bytes).
    Removing stm32f0xx_hal_rcc.o(.revsh_text), (4 bytes).
    Removing stm32f0xx_hal_rcc.o(i.HAL_RCC_CSSCallback), (2 bytes).
    Removing stm32f0xx_hal_rcc.o(i.HAL_RCC_DeInit), (76 bytes).
    Removing stm32f0xx_hal_rcc.o(i.HAL_RCC_DisableCSS), (20 bytes).
    Removing stm32f0xx_hal_rcc.o(i.HAL_RCC_EnableCSS), (20 bytes).
    Removing stm32f0xx_hal_rcc.o(i.HAL_RCC_GetClockConfig), (56 bytes).
    Removing stm32f0xx_hal_rcc.o(i.HAL_RCC_GetOscConfig), (168 bytes).
    Removing stm32f0xx_hal_rcc.o(i.HAL_RCC_MCOConfig), (80 bytes).
    Removing stm32f0xx_hal_rcc.o(i.HAL_RCC_NMI_IRQHandler), (24 bytes).
    Removing stm32f0xx_hal_rcc_ex.o(.rev16_text), (4 bytes).
    Removing stm32f0xx_hal_rcc_ex.o(.revsh_text), (4 bytes).
    Removing stm32f0xx_hal_rcc_ex.o(i.HAL_RCCEx_CRSConfig), (76 bytes).
    Removing stm32f0xx_hal_rcc_ex.o(i.HAL_RCCEx_CRSGetSynchronizationInfo), (40 bytes).
    Removing stm32f0xx_hal_rcc_ex.o(i.HAL_RCCEx_CRSSoftwareSynchronizationGenerate), (16 bytes).
    Removing stm32f0xx_hal_rcc_ex.o(i.HAL_RCCEx_CRSWaitSynchronization), (120 bytes).
    Removing stm32f0xx_hal_rcc_ex.o(i.HAL_RCCEx_CRS_ErrorCallback), (2 bytes).
    Removing stm32f0xx_hal_rcc_ex.o(i.HAL_RCCEx_CRS_ExpectedSyncCallback), (2 bytes).
    Removing stm32f0xx_hal_rcc_ex.o(i.HAL_RCCEx_CRS_IRQHandler), (112 bytes).
    Removing stm32f0xx_hal_rcc_ex.o(i.HAL_RCCEx_CRS_SyncOkCallback), (2 bytes).
    Removing stm32f0xx_hal_rcc_ex.o(i.HAL_RCCEx_CRS_SyncWarnCallback), (2 bytes).
    Removing stm32f0xx_hal_rcc_ex.o(i.HAL_RCCEx_GetPeriphCLKConfig), (92 bytes).
    Removing stm32f0xx_hal_rcc_ex.o(i.HAL_RCCEx_GetPeriphCLKFreq), (376 bytes).
    Removing stm32f0xx_hal_tim.o(.rev16_text), (4 bytes).
    Removing stm32f0xx_hal_tim.o(.revsh_text), (4 bytes).
    Removing stm32f0xx_hal_tim_ex.o(.rev16_text), (4 bytes).
    Removing stm32f0xx_hal_tim_ex.o(.revsh_text), (4 bytes).
    Removing stm32f0xx_hal_uart.o(.rev16_text), (4 bytes).
    Removing stm32f0xx_hal_uart.o(.revsh_text), (4 bytes).
    Removing stm32f0xx_hal_uart.o(i.HAL_HalfDuplex_EnableReceiver), (54 bytes).
    Removing stm32f0xx_hal_uart.o(i.HAL_HalfDuplex_EnableTransmitter), (54 bytes).
    Removing stm32f0xx_hal_uart.o(i.HAL_HalfDuplex_Init), (124 bytes).
    Removing stm32f0xx_hal_uart.o(i.HAL_MultiProcessor_DisableMuteMode), (46 bytes).
    Removing stm32f0xx_hal_uart.o(i.HAL_MultiProcessor_EnableMuteMode), (46 bytes).
    Removing stm32f0xx_hal_uart.o(i.HAL_MultiProcessor_EnterMuteMode), (12 bytes).
    Removing stm32f0xx_hal_uart.o(i.HAL_MultiProcessor_Init), (150 bytes).
    Removing stm32f0xx_hal_uart.o(i.HAL_UART_Abort), (120 bytes).
    Removing stm32f0xx_hal_uart.o(i.HAL_UART_AbortCpltCallback), (2 bytes).
    Removing stm32f0xx_hal_uart.o(i.HAL_UART_AbortReceive), (80 bytes).
    Removing stm32f0xx_hal_uart.o(i.HAL_UART_AbortReceiveCpltCallback), (2 bytes).
    Removing stm32f0xx_hal_uart.o(i.HAL_UART_AbortReceive_IT), (124 bytes).
    Removing stm32f0xx_hal_uart.o(i.HAL_UART_AbortTransmit), (62 bytes).
    Removing stm32f0xx_hal_uart.o(i.HAL_UART_AbortTransmitCpltCallback), (2 bytes).
    Removing stm32f0xx_hal_uart.o(i.HAL_UART_AbortTransmit_IT), (104 bytes).
    Removing stm32f0xx_hal_uart.o(i.HAL_UART_Abort_IT), (200 bytes).
    Removing stm32f0xx_hal_uart.o(i.HAL_UART_DMAPause), (94 bytes).
    Removing stm32f0xx_hal_uart.o(i.HAL_UART_DMAResume), (86 bytes).
    Removing stm32f0xx_hal_uart.o(i.HAL_UART_DMAStop), (90 bytes).
    Removing stm32f0xx_hal_uart.o(i.HAL_UART_DeInit), (62 bytes).
    Removing stm32f0xx_hal_uart.o(i.HAL_UART_ErrorCallback), (2 bytes).
    Removing stm32f0xx_hal_uart.o(i.HAL_UART_GetError), (4 bytes).
    Removing stm32f0xx_hal_uart.o(i.HAL_UART_GetState), (14 bytes).
    Removing stm32f0xx_hal_uart.o(i.HAL_UART_IRQHandler), (320 bytes).
    Removing stm32f0xx_hal_uart.o(i.HAL_UART_MspDeInit), (2 bytes).
    Removing stm32f0xx_hal_uart.o(i.HAL_UART_Receive_DMA), (168 bytes).
    Removing stm32f0xx_hal_uart.o(i.HAL_UART_Receive_IT), (180 bytes).
    Removing stm32f0xx_hal_uart.o(i.HAL_UART_RxCpltCallback), (2 bytes).
    Removing stm32f0xx_hal_uart.o(i.HAL_UART_RxHalfCpltCallback), (2 bytes).
    Removing stm32f0xx_hal_uart.o(i.HAL_UART_Transmit), (214 bytes).
    Removing stm32f0xx_hal_uart.o(i.HAL_UART_Transmit_DMA), (160 bytes).
    Removing stm32f0xx_hal_uart.o(i.HAL_UART_Transmit_IT), (98 bytes).
    Removing stm32f0xx_hal_uart.o(i.HAL_UART_TxCpltCallback), (2 bytes).
    Removing stm32f0xx_hal_uart.o(i.HAL_UART_TxHalfCpltCallback), (2 bytes).
    Removing stm32f0xx_hal_uart.o(i.UART_DMAAbortOnError), (20 bytes).
    Removing stm32f0xx_hal_uart.o(i.UART_DMAError), (76 bytes).
    Removing stm32f0xx_hal_uart.o(i.UART_DMAReceiveCplt), (64 bytes).
    Removing stm32f0xx_hal_uart.o(i.UART_DMARxAbortCallback), (54 bytes).
    Removing stm32f0xx_hal_uart.o(i.UART_DMARxHalfCplt), (10 bytes).
    Removing stm32f0xx_hal_uart.o(i.UART_DMARxOnlyAbortCallback), (28 bytes).
    Removing stm32f0xx_hal_uart.o(i.UART_DMATransmitCplt), (48 bytes).
    Removing stm32f0xx_hal_uart.o(i.UART_DMATxAbortCallback), (54 bytes).
    Removing stm32f0xx_hal_uart.o(i.UART_DMATxHalfCplt), (10 bytes).
    Removing stm32f0xx_hal_uart.o(i.UART_DMATxOnlyAbortCallback), (22 bytes).
    Removing stm32f0xx_hal_uart.o(i.UART_EndRxTransfer), (30 bytes).
    Removing stm32f0xx_hal_uart.o(i.UART_EndTransmit_IT), (26 bytes).
    Removing stm32f0xx_hal_uart.o(i.UART_EndTxTransfer), (18 bytes).
    Removing stm32f0xx_hal_uart.o(i.UART_Receive_IT), (126 bytes).
    Removing stm32f0xx_hal_uart.o(i.UART_Transmit_IT), (104 bytes).
    Removing stm32f0xx_hal_uart_ex.o(.rev16_text), (4 bytes).
    Removing stm32f0xx_hal_uart_ex.o(.revsh_text), (4 bytes).
    Removing stm32f0xx_hal_uart_ex.o(i.HAL_LIN_Init), (160 bytes).
    Removing stm32f0xx_hal_uart_ex.o(i.HAL_LIN_SendBreak), (42 bytes).
    Removing stm32f0xx_hal_uart_ex.o(i.HAL_MultiProcessorEx_AddressLength_Set), (54 bytes).
    Removing stm32f0xx_hal_uart_ex.o(i.HAL_RS485Ex_Init), (148 bytes).
    Removing stm32f0xx_hal_uart_ex.o(i.HAL_UARTEx_DisableStopMode), (42 bytes).
    Removing stm32f0xx_hal_uart_ex.o(i.HAL_UARTEx_EnableStopMode), (42 bytes).
    Removing stm32f0xx_hal_uart_ex.o(i.HAL_UARTEx_StopModeWakeUpSourceConfig), (128 bytes).
    Removing stm32f0xx_hal_uart_ex.o(i.HAL_UARTEx_WakeupCallback), (2 bytes).
    Removing stm32f0xx_hal_uart_ex.o(i.UARTEx_Wakeup_AddressConfig), (38 bytes).
    Removing boot.o(.rev16_text), (4 bytes).
    Removing boot.o(.revsh_text), (4 bytes).
    Removing led.o(.rev16_text), (4 bytes).
    Removing led.o(.revsh_text), (4 bytes).
    Removing main.o(.rev16_text), (4 bytes).
    Removing main.o(.revsh_text), (4 bytes).
    Removing main.o(i.HAL_MspDeInit), (96 bytes).
    Removing timer.o(.rev16_text), (4 bytes).
    Removing timer.o(.revsh_text), (4 bytes).
    Removing stm32f0xx_hal_dma.o(i.__ARM_common_switch8), (26 bytes).

329 unused section(s) (total 20992 bytes) removed from the image.

==============================================================================

Image Symbol Table

    Local Symbols

    Symbol Name                              Value     Ov Type        Size  Object(Section)

    ../clib/angel/boardlib.s                 0x00000000   Number         0  boardinit1.o ABSOLUTE
    ../clib/angel/boardlib.s                 0x00000000   Number         0  boardshut.o ABSOLUTE
    ../clib/angel/boardlib.s                 0x00000000   Number         0  boardinit2.o ABSOLUTE
    ../clib/angel/boardlib.s                 0x00000000   Number         0  boardinit3.o ABSOLUTE
    ../clib/angel/handlers.s                 0x00000000   Number         0  __scatter_copy.o ABSOLUTE
    ../clib/angel/handlers.s                 0x00000000   Number         0  __scatter_zi.o ABSOLUTE
    ../clib/angel/kernel.s                   0x00000000   Number         0  rtexit.o ABSOLUTE
    ../clib/angel/kernel.s                   0x00000000   Number         0  rtexit2.o ABSOLUTE
    ../clib/angel/kernel.s                   0x00000000   Number         0  __rtentry4.o ABSOLUTE
    ../clib/angel/kernel.s                   0x00000000   Number         0  __rtentry2.o ABSOLUTE
    ../clib/angel/kernel.s                   0x00000000   Number         0  __rtentry.o ABSOLUTE
    ../clib/angel/rt.s                       0x00000000   Number         0  rt_raise.o ABSOLUTE
    ../clib/angel/rt.s                       0x00000000   Number         0  rt_div0.o ABSOLUTE
    ../clib/angel/rt.s                       0x00000000   Number         0  aeabi_idiv0_sigfpe.o ABSOLUTE
    ../clib/angel/rt.s                       0x00000000   Number         0  aeabi_idiv0.o ABSOLUTE
    ../clib/angel/scatterp.s                 0x00000000   Number         0  __scatter.o ABSOLUTE
    ../clib/angel/startup.s                  0x00000000   Number         0  __main.o ABSOLUTE
    ../clib/angel/sys.s                      0x00000000   Number         0  tempstk.o ABSOLUTE
    ../clib/angel/sys.s                      0x00000000   Number         0  sys_stackheap_outer.o ABSOLUTE
    ../clib/angel/sys.s                      0x00000000   Number         0  use_no_semi.o ABSOLUTE
    ../clib/angel/sys.s                      0x00000000   Number         0  indicate_semi.o ABSOLUTE
    ../clib/angel/sys.s                      0x00000000   Number         0  libspace.o ABSOLUTE
    ../clib/angel/sysapp.c                   0x00000000   Number         0  sys_exit.o ABSOLUTE
    ../clib/angel/sysapp.c                   0x00000000   Number         0  sys_wrch.o ABSOLUTE
    ../clib/angel/sysapp.c                   0x00000000   Number         0  sys_command.o ABSOLUTE
    ../clib/armsys.c                         0x00000000   Number         0  _get_argv_nomalloc.o ABSOLUTE
    ../clib/armsys.c                         0x00000000   Number         0  argv_veneer.o ABSOLUTE
    ../clib/armsys.c                         0x00000000   Number         0  no_argv.o ABSOLUTE
    ../clib/division.s                       0x00000000   Number         0  aeabi_sdiv_div0.o ABSOLUTE
    ../clib/division.s                       0x00000000   Number         0  aeabi_sdiv.o ABSOLUTE
    ../clib/heapalloc.c                      0x00000000   Number         0  hrguard.o ABSOLUTE
    ../clib/heapaux.c                        0x00000000   Number         0  heapauxi.o ABSOLUTE
    ../clib/libinit.s                        0x00000000   Number         0  libshutdown.o ABSOLUTE
    ../clib/libinit.s                        0x00000000   Number         0  libshutdown2.o ABSOLUTE
    ../clib/libinit.s                        0x00000000   Number         0  libinit2.o ABSOLUTE
    ../clib/libinit.s                        0x00000000   Number         0  libinit.o ABSOLUTE
    ../clib/longlong.c                       0x00000000   Number         0  llushr.o ABSOLUTE
    ../clib/signal.c                         0x00000000   Number         0  defsig_fpe_outer.o ABSOLUTE
    ../clib/signal.c                         0x00000000   Number         0  defsig_cppl_inner.o ABSOLUTE
    ../clib/signal.c                         0x00000000   Number         0  __raise.o ABSOLUTE
    ../clib/signal.c                         0x00000000   Number         0  defsig_fpe_formal.o ABSOLUTE
    ../clib/signal.c                         0x00000000   Number         0  defsig_stak_inner.o ABSOLUTE
    ../clib/signal.c                         0x00000000   Number         0  defsig_rtmem_formal.o ABSOLUTE
    ../clib/signal.c                         0x00000000   Number         0  defsig_exit.o ABSOLUTE
    ../clib/signal.c                         0x00000000   Number         0  defsig_general.o ABSOLUTE
    ../clib/signal.c                         0x00000000   Number         0  defsig_rtred_inner.o ABSOLUTE
    ../clib/signal.c                         0x00000000   Number         0  defsig_abrt_inner.o ABSOLUTE
    ../clib/signal.c                         0x00000000   Number         0  defsig_rtmem_inner.o ABSOLUTE
    ../clib/signal.c                         0x00000000   Number         0  defsig_rtmem_outer.o ABSOLUTE
    ../clib/signal.c                         0x00000000   Number         0  defsig_segv_inner.o ABSOLUTE
    ../clib/signal.c                         0x00000000   Number         0  defsig_fpe_inner.o ABSOLUTE
    ../clib/signal.c                         0x00000000   Number         0  defsig_other.o ABSOLUTE
    ../clib/signal.c                         0x00000000   Number         0  defsig_pvfn_inner.o ABSOLUTE
    ../clib/signal.s                         0x00000000   Number         0  defsig.o ABSOLUTE
    ../clib/stdlib.c                         0x00000000   Number         0  exit.o ABSOLUTE
    ../fplib/cfplib/fpinit.c                 0x00000000   Number         0  fpinit.o ABSOLUTE
    ..\\boot.c                               0x00000000   Number         0  boot.o ABSOLUTE
    ..\\led.c                                0x00000000   Number         0  led.o ABSOLUTE
    ..\\lib\\STM32F0xx_HAL_Driver\\Src\\stm32f0xx_hal.c 0x00000000   Number         0  stm32f0xx_hal.o ABSOLUTE
    ..\\lib\\STM32F0xx_HAL_Driver\\Src\\stm32f0xx_hal_can.c 0x00000000   Number         0  stm32f0xx_hal_can.o ABSOLUTE
    ..\\lib\\STM32F0xx_HAL_Driver\\Src\\stm32f0xx_hal_cortex.c 0x00000000   Number         0  stm32f0xx_hal_cortex.o ABSOLUTE
    ..\\lib\\STM32F0xx_HAL_Driver\\Src\\stm32f0xx_hal_dma.c 0x00000000   Number         0  stm32f0xx_hal_dma.o ABSOLUTE
    ..\\lib\\STM32F0xx_HAL_Driver\\Src\\stm32f0xx_hal_flash.c 0x00000000   Number         0  stm32f0xx_hal_flash.o ABSOLUTE
    ..\\lib\\STM32F0xx_HAL_Driver\\Src\\stm32f0xx_hal_flash_ex.c 0x00000000   Number         0  stm32f0xx_hal_flash_ex.o ABSOLUTE
    ..\\lib\\STM32F0xx_HAL_Driver\\Src\\stm32f0xx_hal_gpio.c 0x00000000   Number         0  stm32f0xx_hal_gpio.o ABSOLUTE
    ..\\lib\\STM32F0xx_HAL_Driver\\Src\\stm32f0xx_hal_i2c.c 0x00000000   Number         0  stm32f0xx_hal_i2c.o ABSOLUTE
    ..\\lib\\STM32F0xx_HAL_Driver\\Src\\stm32f0xx_hal_i2c_ex.c 0x00000000   Number         0  stm32f0xx_hal_i2c_ex.o ABSOLUTE
    ..\\lib\\STM32F0xx_HAL_Driver\\Src\\stm32f0xx_hal_pwr.c 0x00000000   Number         0  stm32f0xx_hal_pwr.o ABSOLUTE
    ..\\lib\\STM32F0xx_HAL_Driver\\Src\\stm32f0xx_hal_pwr_ex.c 0x00000000   Number         0  stm32f0xx_hal_pwr_ex.o ABSOLUTE
    ..\\lib\\STM32F0xx_HAL_Driver\\Src\\stm32f0xx_hal_rcc.c 0x00000000   Number         0  stm32f0xx_hal_rcc.o ABSOLUTE
    ..\\lib\\STM32F0xx_HAL_Driver\\Src\\stm32f0xx_hal_rcc_ex.c 0x00000000   Number         0  stm32f0xx_hal_rcc_ex.o ABSOLUTE
    ..\\lib\\STM32F0xx_HAL_Driver\\Src\\stm32f0xx_hal_tim.c 0x00000000   Number         0  stm32f0xx_hal_tim.o ABSOLUTE
    ..\\lib\\STM32F0xx_HAL_Driver\\Src\\stm32f0xx_hal_tim_ex.c 0x00000000   Number         0  stm32f0xx_hal_tim_ex.o ABSOLUTE
    ..\\lib\\STM32F0xx_HAL_Driver\\Src\\stm32f0xx_hal_uart.c 0x00000000   Number         0  stm32f0xx_hal_uart.o ABSOLUTE
    ..\\lib\\STM32F0xx_HAL_Driver\\Src\\stm32f0xx_hal_uart_ex.c 0x00000000   Number         0  stm32f0xx_hal_uart_ex.o ABSOLUTE
    ..\\lib\\system_stm32f0xx.c              0x00000000   Number         0  system_stm32f0xx.o ABSOLUTE
    ..\\main.c                               0x00000000   Number         0  main.o ABSOLUTE
    ..\\timer.c                              0x00000000   Number         0  timer.o ABSOLUTE
    ..\boot.c                                0x00000000   Number         0  boot.o ABSOLUTE
    ..\led.c                                 0x00000000   Number         0  led.o ABSOLUTE
    ..\lib\STM32F0xx_HAL_Driver\Src\stm32f0xx_hal.c 0x00000000   Number         0  stm32f0xx_hal.o ABSOLUTE
    ..\lib\STM32F0xx_HAL_Driver\Src\stm32f0xx_hal_can.c 0x00000000   Number         0  stm32f0xx_hal_can.o ABSOLUTE
    ..\lib\STM32F0xx_HAL_Driver\Src\stm32f0xx_hal_cortex.c 0x00000000   Number         0  stm32f0xx_hal_cortex.o ABSOLUTE
    ..\lib\STM32F0xx_HAL_Driver\Src\stm32f0xx_hal_dma.c 0x00000000   Number         0  stm32f0xx_hal_dma.o ABSOLUTE
    ..\lib\STM32F0xx_HAL_Driver\Src\stm32f0xx_hal_flash.c 0x00000000   Number         0  stm32f0xx_hal_flash.o ABSOLUTE
    ..\lib\STM32F0xx_HAL_Driver\Src\stm32f0xx_hal_flash_ex.c 0x00000000   Number         0  stm32f0xx_hal_flash_ex.o ABSOLUTE
    ..\lib\STM32F0xx_HAL_Driver\Src\stm32f0xx_hal_gpio.c 0x00000000   Number         0  stm32f0xx_hal_gpio.o ABSOLUTE
    ..\lib\STM32F0xx_HAL_Driver\Src\stm32f0xx_hal_i2c.c 0x00000000   Number         0  stm32f0xx_hal_i2c.o ABSOLUTE
    ..\lib\STM32F0xx_HAL_Driver\Src\stm32f0xx_hal_i2c_ex.c 0x00000000   Number         0  stm32f0xx_hal_i2c_ex.o ABSOLUTE
    ..\lib\STM32F0xx_HAL_Driver\Src\stm32f0xx_hal_pwr.c 0x00000000   Number         0  stm32f0xx_hal_pwr.o ABSOLUTE
    ..\lib\STM32F0xx_HAL_Driver\Src\stm32f0xx_hal_pwr_ex.c 0x00000000   Number         0  stm32f0xx_hal_pwr_ex.o ABSOLUTE
    ..\lib\STM32F0xx_HAL_Driver\Src\stm32f0xx_hal_rcc.c 0x00000000   Number         0  stm32f0xx_hal_rcc.o ABSOLUTE
    ..\lib\STM32F0xx_HAL_Driver\Src\stm32f0xx_hal_rcc_ex.c 0x00000000   Number         0  stm32f0xx_hal_rcc_ex.o ABSOLUTE
    ..\lib\STM32F0xx_HAL_Driver\Src\stm32f0xx_hal_tim.c 0x00000000   Number         0  stm32f0xx_hal_tim.o ABSOLUTE
    ..\lib\STM32F0xx_HAL_Driver\Src\stm32f0xx_hal_tim_ex.c 0x00000000   Number         0  stm32f0xx_hal_tim_ex.o ABSOLUTE
    ..\lib\STM32F0xx_HAL_Driver\Src\stm32f0xx_hal_uart.c 0x00000000   Number         0  stm32f0xx_hal_uart.o ABSOLUTE
    ..\lib\STM32F0xx_HAL_Driver\Src\stm32f0xx_hal_uart_ex.c 0x00000000   Number         0  stm32f0xx_hal_uart_ex.o ABSOLUTE
    ..\lib\system_stm32f0xx.c                0x00000000   Number         0  system_stm32f0xx.o ABSOLUTE
    ..\main.c                                0x00000000   Number         0  main.o ABSOLUTE
    ..\startup_stm32f091.s                   0x00000000   Number         0  startup_stm32f091.o ABSOLUTE
    ..\timer.c                               0x00000000   Number         0  timer.o ABSOLUTE
    dc.s                                     0x00000000   Number         0  dc.o ABSOLUTE
    RESET                                    0x08002800   Section      196  startup_stm32f091.o(RESET)
    !!!main                                  0x080028c4   Section        8  __main.o(!!!main)
    !!!scatter                               0x080028cc   Section       60  __scatter.o(!!!scatter)
    !!handler_copy                           0x08002908   Section       26  __scatter_copy.o(!!handler_copy)
    !!handler_zi                             0x08002924   Section       28  __scatter_zi.o(!!handler_zi)
    .ARM.Collect$$libinit$$00000000          0x08002940   Section        2  libinit.o(.ARM.Collect$$libinit$$00000000)
    .ARM.Collect$$libinit$$00000002          0x08002942   Section        0  libinit2.o(.ARM.Collect$$libinit$$00000002)
    .ARM.Collect$$libinit$$00000004          0x08002942   Section        0  libinit2.o(.ARM.Collect$$libinit$$00000004)
    .ARM.Collect$$libinit$$0000000A          0x08002942   Section        0  libinit2.o(.ARM.Collect$$libinit$$0000000A)
    .ARM.Collect$$libinit$$0000000C          0x08002942   Section        0  libinit2.o(.ARM.Collect$$libinit$$0000000C)
    .ARM.Collect$$libinit$$0000000E          0x08002942   Section        0  libinit2.o(.ARM.Collect$$libinit$$0000000E)
    .ARM.Collect$$libinit$$00000011          0x08002942   Section        0  libinit2.o(.ARM.Collect$$libinit$$00000011)
    .ARM.Collect$$libinit$$00000013          0x08002942   Section        0  libinit2.o(.ARM.Collect$$libinit$$00000013)
    .ARM.Collect$$libinit$$00000015          0x08002942   Section        0  libinit2.o(.ARM.Collect$$libinit$$00000015)
    .ARM.Collect$$libinit$$00000017          0x08002942   Section        0  libinit2.o(.ARM.Collect$$libinit$$00000017)
    .ARM.Collect$$libinit$$00000019          0x08002942   Section        0  libinit2.o(.ARM.Collect$$libinit$$00000019)
    .ARM.Collect$$libinit$$0000001B          0x08002942   Section        0  libinit2.o(.ARM.Collect$$libinit$$0000001B)
    .ARM.Collect$$libinit$$0000001D          0x08002942   Section        0  libinit2.o(.ARM.Collect$$libinit$$0000001D)
    .ARM.Collect$$libinit$$0000001F          0x08002942   Section        0  libinit2.o(.ARM.Collect$$libinit$$0000001F)
    .ARM.Collect$$libinit$$00000021          0x08002942   Section        0  libinit2.o(.ARM.Collect$$libinit$$00000021)
    .ARM.Collect$$libinit$$00000023          0x08002942   Section        0  libinit2.o(.ARM.Collect$$libinit$$00000023)
    .ARM.Collect$$libinit$$00000025          0x08002942   Section        0  libinit2.o(.ARM.Collect$$libinit$$00000025)
    .ARM.Collect$$libinit$$0000002C          0x08002942   Section        0  libinit2.o(.ARM.Collect$$libinit$$0000002C)
    .ARM.Collect$$libinit$$0000002E          0x08002942   Section        0  libinit2.o(.ARM.Collect$$libinit$$0000002E)
    .ARM.Collect$$libinit$$00000030          0x08002942   Section        0  libinit2.o(.ARM.Collect$$libinit$$00000030)
    .ARM.Collect$$libinit$$00000032          0x08002942   Section        0  libinit2.o(.ARM.Collect$$libinit$$00000032)
    .ARM.Collect$$libinit$$00000033          0x08002942   Section        2  libinit2.o(.ARM.Collect$$libinit$$00000033)
    .ARM.Collect$$libshutdown$$00000000      0x08002944   Section        2  libshutdown.o(.ARM.Collect$$libshutdown$$00000000)
    .ARM.Collect$$libshutdown$$00000002      0x08002946   Section        0  libshutdown2.o(.ARM.Collect$$libshutdown$$00000002)
    .ARM.Collect$$libshutdown$$00000004      0x08002946   Section        0  libshutdown2.o(.ARM.Collect$$libshutdown$$00000004)
    .ARM.Collect$$libshutdown$$00000007      0x08002946   Section        0  libshutdown2.o(.ARM.Collect$$libshutdown$$00000007)
    .ARM.Collect$$libshutdown$$0000000A      0x08002946   Section        0  libshutdown2.o(.ARM.Collect$$libshutdown$$0000000A)
    .ARM.Collect$$libshutdown$$0000000C      0x08002946   Section        0  libshutdown2.o(.ARM.Collect$$libshutdown$$0000000C)
    .ARM.Collect$$libshutdown$$0000000F      0x08002946   Section        0  libshutdown2.o(.ARM.Collect$$libshutdown$$0000000F)
    .ARM.Collect$$libshutdown$$00000010      0x08002946   Section        2  libshutdown2.o(.ARM.Collect$$libshutdown$$00000010)
    .ARM.Collect$$rtentry$$00000000          0x08002948   Section        0  __rtentry.o(.ARM.Collect$$rtentry$$00000000)
    .ARM.Collect$$rtentry$$00000002          0x08002948   Section        0  __rtentry2.o(.ARM.Collect$$rtentry$$00000002)
    .ARM.Collect$$rtentry$$00000004          0x08002948   Section        6  __rtentry4.o(.ARM.Collect$$rtentry$$00000004)
    .ARM.Collect$$rtentry$$00000009          0x0800294e   Section        0  __rtentry2.o(.ARM.Collect$$rtentry$$00000009)
    .ARM.Collect$$rtentry$$0000000A          0x0800294e   Section        4  __rtentry2.o(.ARM.Collect$$rtentry$$0000000A)
    .ARM.Collect$$rtentry$$0000000C          0x08002952   Section        0  __rtentry2.o(.ARM.Collect$$rtentry$$0000000C)
    .ARM.Collect$$rtentry$$0000000D          0x08002952   Section        8  __rtentry2.o(.ARM.Collect$$rtentry$$0000000D)
    .ARM.Collect$$rtexit$$00000000           0x0800295a   Section        2  rtexit.o(.ARM.Collect$$rtexit$$00000000)
    .ARM.Collect$$rtexit$$00000002           0x0800295c   Section        0  rtexit2.o(.ARM.Collect$$rtexit$$00000002)
    .ARM.Collect$$rtexit$$00000003           0x0800295c   Section        4  rtexit2.o(.ARM.Collect$$rtexit$$00000003)
    .ARM.Collect$$rtexit$$00000004           0x08002960   Section        6  rtexit2.o(.ARM.Collect$$rtexit$$00000004)
    .text                                    0x08002968   Section      116  startup_stm32f091.o(.text)
    .text                                    0x080029dc   Section      346  aeabi_sdiv.o(.text)
    .text                                    0x08002b36   Section        0  heapauxi.o(.text)
    .text                                    0x08002b3c   Section       62  sys_stackheap_outer.o(.text)
    .text                                    0x08002b7a   Section        0  exit.o(.text)
    .text                                    0x08002b8c   Section        8  libspace.o(.text)
    .text                                    0x08002b94   Section        0  sys_exit.o(.text)
    .text                                    0x08002ba0   Section        2  use_no_semi.o(.text)
    .text                                    0x08002ba2   Section        0  indicate_semi.o(.text)
    i.BootActivate                           0x08002ba4   Section        0  boot.o(i.BootActivate)
    i.BootComCanCheckActivationRequest       0x08002bc0   Section        0  boot.o(i.BootComCanCheckActivationRequest)
    BootComCanCheckActivationRequest         0x08002bc1   Thumb Code    64  boot.o(i.BootComCanCheckActivationRequest)
    i.BootComCanInit                         0x08002c08   Section        0  boot.o(i.BootComCanInit)
    BootComCanInit                           0x08002c09   Thumb Code   126  boot.o(i.BootComCanInit)
    i.BootComCheckActivationRequest          0x08002c98   Section        0  boot.o(i.BootComCheckActivationRequest)
    i.BootComInit                            0x08002ca4   Section        0  boot.o(i.BootComInit)
    i.BootComRs232CheckActivationRequest     0x08002cb0   Section        0  boot.o(i.BootComRs232CheckActivationRequest)
    BootComRs232CheckActivationRequest       0x08002cb1   Thumb Code   106  boot.o(i.BootComRs232CheckActivationRequest)
    i.BootComRs232Init                       0x08002d24   Section        0  boot.o(i.BootComRs232Init)
    BootComRs232Init                         0x08002d25   Thumb Code    40  boot.o(i.BootComRs232Init)
    i.CanGetSpeedConfig                      0x08002d54   Section        0  boot.o(i.CanGetSpeedConfig)
    CanGetSpeedConfig                        0x08002d55   Thumb Code    96  boot.o(i.CanGetSpeedConfig)
    i.HAL_CAN_ConfigFilter                   0x08002dbc   Section        0  stm32f0xx_hal_can.o(i.HAL_CAN_ConfigFilter)
    i.HAL_CAN_GetRxMessage                   0x08002eb0   Section        0  stm32f0xx_hal_can.o(i.HAL_CAN_GetRxMessage)
    i.HAL_CAN_Init                           0x08002fb0   Section        0  stm32f0xx_hal_can.o(i.HAL_CAN_Init)
    i.HAL_CAN_MspInit                        0x080030f6   Section        0  stm32f0xx_hal_can.o(i.HAL_CAN_MspInit)
    i.HAL_CAN_Start                          0x080030f8   Section        0  stm32f0xx_hal_can.o(i.HAL_CAN_Start)
    i.HAL_GPIO_Init                          0x08003154   Section        0  stm32f0xx_hal_gpio.o(i.HAL_GPIO_Init)
    i.HAL_GPIO_WritePin                      0x080032ac   Section        0  stm32f0xx_hal_gpio.o(i.HAL_GPIO_WritePin)
    i.HAL_GetTick                            0x080032b8   Section        0  stm32f0xx_hal.o(i.HAL_GetTick)
    i.HAL_IncTick                            0x080032c4   Section        0  stm32f0xx_hal.o(i.HAL_IncTick)
    i.HAL_Init                               0x080032d4   Section        0  stm32f0xx_hal.o(i.HAL_Init)
    i.HAL_InitTick                           0x080032f4   Section        0  stm32f0xx_hal.o(i.HAL_InitTick)
    i.HAL_MspInit                            0x08003318   Section        0  main.o(i.HAL_MspInit)
    i.HAL_NVIC_SetPriority                   0x080033d4   Section        0  stm32f0xx_hal_cortex.o(i.HAL_NVIC_SetPriority)
    i.HAL_RCCEx_PeriphCLKConfig              0x080033dc   Section        0  stm32f0xx_hal_rcc_ex.o(i.HAL_RCCEx_PeriphCLKConfig)
    i.HAL_RCC_ClockConfig                    0x08003504   Section        0  stm32f0xx_hal_rcc.o(i.HAL_RCC_ClockConfig)
    i.HAL_RCC_GetHCLKFreq                    0x08003678   Section        0  stm32f0xx_hal_rcc.o(i.HAL_RCC_GetHCLKFreq)
    i.HAL_RCC_GetPCLK1Freq                   0x08003684   Section        0  stm32f0xx_hal_rcc.o(i.HAL_RCC_GetPCLK1Freq)
    i.HAL_RCC_GetSysClockFreq                0x080036a4   Section        0  stm32f0xx_hal_rcc.o(i.HAL_RCC_GetSysClockFreq)
    i.HAL_RCC_OscConfig                      0x08003748   Section        0  stm32f0xx_hal_rcc.o(i.HAL_RCC_OscConfig)
    i.HAL_SYSTICK_CLKSourceConfig            0x08003bb4   Section        0  stm32f0xx_hal_cortex.o(i.HAL_SYSTICK_CLKSourceConfig)
    i.HAL_SYSTICK_Callback                   0x08003bd0   Section        0  stm32f0xx_hal_cortex.o(i.HAL_SYSTICK_Callback)
    i.HAL_SYSTICK_Config                     0x08003bd4   Section        0  stm32f0xx_hal_cortex.o(i.HAL_SYSTICK_Config)
    i.HAL_SYSTICK_IRQHandler                 0x08003c04   Section        0  stm32f0xx_hal_cortex.o(i.HAL_SYSTICK_IRQHandler)
    i.HAL_UART_Init                          0x08003c0c   Section        0  stm32f0xx_hal_uart.o(i.HAL_UART_Init)
    i.HAL_UART_MspInit                       0x08003c7e   Section        0  stm32f0xx_hal_uart.o(i.HAL_UART_MspInit)
    i.HAL_UART_Receive                       0x08003c80   Section        0  stm32f0xx_hal_uart.o(i.HAL_UART_Receive)
    i.Init                                   0x08003d90   Section        0  main.o(i.Init)
    Init                                     0x08003d91   Thumb Code    20  main.o(i.Init)
    i.LedInit                                0x08003da4   Section        0  led.o(i.LedInit)
    i.LedToggle                              0x08003db4   Section        0  led.o(i.LedToggle)
    i.NVIC_SetPriority                       0x08003dfc   Section        0  stm32f0xx_hal_cortex.o(i.NVIC_SetPriority)
    NVIC_SetPriority                         0x08003dfd   Thumb Code    60  stm32f0xx_hal_cortex.o(i.NVIC_SetPriority)
    i.Rs232ReceiveByte                       0x08003e40   Section        0  boot.o(i.Rs232ReceiveByte)
    Rs232ReceiveByte                         0x08003e41   Thumb Code    26  boot.o(i.Rs232ReceiveByte)
    i.SysTick_Handler                        0x08003e60   Section        0  timer.o(i.SysTick_Handler)
    i.SystemClock_Config                     0x08003e6c   Section        0  main.o(i.SystemClock_Config)
    SystemClock_Config                       0x08003e6d   Thumb Code    86  main.o(i.SystemClock_Config)
    i.SystemInit                             0x08003ec4   Section        0  system_stm32f0xx.o(i.SystemInit)
    i.TimerGet                               0x08003f20   Section        0  timer.o(i.TimerGet)
    i.TimerInit                              0x08003f28   Section        0  timer.o(i.TimerInit)
    i.UART_AdvFeatureConfig                  0x08003f4c   Section        0  stm32f0xx_hal_uart.o(i.UART_AdvFeatureConfig)
    i.UART_CheckIdleState                    0x08004018   Section        0  stm32f0xx_hal_uart.o(i.UART_CheckIdleState)
    i.UART_SetConfig                         0x08004098   Section        0  stm32f0xx_hal_uart.o(i.UART_SetConfig)
    i.UART_WaitOnFlagUntilTimeout            0x080042a4   Section        0  stm32f0xx_hal_uart.o(i.UART_WaitOnFlagUntilTimeout)
    i.main                                   0x08004306   Section        0  main.o(i.main)
    .constdata                               0x08004318   Section       16  system_stm32f0xx.o(.constdata)
    .constdata                               0x08004328   Section        8  system_stm32f0xx.o(.constdata)
    .constdata                               0x08004330   Section       36  boot.o(.constdata)
    canTiming                                0x08004330   Data          36  boot.o(.constdata)
    .data                                    0x200000c0   Section        4  system_stm32f0xx.o(.data)
    .data                                    0x200000c4   Section        4  stm32f0xx_hal.o(.data)
    .data                                    0x200000c8   Section        8  boot.o(.data)
    xcpCtoRxLength                           0x200000c8   Data           1  boot.o(.data)
    xcpCtoRxInProgress                       0x200000c9   Data           1  boot.o(.data)
    xcpCtoRxStartTime                        0x200000cc   Data           4  boot.o(.data)
    .data                                    0x200000d0   Section        8  led.o(.data)
    led_toggle_state                         0x200000d0   Data           1  led.o(.data)
    timer_counter_last                       0x200000d4   Data           4  led.o(.data)
    .bss                                     0x200000d8   Section      220  boot.o(.bss)
    xcpCtoReqPacket                          0x200000d8   Data          65  boot.o(.bss)
    rs232Handle                              0x2000011c   Data         112  boot.o(.bss)
    canHandle                                0x2000018c   Data          40  boot.o(.bss)
    .bss                                     0x200001b4   Section       96  libspace.o(.bss)
    HEAP                                     0x20000218   Section      512  startup_stm32f091.o(HEAP)
    Heap_Mem                                 0x20000218   Data         512  startup_stm32f091.o(HEAP)
    STACK                                    0x20000418   Section     1024  startup_stm32f091.o(STACK)
    Stack_Mem                                0x20000418   Data        1024  startup_stm32f091.o(STACK)
    __initial_sp                             0x20000818   Data           0  startup_stm32f091.o(STACK)

    Global Symbols

    Symbol Name                              Value     Ov Type        Size  Object(Section)

    BuildAttributes$$THM_ISAv3M$S$PE$A:L22$X:L11$S22$IEEE1$IW$USESV6$~STKCKD$USESV7$~SHL$OSPACE$ROPI$EBA8$UX$STANDARDLIB$REQ8$PRES8$EABIv2 0x00000000   Number         0  anon$$obj.o ABSOLUTE
    __ARM_use_no_argv                        0x00000000   Number         0  main.o ABSOLUTE
    __ARM_exceptions_init                     - Undefined Weak Reference
    __alloca_initialize                       - Undefined Weak Reference
    __arm_preinit_                            - Undefined Weak Reference
    __cpp_initialize__aeabi_                  - Undefined Weak Reference
    __cxa_finalize                            - Undefined Weak Reference
    __rt_locale                               - Undefined Weak Reference
    __sigvec_lookup                           - Undefined Weak Reference
    _atexit_init                              - Undefined Weak Reference
    _call_atexit_fns                          - Undefined Weak Reference
    _clock_init                               - Undefined Weak Reference
    _fp_trap_init                             - Undefined Weak Reference
    _fp_trap_shutdown                         - Undefined Weak Reference
    _get_lc_collate                           - Undefined Weak Reference
    _get_lc_ctype                             - Undefined Weak Reference
    _get_lc_monetary                          - Undefined Weak Reference
    _get_lc_numeric                           - Undefined Weak Reference
    _get_lc_time                              - Undefined Weak Reference
    _getenv_init                              - Undefined Weak Reference
    _handle_redirection                       - Undefined Weak Reference
    _init_alloc                               - Undefined Weak Reference
    _init_user_alloc                          - Undefined Weak Reference
    _initio                                   - Undefined Weak Reference
    _rand_init                                - Undefined Weak Reference
    _signal_finish                            - Undefined Weak Reference
    _signal_init                              - Undefined Weak Reference
    _terminate_alloc                          - Undefined Weak Reference
    _terminate_user_alloc                     - Undefined Weak Reference
    _terminateio                              - Undefined Weak Reference
    __Vectors_Size                           0x000000c4   Number         0  startup_stm32f091.o ABSOLUTE
    __Vectors                                0x08002800   Data           4  startup_stm32f091.o(RESET)
    __Vectors_End                            0x080028c4   Data           0  startup_stm32f091.o(RESET)
    __main                                   0x080028c5   Thumb Code     8  __main.o(!!!main)
    __scatterload                            0x080028cd   Thumb Code     0  __scatter.o(!!!scatter)
    __scatterload_rt2                        0x080028cd   Thumb Code    52  __scatter.o(!!!scatter)
    __scatterload_rt2_thumb_only             0x080028cd   Thumb Code     0  __scatter.o(!!!scatter)
    __scatterload_null                       0x080028dd   Thumb Code     0  __scatter.o(!!!scatter)
    __scatterload_copy                       0x08002909   Thumb Code    26  __scatter_copy.o(!!handler_copy)
    __scatterload_zeroinit                   0x08002925   Thumb Code    28  __scatter_zi.o(!!handler_zi)
    __rt_lib_init                            0x08002941   Thumb Code     0  libinit.o(.ARM.Collect$$libinit$$00000000)
    __rt_lib_init_alloca_1                   0x08002943   Thumb Code     0  libinit2.o(.ARM.Collect$$libinit$$0000002E)
    __rt_lib_init_argv_1                     0x08002943   Thumb Code     0  libinit2.o(.ARM.Collect$$libinit$$0000002C)
    __rt_lib_init_atexit_1                   0x08002943   Thumb Code     0  libinit2.o(.ARM.Collect$$libinit$$0000001B)
    __rt_lib_init_clock_1                    0x08002943   Thumb Code     0  libinit2.o(.ARM.Collect$$libinit$$00000021)
    __rt_lib_init_cpp_1                      0x08002943   Thumb Code     0  libinit2.o(.ARM.Collect$$libinit$$00000032)
    __rt_lib_init_exceptions_1               0x08002943   Thumb Code     0  libinit2.o(.ARM.Collect$$libinit$$00000030)
    __rt_lib_init_fp_1                       0x08002943   Thumb Code     0  libinit2.o(.ARM.Collect$$libinit$$00000002)
    __rt_lib_init_fp_trap_1                  0x08002943   Thumb Code     0  libinit2.o(.ARM.Collect$$libinit$$0000001F)
    __rt_lib_init_getenv_1                   0x08002943   Thumb Code     0  libinit2.o(.ARM.Collect$$libinit$$00000023)
    __rt_lib_init_heap_1                     0x08002943   Thumb Code     0  libinit2.o(.ARM.Collect$$libinit$$0000000A)
    __rt_lib_init_lc_collate_1               0x08002943   Thumb Code     0  libinit2.o(.ARM.Collect$$libinit$$00000011)
    __rt_lib_init_lc_ctype_1                 0x08002943   Thumb Code     0  libinit2.o(.ARM.Collect$$libinit$$00000013)
    __rt_lib_init_lc_monetary_1              0x08002943   Thumb Code     0  libinit2.o(.ARM.Collect$$libinit$$00000015)
    __rt_lib_init_lc_numeric_1               0x08002943   Thumb Code     0  libinit2.o(.ARM.Collect$$libinit$$00000017)
    __rt_lib_init_lc_time_1                  0x08002943   Thumb Code     0  libinit2.o(.ARM.Collect$$libinit$$00000019)
    __rt_lib_init_preinit_1                  0x08002943   Thumb Code     0  libinit2.o(.ARM.Collect$$libinit$$00000004)
    __rt_lib_init_rand_1                     0x08002943   Thumb Code     0  libinit2.o(.ARM.Collect$$libinit$$0000000E)
    __rt_lib_init_return                     0x08002943   Thumb Code     0  libinit2.o(.ARM.Collect$$libinit$$00000033)
    __rt_lib_init_signal_1                   0x08002943   Thumb Code     0  libinit2.o(.ARM.Collect$$libinit$$0000001D)
    __rt_lib_init_stdio_1                    0x08002943   Thumb Code     0  libinit2.o(.ARM.Collect$$libinit$$00000025)
    __rt_lib_init_user_alloc_1               0x08002943   Thumb Code     0  libinit2.o(.ARM.Collect$$libinit$$0000000C)
    __rt_lib_shutdown                        0x08002945   Thumb Code     0  libshutdown.o(.ARM.Collect$$libshutdown$$00000000)
    __rt_lib_shutdown_cpp_1                  0x08002947   Thumb Code     0  libshutdown2.o(.ARM.Collect$$libshutdown$$00000002)
    __rt_lib_shutdown_fp_trap_1              0x08002947   Thumb Code     0  libshutdown2.o(.ARM.Collect$$libshutdown$$00000007)
    __rt_lib_shutdown_heap_1                 0x08002947   Thumb Code     0  libshutdown2.o(.ARM.Collect$$libshutdown$$0000000F)
    __rt_lib_shutdown_return                 0x08002947   Thumb Code     0  libshutdown2.o(.ARM.Collect$$libshutdown$$00000010)
    __rt_lib_shutdown_signal_1               0x08002947   Thumb Code     0  libshutdown2.o(.ARM.Collect$$libshutdown$$0000000A)
    __rt_lib_shutdown_stdio_1                0x08002947   Thumb Code     0  libshutdown2.o(.ARM.Collect$$libshutdown$$00000004)
    __rt_lib_shutdown_user_alloc_1           0x08002947   Thumb Code     0  libshutdown2.o(.ARM.Collect$$libshutdown$$0000000C)
    __rt_entry                               0x08002949   Thumb Code     0  __rtentry.o(.ARM.Collect$$rtentry$$00000000)
    __rt_entry_presh_1                       0x08002949   Thumb Code     0  __rtentry2.o(.ARM.Collect$$rtentry$$00000002)
    __rt_entry_sh                            0x08002949   Thumb Code     0  __rtentry4.o(.ARM.Collect$$rtentry$$00000004)
    __rt_entry_li                            0x0800294f   Thumb Code     0  __rtentry2.o(.ARM.Collect$$rtentry$$0000000A)
    __rt_entry_postsh_1                      0x0800294f   Thumb Code     0  __rtentry2.o(.ARM.Collect$$rtentry$$00000009)
    __rt_entry_main                          0x08002953   Thumb Code     0  __rtentry2.o(.ARM.Collect$$rtentry$$0000000D)
    __rt_entry_postli_1                      0x08002953   Thumb Code     0  __rtentry2.o(.ARM.Collect$$rtentry$$0000000C)
    __rt_exit                                0x0800295b   Thumb Code     0  rtexit.o(.ARM.Collect$$rtexit$$00000000)
    __rt_exit_ls                             0x0800295d   Thumb Code     0  rtexit2.o(.ARM.Collect$$rtexit$$00000003)
    __rt_exit_prels_1                        0x0800295d   Thumb Code     0  rtexit2.o(.ARM.Collect$$rtexit$$00000002)
    __rt_exit_exit                           0x08002961   Thumb Code     0  rtexit2.o(.ARM.Collect$$rtexit$$00000004)
    Reset_Handler                            0x08002969   Thumb Code    38  startup_stm32f091.o(.text)
    NMI_Handler                              0x0800298f   Thumb Code     2  startup_stm32f091.o(.text)
    HardFault_Handler                        0x08002991   Thumb Code     2  startup_stm32f091.o(.text)
    SVC_Handler                              0x08002993   Thumb Code     2  startup_stm32f091.o(.text)
    PendSV_Handler                           0x08002995   Thumb Code     2  startup_stm32f091.o(.text)
    ADC1_COMP_IRQHandler                     0x08002999   Thumb Code     0  startup_stm32f091.o(.text)
    CEC_CAN_IRQHandler                       0x08002999   Thumb Code     0  startup_stm32f091.o(.text)
    DMA1_Ch1_IRQHandler                      0x08002999   Thumb Code     0  startup_stm32f091.o(.text)
    DMA1_Ch2_3_DMA2_Ch1_2_IRQHandler         0x08002999   Thumb Code     0  startup_stm32f091.o(.text)
    DMA1_Ch4_7_DMA2_Ch3_5_IRQHandler         0x08002999   Thumb Code     0  startup_stm32f091.o(.text)
    EXTI0_1_IRQHandler                       0x08002999   Thumb Code     0  startup_stm32f091.o(.text)
    EXTI2_3_IRQHandler                       0x08002999   Thumb Code     0  startup_stm32f091.o(.text)
    EXTI4_15_IRQHandler                      0x08002999   Thumb Code     0  startup_stm32f091.o(.text)
    FLASH_IRQHandler                         0x08002999   Thumb Code     0  startup_stm32f091.o(.text)
    I2C1_IRQHandler                          0x08002999   Thumb Code     0  startup_stm32f091.o(.text)
    I2C2_IRQHandler                          0x08002999   Thumb Code     0  startup_stm32f091.o(.text)
    PVD_VDDIO2_IRQHandler                    0x08002999   Thumb Code     0  startup_stm32f091.o(.text)
    RCC_CRS_IRQHandler                       0x08002999   Thumb Code     0  startup_stm32f091.o(.text)
    RTC_IRQHandler                           0x08002999   Thumb Code     0  startup_stm32f091.o(.text)
    SPI1_IRQHandler                          0x08002999   Thumb Code     0  startup_stm32f091.o(.text)
    SPI2_IRQHandler                          0x08002999   Thumb Code     0  startup_stm32f091.o(.text)
    TIM14_IRQHandler                         0x08002999   Thumb Code     0  startup_stm32f091.o(.text)
    TIM15_IRQHandler                         0x08002999   Thumb Code     0  startup_stm32f091.o(.text)
    TIM16_IRQHandler                         0x08002999   Thumb Code     0  startup_stm32f091.o(.text)
    TIM17_IRQHandler                         0x08002999   Thumb Code     0  startup_stm32f091.o(.text)
    TIM1_BRK_UP_TRG_COM_IRQHandler           0x08002999   Thumb Code     0  startup_stm32f091.o(.text)
    TIM1_CC_IRQHandler                       0x08002999   Thumb Code     0  startup_stm32f091.o(.text)
    TIM2_IRQHandler                          0x08002999   Thumb Code     0  startup_stm32f091.o(.text)
    TIM3_IRQHandler                          0x08002999   Thumb Code     0  startup_stm32f091.o(.text)
    TIM6_DAC_IRQHandler                      0x08002999   Thumb Code     0  startup_stm32f091.o(.text)
    TIM7_IRQHandler                          0x08002999   Thumb Code     0  startup_stm32f091.o(.text)
    TSC_IRQHandler                           0x08002999   Thumb Code     0  startup_stm32f091.o(.text)
    USART1_IRQHandler                        0x08002999   Thumb Code     0  startup_stm32f091.o(.text)
    USART2_IRQHandler                        0x08002999   Thumb Code     0  startup_stm32f091.o(.text)
    USART3_8_IRQHandler                      0x08002999   Thumb Code     0  startup_stm32f091.o(.text)
    WWDG_IRQHandler                          0x08002999   Thumb Code     0  startup_stm32f091.o(.text)
    __user_initial_stackheap                 0x0800299d   Thumb Code     0  startup_stm32f091.o(.text)
    __aeabi_uidiv                            0x080029dd   Thumb Code     0  aeabi_sdiv.o(.text)
    __aeabi_uidivmod                         0x080029dd   Thumb Code    20  aeabi_sdiv.o(.text)
    __aeabi_idiv                             0x080029f1   Thumb Code     0  aeabi_sdiv.o(.text)
    __aeabi_idivmod                          0x080029f1   Thumb Code   326  aeabi_sdiv.o(.text)
    __use_two_region_memory                  0x08002b37   Thumb Code     2  heapauxi.o(.text)
    __rt_heap_escrow$2region                 0x08002b39   Thumb Code     2  heapauxi.o(.text)
    __rt_heap_expand$2region                 0x08002b3b   Thumb Code     2  heapauxi.o(.text)
    __user_setup_stackheap                   0x08002b3d   Thumb Code    62  sys_stackheap_outer.o(.text)
    exit                                     0x08002b7b   Thumb Code    16  exit.o(.text)
    __user_libspace                          0x08002b8d   Thumb Code     8  libspace.o(.text)
    __user_perproc_libspace                  0x08002b8d   Thumb Code     0  libspace.o(.text)
    __user_perthread_libspace                0x08002b8d   Thumb Code     0  libspace.o(.text)
    _sys_exit                                0x08002b95   Thumb Code     8  sys_exit.o(.text)
    __I$use$semihosting                      0x08002ba1   Thumb Code     0  use_no_semi.o(.text)
    __use_no_semihosting_swi                 0x08002ba1   Thumb Code     2  use_no_semi.o(.text)
    __semihosting_library_function           0x08002ba3   Thumb Code     0  indicate_semi.o(.text)
    BootActivate                             0x08002ba5   Thumb Code    18  boot.o(i.BootActivate)
    BootComCheckActivationRequest            0x08002c99   Thumb Code    12  boot.o(i.BootComCheckActivationRequest)
    BootComInit                              0x08002ca5   Thumb Code    12  boot.o(i.BootComInit)
    HAL_CAN_ConfigFilter                     0x08002dbd   Thumb Code   244  stm32f0xx_hal_can.o(i.HAL_CAN_ConfigFilter)
    HAL_CAN_GetRxMessage                     0x08002eb1   Thumb Code   256  stm32f0xx_hal_can.o(i.HAL_CAN_GetRxMessage)
    HAL_CAN_Init                             0x08002fb1   Thumb Code   326  stm32f0xx_hal_can.o(i.HAL_CAN_Init)
    HAL_CAN_MspInit                          0x080030f7   Thumb Code     2  stm32f0xx_hal_can.o(i.HAL_CAN_MspInit)
    HAL_CAN_Start                            0x080030f9   Thumb Code    90  stm32f0xx_hal_can.o(i.HAL_CAN_Start)
    HAL_GPIO_Init                            0x08003155   Thumb Code   314  stm32f0xx_hal_gpio.o(i.HAL_GPIO_Init)
    HAL_GPIO_WritePin                        0x080032ad   Thumb Code    12  stm32f0xx_hal_gpio.o(i.HAL_GPIO_WritePin)
    HAL_GetTick                              0x080032b9   Thumb Code     6  stm32f0xx_hal.o(i.HAL_GetTick)
    HAL_IncTick                              0x080032c5   Thumb Code    10  stm32f0xx_hal.o(i.HAL_IncTick)
    HAL_Init                                 0x080032d5   Thumb Code    26  stm32f0xx_hal.o(i.HAL_Init)
    HAL_InitTick                             0x080032f5   Thumb Code    34  stm32f0xx_hal.o(i.HAL_InitTick)
    HAL_MspInit                              0x08003319   Thumb Code   180  main.o(i.HAL_MspInit)
    HAL_NVIC_SetPriority                     0x080033d5   Thumb Code     8  stm32f0xx_hal_cortex.o(i.HAL_NVIC_SetPriority)
    HAL_RCCEx_PeriphCLKConfig                0x080033dd   Thumb Code   282  stm32f0xx_hal_rcc_ex.o(i.HAL_RCCEx_PeriphCLKConfig)
    HAL_RCC_ClockConfig                      0x08003505   Thumb Code   350  stm32f0xx_hal_rcc.o(i.HAL_RCC_ClockConfig)
    HAL_RCC_GetHCLKFreq                      0x08003679   Thumb Code     6  stm32f0xx_hal_rcc.o(i.HAL_RCC_GetHCLKFreq)
    HAL_RCC_GetPCLK1Freq                     0x08003685   Thumb Code    22  stm32f0xx_hal_rcc.o(i.HAL_RCC_GetPCLK1Freq)
    HAL_RCC_GetSysClockFreq                  0x080036a5   Thumb Code   120  stm32f0xx_hal_rcc.o(i.HAL_RCC_GetSysClockFreq)
    HAL_RCC_OscConfig                        0x08003749   Thumb Code  1130  stm32f0xx_hal_rcc.o(i.HAL_RCC_OscConfig)
    HAL_SYSTICK_CLKSourceConfig              0x08003bb5   Thumb Code    24  stm32f0xx_hal_cortex.o(i.HAL_SYSTICK_CLKSourceConfig)
    HAL_SYSTICK_Callback                     0x08003bd1   Thumb Code     2  stm32f0xx_hal_cortex.o(i.HAL_SYSTICK_Callback)
    HAL_SYSTICK_Config                       0x08003bd5   Thumb Code    38  stm32f0xx_hal_cortex.o(i.HAL_SYSTICK_Config)
    HAL_SYSTICK_IRQHandler                   0x08003c05   Thumb Code     8  stm32f0xx_hal_cortex.o(i.HAL_SYSTICK_IRQHandler)
    HAL_UART_Init                            0x08003c0d   Thumb Code   114  stm32f0xx_hal_uart.o(i.HAL_UART_Init)
    HAL_UART_MspInit                         0x08003c7f   Thumb Code     2  stm32f0xx_hal_uart.o(i.HAL_UART_MspInit)
    HAL_UART_Receive                         0x08003c81   Thumb Code   268  stm32f0xx_hal_uart.o(i.HAL_UART_Receive)
    LedInit                                  0x08003da5   Thumb Code    16  led.o(i.LedInit)
    LedToggle                                0x08003db5   Thumb Code    66  led.o(i.LedToggle)
    SysTick_Handler                          0x08003e61   Thumb Code    12  timer.o(i.SysTick_Handler)
    SystemInit                               0x08003ec5   Thumb Code    76  system_stm32f0xx.o(i.SystemInit)
    TimerGet                                 0x08003f21   Thumb Code     8  timer.o(i.TimerGet)
    TimerInit                                0x08003f29   Thumb Code    36  timer.o(i.TimerInit)
    UART_AdvFeatureConfig                    0x08003f4d   Thumb Code   202  stm32f0xx_hal_uart.o(i.UART_AdvFeatureConfig)
    UART_CheckIdleState                      0x08004019   Thumb Code   112  stm32f0xx_hal_uart.o(i.UART_CheckIdleState)
    UART_SetConfig                           0x08004099   Thumb Code   476  stm32f0xx_hal_uart.o(i.UART_SetConfig)
    UART_WaitOnFlagUntilTimeout              0x080042a5   Thumb Code    98  stm32f0xx_hal_uart.o(i.UART_WaitOnFlagUntilTimeout)
    main                                     0x08004307   Thumb Code    18  main.o(i.main)
    AHBPrescTable                            0x08004318   Data          16  system_stm32f0xx.o(.constdata)
    APBPrescTable                            0x08004328   Data           8  system_stm32f0xx.o(.constdata)
    Region$$Table$$Base                      0x08004354   Number         0  anon$$obj.o(Region$$Table)
    Region$$Table$$Limit                     0x08004374   Number         0  anon$$obj.o(Region$$Table)
    SystemCoreClock                          0x200000c0   Data           4  system_stm32f0xx.o(.data)
    uwTick                                   0x200000c4   Data           4  stm32f0xx_hal.o(.data)
    __libspace_start                         0x200001b4   Data          96  libspace.o(.bss)
    __temporary_stack_top$libspace           0x20000214   Data           0  libspace.o(.bss)



==============================================================================

Memory Map of the image

  Image Entry point : 0x080028c5

  Load Region LR_IROM1 (Base: 0x08002800, Size: 0x00001b8c, Max: 0x0003d800, ABSOLUTE)

    Execution Region ER_IROM1 (Exec base: 0x08002800, Load base: 0x08002800, Size: 0x00001b74, Max: 0x0003d800, ABSOLUTE)

    Exec Addr    Load Addr    Size         Type   Attr      Idx    E Section Name        Object

    0x08002800   0x08002800   0x000000c4   Data   RO         2396    RESET               startup_stm32f091.o
    0x080028c4   0x080028c4   0x00000008   Code   RO         2411  * !!!main             c_p.l(__main.o)
    0x080028cc   0x080028cc   0x0000003c   Code   RO         2580    !!!scatter          c_p.l(__scatter.o)
    0x08002908   0x08002908   0x0000001a   Code   RO         2582    !!handler_copy      c_p.l(__scatter_copy.o)
    0x08002922   0x08002922   0x00000002   PAD
    0x08002924   0x08002924   0x0000001c   Code   RO         2584    !!handler_zi        c_p.l(__scatter_zi.o)
    0x08002940   0x08002940   0x00000002   Code   RO         2449    .ARM.Collect$$libinit$$00000000  c_p.l(libinit.o)
    0x08002942   0x08002942   0x00000000   Code   RO         2463    .ARM.Collect$$libinit$$00000002  c_p.l(libinit2.o)
    0x08002942   0x08002942   0x00000000   Code   RO         2465    .ARM.Collect$$libinit$$00000004  c_p.l(libinit2.o)
    0x08002942   0x08002942   0x00000000   Code   RO         2468    .ARM.Collect$$libinit$$0000000A  c_p.l(libinit2.o)
    0x08002942   0x08002942   0x00000000   Code   RO         2470    .ARM.Collect$$libinit$$0000000C  c_p.l(libinit2.o)
    0x08002942   0x08002942   0x00000000   Code   RO         2472    .ARM.Collect$$libinit$$0000000E  c_p.l(libinit2.o)
    0x08002942   0x08002942   0x00000000   Code   RO         2475    .ARM.Collect$$libinit$$00000011  c_p.l(libinit2.o)
    0x08002942   0x08002942   0x00000000   Code   RO         2477    .ARM.Collect$$libinit$$00000013  c_p.l(libinit2.o)
    0x08002942   0x08002942   0x00000000   Code   RO         2479    .ARM.Collect$$libinit$$00000015  c_p.l(libinit2.o)
    0x08002942   0x08002942   0x00000000   Code   RO         2481    .ARM.Collect$$libinit$$00000017  c_p.l(libinit2.o)
    0x08002942   0x08002942   0x00000000   Code   RO         2483    .ARM.Collect$$libinit$$00000019  c_p.l(libinit2.o)
    0x08002942   0x08002942   0x00000000   Code   RO         2485    .ARM.Collect$$libinit$$0000001B  c_p.l(libinit2.o)
    0x08002942   0x08002942   0x00000000   Code   RO         2487    .ARM.Collect$$libinit$$0000001D  c_p.l(libinit2.o)
    0x08002942   0x08002942   0x00000000   Code   RO         2489    .ARM.Collect$$libinit$$0000001F  c_p.l(libinit2.o)
    0x08002942   0x08002942   0x00000000   Code   RO         2491    .ARM.Collect$$libinit$$00000021  c_p.l(libinit2.o)
    0x08002942   0x08002942   0x00000000   Code   RO         2493    .ARM.Collect$$libinit$$00000023  c_p.l(libinit2.o)
    0x08002942   0x08002942   0x00000000   Code   RO         2495    .ARM.Collect$$libinit$$00000025  c_p.l(libinit2.o)
    0x08002942   0x08002942   0x00000000   Code   RO         2499    .ARM.Collect$$libinit$$0000002C  c_p.l(libinit2.o)
    0x08002942   0x08002942   0x00000000   Code   RO         2501    .ARM.Collect$$libinit$$0000002E  c_p.l(libinit2.o)
    0x08002942   0x08002942   0x00000000   Code   RO         2503    .ARM.Collect$$libinit$$00000030  c_p.l(libinit2.o)
    0x08002942   0x08002942   0x00000000   Code   RO         2505    .ARM.Collect$$libinit$$00000032  c_p.l(libinit2.o)
    0x08002942   0x08002942   0x00000002   Code   RO         2506    .ARM.Collect$$libinit$$00000033  c_p.l(libinit2.o)
    0x08002944   0x08002944   0x00000002   Code   RO         2537    .ARM.Collect$$libshutdown$$00000000  c_p.l(libshutdown.o)
    0x08002946   0x08002946   0x00000000   Code   RO         2563    .ARM.Collect$$libshutdown$$00000002  c_p.l(libshutdown2.o)
    0x08002946   0x08002946   0x00000000   Code   RO         2565    .ARM.Collect$$libshutdown$$00000004  c_p.l(libshutdown2.o)
    0x08002946   0x08002946   0x00000000   Code   RO         2568    .ARM.Collect$$libshutdown$$00000007  c_p.l(libshutdown2.o)
    0x08002946   0x08002946   0x00000000   Code   RO         2571    .ARM.Collect$$libshutdown$$0000000A  c_p.l(libshutdown2.o)
    0x08002946   0x08002946   0x00000000   Code   RO         2573    .ARM.Collect$$libshutdown$$0000000C  c_p.l(libshutdown2.o)
    0x08002946   0x08002946   0x00000000   Code   RO         2576    .ARM.Collect$$libshutdown$$0000000F  c_p.l(libshutdown2.o)
    0x08002946   0x08002946   0x00000002   Code   RO         2577    .ARM.Collect$$libshutdown$$00000010  c_p.l(libshutdown2.o)
    0x08002948   0x08002948   0x00000000   Code   RO         2413    .ARM.Collect$$rtentry$$00000000  c_p.l(__rtentry.o)
    0x08002948   0x08002948   0x00000000   Code   RO         2419    .ARM.Collect$$rtentry$$00000002  c_p.l(__rtentry2.o)
    0x08002948   0x08002948   0x00000006   Code   RO         2431    .ARM.Collect$$rtentry$$00000004  c_p.l(__rtentry4.o)
    0x0800294e   0x0800294e   0x00000000   Code   RO         2421    .ARM.Collect$$rtentry$$00000009  c_p.l(__rtentry2.o)
    0x0800294e   0x0800294e   0x00000004   Code   RO         2422    .ARM.Collect$$rtentry$$0000000A  c_p.l(__rtentry2.o)
    0x08002952   0x08002952   0x00000000   Code   RO         2424    .ARM.Collect$$rtentry$$0000000C  c_p.l(__rtentry2.o)
    0x08002952   0x08002952   0x00000008   Code   RO         2425    .ARM.Collect$$rtentry$$0000000D  c_p.l(__rtentry2.o)
    0x0800295a   0x0800295a   0x00000002   Code   RO         2454    .ARM.Collect$$rtexit$$00000000  c_p.l(rtexit.o)
    0x0800295c   0x0800295c   0x00000000   Code   RO         2510    .ARM.Collect$$rtexit$$00000002  c_p.l(rtexit2.o)
    0x0800295c   0x0800295c   0x00000004   Code   RO         2511    .ARM.Collect$$rtexit$$00000003  c_p.l(rtexit2.o)
    0x08002960   0x08002960   0x00000006   Code   RO         2512    .ARM.Collect$$rtexit$$00000004  c_p.l(rtexit2.o)
    0x08002966   0x08002966   0x00000002   PAD
    0x08002968   0x08002968   0x00000074   Code   RO         2397    .text               startup_stm32f091.o
    0x080029dc   0x080029dc   0x0000015a   Code   RO         2405    .text               c_p.l(aeabi_sdiv.o)
    0x08002b36   0x08002b36   0x00000006   Code   RO         2409    .text               c_p.l(heapauxi.o)
    0x08002b3c   0x08002b3c   0x0000003e   Code   RO         2435    .text               c_p.l(sys_stackheap_outer.o)
    0x08002b7a   0x08002b7a   0x00000010   Code   RO         2438    .text               c_p.l(exit.o)
    0x08002b8a   0x08002b8a   0x00000002   PAD
    0x08002b8c   0x08002b8c   0x00000008   Code   RO         2450    .text               c_p.l(libspace.o)
    0x08002b94   0x08002b94   0x0000000c   Code   RO         2507    .text               c_p.l(sys_exit.o)
    0x08002ba0   0x08002ba0   0x00000002   Code   RO         2526    .text               c_p.l(use_no_semi.o)
    0x08002ba2   0x08002ba2   0x00000000   Code   RO         2528    .text               c_p.l(indicate_semi.o)
    0x08002ba2   0x08002ba2   0x00000002   PAD
    0x08002ba4   0x08002ba4   0x0000001c   Code   RO         2211    i.BootActivate      boot.o
    0x08002bc0   0x08002bc0   0x00000048   Code   RO         2212    i.BootComCanCheckActivationRequest  boot.o
    0x08002c08   0x08002c08   0x00000090   Code   RO         2213    i.BootComCanInit    boot.o
    0x08002c98   0x08002c98   0x0000000c   Code   RO         2214    i.BootComCheckActivationRequest  boot.o
    0x08002ca4   0x08002ca4   0x0000000c   Code   RO         2215    i.BootComInit       boot.o
    0x08002cb0   0x08002cb0   0x00000074   Code   RO         2216    i.BootComRs232CheckActivationRequest  boot.o
    0x08002d24   0x08002d24   0x00000030   Code   RO         2217    i.BootComRs232Init  boot.o
    0x08002d54   0x08002d54   0x00000068   Code   RO         2218    i.CanGetSpeedConfig  boot.o
    0x08002dbc   0x08002dbc   0x000000f4   Code   RO          290    i.HAL_CAN_ConfigFilter  stm32f0xx_hal_can.o
    0x08002eb0   0x08002eb0   0x00000100   Code   RO          296    i.HAL_CAN_GetRxMessage  stm32f0xx_hal_can.o
    0x08002fb0   0x08002fb0   0x00000146   Code   RO          301    i.HAL_CAN_Init      stm32f0xx_hal_can.o
    0x080030f6   0x080030f6   0x00000002   Code   RO          305    i.HAL_CAN_MspInit   stm32f0xx_hal_can.o
    0x080030f8   0x080030f8   0x0000005a   Code   RO          313    i.HAL_CAN_Start     stm32f0xx_hal_can.o
    0x08003152   0x08003152   0x00000002   PAD
    0x08003154   0x08003154   0x00000158   Code   RO          913    i.HAL_GPIO_Init     stm32f0xx_hal_gpio.o
    0x080032ac   0x080032ac   0x0000000c   Code   RO          917    i.HAL_GPIO_WritePin  stm32f0xx_hal_gpio.o
    0x080032b8   0x080032b8   0x0000000c   Code   RO          131    i.HAL_GetTick       stm32f0xx_hal.o
    0x080032c4   0x080032c4   0x00000010   Code   RO          135    i.HAL_IncTick       stm32f0xx_hal.o
    0x080032d4   0x080032d4   0x00000020   Code   RO          136    i.HAL_Init          stm32f0xx_hal.o
    0x080032f4   0x080032f4   0x00000022   Code   RO          137    i.HAL_InitTick      stm32f0xx_hal.o
    0x08003316   0x08003316   0x00000002   PAD
    0x08003318   0x08003318   0x000000bc   Code   RO         2323    i.HAL_MspInit       main.o
    0x080033d4   0x080033d4   0x00000008   Code   RO          523    i.HAL_NVIC_SetPriority  stm32f0xx_hal_cortex.o
    0x080033dc   0x080033dc   0x00000128   Code   RO         1703    i.HAL_RCCEx_PeriphCLKConfig  stm32f0xx_hal_rcc_ex.o
    0x08003504   0x08003504   0x00000174   Code   RO         1601    i.HAL_RCC_ClockConfig  stm32f0xx_hal_rcc.o
    0x08003678   0x08003678   0x0000000c   Code   RO         1606    i.HAL_RCC_GetHCLKFreq  stm32f0xx_hal_rcc.o
    0x08003684   0x08003684   0x00000020   Code   RO         1608    i.HAL_RCC_GetPCLK1Freq  stm32f0xx_hal_rcc.o
    0x080036a4   0x080036a4   0x000000a4   Code   RO         1609    i.HAL_RCC_GetSysClockFreq  stm32f0xx_hal_rcc.o
    0x08003748   0x08003748   0x0000046a   Code   RO         1612    i.HAL_RCC_OscConfig  stm32f0xx_hal_rcc.o
    0x08003bb2   0x08003bb2   0x00000002   PAD
    0x08003bb4   0x08003bb4   0x0000001c   Code   RO          525    i.HAL_SYSTICK_CLKSourceConfig  stm32f0xx_hal_cortex.o
    0x08003bd0   0x08003bd0   0x00000002   Code   RO          526    i.HAL_SYSTICK_Callback  stm32f0xx_hal_cortex.o
    0x08003bd2   0x08003bd2   0x00000002   PAD
    0x08003bd4   0x08003bd4   0x00000030   Code   RO          527    i.HAL_SYSTICK_Config  stm32f0xx_hal_cortex.o
    0x08003c04   0x08003c04   0x00000008   Code   RO          528    i.HAL_SYSTICK_IRQHandler  stm32f0xx_hal_cortex.o
    0x08003c0c   0x08003c0c   0x00000072   Code   RO         1830    i.HAL_UART_Init     stm32f0xx_hal_uart.o
    0x08003c7e   0x08003c7e   0x00000002   Code   RO         1832    i.HAL_UART_MspInit  stm32f0xx_hal_uart.o
    0x08003c80   0x08003c80   0x00000110   Code   RO         1833    i.HAL_UART_Receive  stm32f0xx_hal_uart.o
    0x08003d90   0x08003d90   0x00000014   Code   RO         2324    i.Init              main.o
    0x08003da4   0x08003da4   0x00000010   Code   RO         2295    i.LedInit           led.o
    0x08003db4   0x08003db4   0x00000048   Code   RO         2296    i.LedToggle         led.o
    0x08003dfc   0x08003dfc   0x00000044   Code   RO          529    i.NVIC_SetPriority  stm32f0xx_hal_cortex.o
    0x08003e40   0x08003e40   0x00000020   Code   RO         2219    i.Rs232ReceiveByte  boot.o
    0x08003e60   0x08003e60   0x0000000c   Code   RO         2364    i.SysTick_Handler   timer.o
    0x08003e6c   0x08003e6c   0x00000056   Code   RO         2325    i.SystemClock_Config  main.o
    0x08003ec2   0x08003ec2   0x00000002   PAD
    0x08003ec4   0x08003ec4   0x0000005c   Code   RO            4    i.SystemInit        system_stm32f0xx.o
    0x08003f20   0x08003f20   0x00000008   Code   RO         2365    i.TimerGet          timer.o
    0x08003f28   0x08003f28   0x00000024   Code   RO         2366    i.TimerInit         timer.o
    0x08003f4c   0x08003f4c   0x000000ca   Code   RO         1843    i.UART_AdvFeatureConfig  stm32f0xx_hal_uart.o
    0x08004016   0x08004016   0x00000002   PAD
    0x08004018   0x08004018   0x00000080   Code   RO         1844    i.UART_CheckIdleState  stm32f0xx_hal_uart.o
    0x08004098   0x08004098   0x0000020c   Code   RO         1859    i.UART_SetConfig    stm32f0xx_hal_uart.o
    0x080042a4   0x080042a4   0x00000062   Code   RO         1861    i.UART_WaitOnFlagUntilTimeout  stm32f0xx_hal_uart.o
    0x08004306   0x08004306   0x00000012   Code   RO         2326    i.main              main.o
    0x08004318   0x08004318   0x00000010   Data   RO            5    .constdata          system_stm32f0xx.o
    0x08004328   0x08004328   0x00000008   Data   RO            6    .constdata          system_stm32f0xx.o
    0x08004330   0x08004330   0x00000024   Data   RO         2221    .constdata          boot.o
    0x08004354   0x08004354   0x00000020   Data   RO         2578    Region$$Table       anon$$obj.o


    Execution Region RW_IRAM1 (Exec base: 0x200000c0, Load base: 0x08004374, Size: 0x00000758, Max: 0x00007f40, ABSOLUTE)

    Exec Addr    Load Addr    Size         Type   Attr      Idx    E Section Name        Object

    0x200000c0   0x08004374   0x00000004   Data   RW            7    .data               system_stm32f0xx.o
    0x200000c4   0x08004378   0x00000004   Data   RW          142    .data               stm32f0xx_hal.o
    0x200000c8   0x0800437c   0x00000008   Data   RW         2222    .data               boot.o
    0x200000d0   0x08004384   0x00000008   Data   RW         2297    .data               led.o
    0x200000d8        -       0x000000dc   Zero   RW         2220    .bss                boot.o
    0x200001b4        -       0x00000060   Zero   RW         2451    .bss                c_p.l(libspace.o)
    0x20000214   0x0800438c   0x00000004   PAD
    0x20000218        -       0x00000200   Zero   RW         2395    HEAP                startup_stm32f091.o
    0x20000418        -       0x00000400   Zero   RW         2394    STACK               startup_stm32f091.o


==============================================================================

Image component sizes


      Code (inc. data)   RO Data    RW Data    ZI Data      Debug   Object Name

       568         68         36          8        220      12497   boot.o
        88          6          0          8          0       1022   led.o
       312          8          0          0          0       2465   main.o
       116         56        196          0       1536        660   startup_stm32f091.o
        94         18          0          4          0     443631   stm32f0xx_hal.o
       918          0          0          0          0       4819   stm32f0xx_hal_can.o
       162         22          0          0          0      10078   stm32f0xx_hal_cortex.o
       356         30          0          0          0       2376   stm32f0xx_hal_gpio.o
      1710        100          0          0          0       6053   stm32f0xx_hal_rcc.o
       296         14          0          0          0       1608   stm32f0xx_hal_rcc_ex.o
      1340         68          0          0          0       6651   stm32f0xx_hal_uart.o
        92         16         24          4          0     500023   system_stm32f0xx.o
        56          0          0          0          0       1357   timer.o

    ----------------------------------------------------------------------
      6120        406        288         24       1756     993240   Object Totals
         0          0         32          0          0          0   (incl. Generated)
        12          0          0          0          0          0   (incl. Padding)

    ----------------------------------------------------------------------

      Code (inc. data)   RO Data    RW Data    ZI Data      Debug   Library Member Name

         8          0          0          0          0         68   __main.o
         0          0          0          0          0          0   __rtentry.o
        12          0          0          0          0          0   __rtentry2.o
         6          0          0          0          0          0   __rtentry4.o
        60          8          0          0          0          0   __scatter.o
        26          0          0          0          0          0   __scatter_copy.o
        28          0          0          0          0          0   __scatter_zi.o
       346          0          0          0          0         92   aeabi_sdiv.o
        16          0          0          0          0         68   exit.o
         6          0          0          0          0        136   heapauxi.o
         0          0          0          0          0          0   indicate_semi.o
         2          0          0          0          0          0   libinit.o
         2          0          0          0          0          0   libinit2.o
         2          0          0          0          0          0   libshutdown.o
         2          0          0          0          0          0   libshutdown2.o
         8          4          0          0         96         68   libspace.o
         2          0          0          0          0          0   rtexit.o
        10          0          0          0          0          0   rtexit2.o
        12          4          0          0          0         60   sys_exit.o
        62          0          0          0          0         80   sys_stackheap_outer.o
         2          0          0          0          0         68   use_no_semi.o

    ----------------------------------------------------------------------
       620         16          0          0        100        640   Library Totals
         8          0          0          0          4          0   (incl. Padding)

    ----------------------------------------------------------------------

      Code (inc. data)   RO Data    RW Data    ZI Data      Debug   Library Name

       612         16          0          0         96        640   c_p.l

    ----------------------------------------------------------------------
       620         16          0          0        100        640   Library Totals

    ----------------------------------------------------------------------

==============================================================================


      Code (inc. data)   RO Data    RW Data    ZI Data      Debug   

      6740        422        288         24       1856     991712   Grand Totals
      6740        422        288         24       1856     991712   ELF Image Totals
      6740        422        288         24          0          0   ROM Totals

==============================================================================

    Total RO  Size (Code + RO Data)                 7028 (   6.86kB)
    Total RW  Size (RW Data + ZI Data)              1880 (   1.84kB)
    Total ROM Size (Code + RO Data + RW Data)       7052 (   6.89kB)

==============================================================================

