<html>
<body>
<pre>
<h1>µVision Build Log</h1>
<h2>Tool Versions:</h2>
IDE-Version: ¦ÌVision V5.26.2.0
Copyright (C) 2018 ARM Ltd and ARM Germany GmbH. All rights reserved.
License Information: zhan guomin, sumec, LIC=YA312-9Y9UX-Y7MRW-QFJIW-C7LG4-18RSM
 
Tool Versions:
Toolchain:       MDK-ARM Plus  Version: 5.26.2.0
Toolchain Path:  e:\Keil_v5\ARM\ARMCC\Bin
C Compiler:      Armcc.exe V5.06 update 6 (build 750)
Assembler:       Armasm.exe V5.06 update 6 (build 750)
Linker/Locator:  ArmLink.exe V5.06 update 6 (build 750)
Library Manager: ArmAr.exe V5.06 update 6 (build 750)
Hex Converter:   FromElf.exe V5.06 update 6 (build 750)
CPU DLL:         SARMCM3.DLL V5.26.2.0
Dialog DLL:      DARMCM1.DLL V1.19.1.0
Target DLL:      STLink\ST-LINKIII-KEIL_SWO.dll V3.0.5.0
Dialog DLL:      TARMCM1.DLL V1.14.0.0
 
<h2>Project:</h2>
F:\Program Files\GitSoft\openblt\Target\Demo\ARMCM0_STM32F0_Nucleo_F091RC_Keil\Boot\ide\stm32f091.uvprojx
Project File Date:  11/27/2020

<h2>Output:</h2>
*** Using Compiler 'V5.06 update 6 (build 750)', folder: 'e:\Keil_v5\ARM\ARMCC\Bin'
Rebuild target 'Target'
compiling stm32f0xx_hal_cortex.c...
compiling stm32f0xx_hal.c...
compiling system_stm32f0xx.c...
compiling stm32f0xx_hal_can.c...
compiling stm32f0xx_hal_flash.c...
compiling stm32f0xx_hal_dma.c...
compiling stm32f0xx_hal_flash_ex.c...
compiling stm32f0xx_hal_gpio.c...
compiling stm32f0xx_hal_pwr.c...
compiling stm32f0xx_hal_i2c_ex.c...
compiling stm32f0xx_hal_pwr_ex.c...
compiling stm32f0xx_hal_i2c.c...
compiling stm32f0xx_hal_tim.c...
compiling stm32f0xx_hal_rcc_ex.c...
compiling stm32f0xx_hal_tim_ex.c...
compiling stm32f0xx_hal_rcc.c...
compiling stm32f0xx_ll_exti.c...
compiling stm32f0xx_ll_dma.c...
compiling stm32f0xx_ll_gpio.c...
compiling stm32f0xx_ll_rcc.c...
compiling led.c...
assembling startup_stm32f091.s...
compiling stm32f0xx_ll_usart.c...
compiling assert.c...
compiling stm32f0xx_ll_utils.c...
compiling backdoor.c...
compiling boot.c...
compiling main.c...
compiling cop.c...
compiling com.c...
compiling file.c...
compiling net.c...
compiling xcp.c...
compiling hooks.c...
compiling nvm.c...
compiling flash.c...
compiling cpu_comp.c...
compiling cpu.c...
compiling can.c...
compiling timer.c...
compiling rs232.c...
linking...
Program Size: Code=8434 RO-data=506 RW-data=40 ZI-data=2944  
FromELF: creating hex file...
After Build - User command #1: fromelf --m32 --output=..\bin\openblt_stm32f091.srec ..\bin\openblt_stm32f091.axf
"..\bin\openblt_stm32f091.axf" - 0 Error(s), 0 Warning(s).

<h2>Software Packages used:</h2>

Package Vendor: Keil
                http://www.keil.com/pack/Keil.STM32F0xx_DFP.2.1.0.pack
                Keil.STM32F0xx_DFP.2.1.0
                STMicroelectronics STM32F0 Series Device Support, Drivers and Examples

<h2>Collection of Component include folders:</h2>
  .\RTE\_Target
  e:\Keil_v5\ARM\PACK\Keil\STM32F0xx_DFP\2.1.0\Drivers\CMSIS\Device\ST\STM32F0xx\Include

<h2>Collection of Component Files used:</h2>
Build Time Elapsed:  00:00:55
</pre>
</body>
</html>
